3.9.21 (main, Dec  5 2024, 00:00:00) 
[GCC 11.5.0 20240719 (Red Hat 11.5.0-2)]
[('09/15/2022', 1500000, 'primary-maxmin', 57160, 86399, 10, 10, 10)]
slurm cores:  15
num_workers:  1
Process ForkPoolWorker-1 started at 01:39:35 with params: ('09/15/2022', 1500000, 'primary-maxmin', 57160, 86399, 10, 10, 10)
t:  57160
t:  57170
t:  57180
t:  57190
t:  57200
t:  57210
t:  57220
t:  57230
t:  57240
t:  57250
t:  57260
t:  57270
t:  57280
t:  57290
t:  57300
t:  57310
t:  57320
t:  57330
t:  57340
t:  57350
t:  57360
t:  57370
t:  57380
t:  57390
t:  57400
t:  57410
t:  57420
t:  57430
t:  57440
t:  57450
t:  57460
t:  57470
t:  57480
t:  57490
t:  57500
t:  57510
t:  57520
t:  57530
t:  57540
t:  57550
t:  57560
t:  57570
t:  57580
t:  57590
t:  57600
t:  57610
t:  57620
t:  57630
t:  57640
t:  57650
t:  57660
t:  57670
t:  57680
t:  57690
t:  57700
t:  57710
t:  57720
t:  57730
t:  57740
t:  57750
t:  57760
t:  57770
t:  57780
t:  57790
t:  57800
t:  57810
t:  57820
t:  57830
t:  57840
t:  57850
t:  57860
t:  57870
t:  57880
t:  57890
t:  57900
t:  57910
t:  57920
t:  57930
t:  57940
t:  57950
t:  57960
t:  57970
t:  57980
t:  57990
t:  58000
t:  58010
t:  58020
t:  58030
t:  58040
t:  58050
t:  58060
t:  58070
t:  58080
t:  58090
t:  58100
t:  58110
t:  58120
t:  58130
t:  58140
t:  58150
t:  58160
t:  58170
t:  58180
t:  58190
t:  58200
t:  58210
t:  58220
t:  58230
t:  58240
t:  58250
t:  58260
t:  58270
t:  58280
t:  58290
t:  58300
t:  58310
t:  58320
t:  58330
t:  58340
t:  58350
t:  58360
t:  58370
t:  58380
t:  58390
t:  58400
t:  58410
t:  58420
t:  58430
t:  58440
t:  58450
t:  58460
t:  58470
t:  58480
t:  58490
t:  58500
t:  58510
t:  58520
t:  58530
t:  58540
t:  58550
t:  58560
t:  58570
t:  58580
t:  58590
t:  58600
t:  58610
t:  58620
t:  58630
t:  58640
t:  58650
t:  58660
t:  58670
t:  58680
t:  58690
t:  58700
t:  58710
t:  58720
t:  58730
t:  58740
t:  58750
t:  58760
t:  58770
t:  58780
t:  58790
t:  58800
t:  58810
t:  58820
t:  58830
t:  58840
t:  58850
t:  58860
t:  58870
t:  58880
t:  58890
t:  58900
t:  58910
t:  58920
t:  58930
t:  58940
t:  58950
t:  58960
t:  58970
t:  58980
t:  58990
t:  59000
t:  59010
t:  59020
t:  59030
t:  59040
t:  59050
t:  59060
t:  59070
t:  59080
t:  59090
t:  59100
t:  59110
t:  59120
t:  59130
t:  59140
t:  59150
t:  59160
t:  59170
t:  59180
t:  59190
t:  59200
t:  59210
t:  59220
t:  59230
t:  59240
t:  59250
t:  59260
t:  59270
t:  59280
t:  59290
t:  59300
t:  59310
t:  59320
t:  59330
t:  59340
t:  59350
t:  59360
t:  59370
t:  59380
t:  59390
t:  59400
t:  59410
t:  59420
t:  59430
t:  59440
t:  59450
t:  59460
t:  59470
t:  59480
t:  59490
t:  59500
t:  59510
t:  59520
t:  59530
t:  59540
t:  59550
t:  59560
t:  59570
t:  59580
t:  59590
t:  59600
t:  59610
t:  59620
t:  59630
t:  59640
t:  59650
t:  59660
t:  59670
t:  59680
t:  59690
t:  59700
t:  59710
t:  59720
t:  59730
t:  59740
t:  59750
t:  59760
t:  59770
t:  59780
t:  59790
t:  59800
t:  59810
t:  59820
t:  59830
t:  59840
t:  59850
t:  59860
t:  59870
t:  59880
t:  59890
t:  59900
t:  59910
t:  59920
t:  59930
t:  59940
t:  59950
t:  59960
t:  59970
t:  59980
t:  59990
t:  60000
t:  60010
t:  60020
t:  60030
t:  60040
t:  60050
t:  60060
t:  60070
t:  60080
t:  60090
t:  60100
t:  60110
t:  60120
t:  60130
t:  60140
t:  60150
t:  60160
t:  60170
t:  60180
t:  60190
t:  60200
t:  60210
t:  60220
t:  60230
t:  60240
t:  60250
t:  60260
t:  60270
t:  60280
t:  60290
t:  60300
t:  60310
t:  60320
t:  60330
t:  60340
t:  60350
t:  60360
t:  60370
t:  60380
t:  60390
t:  60400
t:  60410
t:  60420
t:  60430
t:  60440
t:  60450
t:  60460
t:  60470
t:  60480
t:  60490
t:  60500
t:  60510
t:  60520
t:  60530
t:  60540
t:  60550
t:  60560
t:  60570
t:  60580
t:  60590
t:  60600
t:  60610
t:  60620
t:  60630
t:  60640
t:  60650
t:  60660
t:  60670
t:  60680
t:  60690
t:  60700
t:  60710
t:  60720
t:  60730
t:  60740
t:  60750
t:  60760
t:  60770
t:  60780
t:  60790
t:  60800
t:  60810
t:  60820
t:  60830
t:  60840
t:  60850
t:  60860
t:  60870
t:  60880
t:  60890
t:  60900
t:  60910
t:  60920
t:  60930
t:  60940
t:  60950
t:  60960
t:  60970
t:  60980
t:  60990
t:  61000
t:  61010
t:  61020
t:  61030
t:  61040
t:  61050
t:  61060
t:  61070
t:  61080
t:  61090
t:  61100
t:  61110
t:  61120
t:  61130
t:  61140
t:  61150
t:  61160
t:  61170
t:  61180
t:  61190
t:  61200
t:  61210
t:  61220
t:  61230
t:  61240
t:  61250
t:  61260
t:  61270
t:  61280
t:  61290
t:  61300
t:  61310
t:  61320
t:  61330
t:  61340
t:  61350
t:  61360
t:  61370
t:  61380
t:  61390
t:  61400
t:  61410
t:  61420
t:  61430
t:  61440
t:  61450
t:  61460
t:  61470
t:  61480
t:  61490
t:  61500
t:  61510
t:  61520
t:  61530
t:  61540
t:  61550
t:  61560
t:  61570
t:  61580
t:  61590
t:  61600
t:  61610
t:  61620
t:  61630
t:  61640
t:  61650
t:  61660
t:  61670
t:  61680
t:  61690
t:  61700
t:  61710
t:  61720
t:  61730
t:  61740
t:  61750
t:  61760
t:  61770
t:  61780
t:  61790
t:  61800
t:  61810
t:  61820
t:  61830
t:  61840
t:  61850
t:  61860
t:  61870
t:  61880
t:  61890
t:  61900
t:  61910
t:  61920
t:  61930
t:  61940
t:  61950
t:  61960
t:  61970
t:  61980
t:  61990
t:  62000
t:  62010
t:  62020
t:  62030
t:  62040
t:  62050
t:  62060
t:  62070
t:  62080
t:  62090
t:  62100
t:  62110
t:  62120
t:  62130
t:  62140
t:  62150
t:  62160
t:  62170
t:  62180
t:  62190
t:  62200
t:  62210
t:  62220
t:  62230
t:  62240
t:  62250
t:  62260
t:  62270
t:  62280
t:  62290
t:  62300
t:  62310
t:  62320
t:  62330
t:  62340
t:  62350
t:  62360
t:  62370
t:  62380
t:  62390
t:  62400
t:  62410
t:  62420
t:  62430
t:  62440
t:  62450
t:  62460
t:  62470
t:  62480
t:  62490
t:  62500
t:  62510
t:  62520
t:  62530
t:  62540
t:  62550
t:  62560
t:  62570
t:  62580
t:  62590
t:  62600
t:  62610
t:  62620
t:  62630
t:  62640
t:  62650
t:  62660
t:  62670
t:  62680
t:  62690
t:  62700
t:  62710
t:  62720
t:  62730
t:  62740
t:  62750
t:  62760
t:  62770
t:  62780
t:  62790
t:  62800
t:  62810
t:  62820
t:  62830
t:  62840
t:  62850
t:  62860
t:  62870
t:  62880
t:  62890
t:  62900
t:  62910
t:  62920
t:  62930
t:  62940
t:  62950
t:  62960
t:  62970
t:  62980
t:  62990
t:  63000
t:  63010
t:  63020
t:  63030
t:  63040
t:  63050
t:  63060
t:  63070
t:  63080
t:  63090
t:  63100
t:  63110
t:  63120
t:  63130
t:  63140
t:  63150
t:  63160
t:  63170
t:  63180
t:  63190
t:  63200
t:  63210
t:  63220
t:  63230
t:  63240
t:  63250
t:  63260
t:  63270
t:  63280
t:  63290
t:  63300
t:  63310
t:  63320
t:  63330
t:  63340
t:  63350
t:  63360
t:  63370
t:  63380
t:  63390
t:  63400
t:  63410
t:  63420
t:  63430
t:  63440
t:  63450
t:  63460
t:  63470
t:  63480
t:  63490
t:  63500
t:  63510
t:  63520
t:  63530
t:  63540
t:  63550
t:  63560
t:  63570
t:  63580
t:  63590
t:  63600
t:  63610
t:  63620
t:  63630
t:  63640
t:  63650
t:  63660
t:  63670
t:  63680
t:  63690
t:  63700
t:  63710
t:  63720
t:  63730
t:  63740
t:  63750
t:  63760
t:  63770
t:  63780
t:  63790
t:  63800
t:  63810
t:  63820
t:  63830
t:  63840
t:  63850
t:  63860
t:  63870
t:  63880
t:  63890
t:  63900
t:  63910
t:  63920
t:  63930
t:  63940
t:  63950
t:  63960
t:  63970
t:  63980
t:  63990
t:  64000
t:  64010
t:  64020
t:  64030
t:  64040
t:  64050
t:  64060
t:  64070
t:  64080
t:  64090
t:  64100
t:  64110
t:  64120
t:  64130
t:  64140
t:  64150
t:  64160
t:  64170
t:  64180
t:  64190
t:  64200
t:  64210
t:  64220
t:  64230
t:  64240
t:  64250
t:  64260
t:  64270
t:  64280
t:  64290
t:  64300
t:  64310
t:  64320
t:  64330
t:  64340
t:  64350
t:  64360
t:  64370
t:  64380
t:  64390
t:  64400
t:  64410
t:  64420
t:  64430
t:  64440
t:  64450
t:  64460
t:  64470
t:  64480
t:  64490
t:  64500
t:  64510
t:  64520
t:  64530
t:  64540
t:  64550
t:  64560
t:  64570
t:  64580
t:  64590
t:  64600
t:  64610
t:  64620
t:  64630
t:  64640
t:  64650
t:  64660
t:  64670
t:  64680
t:  64690
t:  64700
t:  64710
t:  64720
t:  64730
t:  64740
t:  64750
t:  64760
t:  64770
t:  64780
t:  64790
t:  64800
t:  64810
t:  64820
t:  64830
t:  64840
t:  64850
t:  64860
t:  64870
t:  64880
t:  64890
t:  64900
t:  64910
t:  64920
t:  64930
t:  64940
t:  64950
t:  64960
t:  64970
t:  64980
t:  64990
t:  65000
t:  65010
t:  65020
t:  65030
t:  65040
t:  65050
t:  65060
t:  65070
t:  65080
t:  65090
t:  65100
t:  65110
t:  65120
t:  65130
t:  65140
t:  65150
t:  65160
t:  65170
t:  65180
t:  65190
t:  65200
t:  65210
t:  65220
t:  65230
t:  65240
t:  65250
t:  65260
t:  65270
t:  65280
t:  65290
t:  65300
t:  65310
t:  65320
t:  65330
t:  65340
t:  65350
t:  65360
t:  65370
t:  65380
t:  65390
t:  65400
t:  65410
t:  65420
t:  65430
t:  65440
t:  65450
t:  65460
t:  65470
t:  65480
t:  65490
t:  65500
t:  65510
t:  65520
t:  65530
t:  65540
t:  65550
t:  65560
t:  65570
t:  65580
t:  65590
t:  65600
t:  65610
t:  65620
t:  65630
t:  65640
t:  65650
t:  65660
t:  65670
t:  65680
t:  65690
t:  65700
t:  65710
t:  65720
t:  65730
t:  65740
t:  65750
t:  65760
t:  65770
slurmstepd-chpc076: error: *** JOB 4948013 ON chpc076 CANCELLED AT 2025-03-07T01:40:01 DUE TO TIME LIMIT ***
