3.9.21 (main, Dec  5 2024, 00:00:00) 
[GCC 11.5.0 20240719 (Red Hat 11.5.0-2)]
[('09/15/2022', 500000, 'primary-ratesum', 0, 43199, 10, 10, 10), ('09/15/2022', 500000, 'primary-maxmin', 0, 43199, 10, 10, 10)]
8
Process ForkPoolWorker-2 started at 05:48:02 with params: ('09/15/2022', 500000, 'primary-maxmin', 0, 43199, 10, 10, 10)
t:  0
Process ForkPoolWorker-1 started at 05:48:02 with params: ('09/15/2022', 500000, 'primary-ratesum', 0, 43199, 10, 10, 10)
t:  0
t:  10
t:  20
t:  10
t:  30
t:  20
t:  40
t:  50
t:  60
t:  30
t:  70
t:  80
t:  90
t:  40
t:  100
t:  110
t:  120
t:  130
t:  50
t:  140
t:  150
t:  160
t:  60
t:  170
t:  180
t:  70
t:  190
t:  200
t:  210
t:  80
t:  220
slurmstepd-chpc037: error: *** JOB 3490156 ON chpc037 CANCELLED AT 2025-02-17T05:49:36 ***
