3.9.21 (main, Dec  5 2024, 00:00:00) 
[GCC 11.5.0 20240719 (Red Hat 11.5.0-2)]
[('09/15/2022', 1000000, 'primary-maxmin', 23680, 86399, 10, 10, 10)]
slurm cores:  8
num_workers:  1
Process ForkPoolWorker-1 started at 20:23:24 with params: ('09/15/2022', 1000000, 'primary-maxmin', 23680, 86399, 10, 10, 10)
t:  23680
t:  23690
t:  23700
t:  23710
t:  23720
t:  23730
t:  23740
t:  23750
t:  23760
t:  23770
t:  23780
t:  23790
t:  23800
t:  23810
t:  23820
t:  23830
t:  23840
t:  23850
t:  23860
t:  23870
t:  23880
t:  23890
t:  23900
t:  23910
t:  23920
t:  23930
t:  23940
t:  23950
t:  23960
t:  23970
t:  23980
t:  23990
t:  24000
t:  24010
t:  24020
t:  24030
t:  24040
t:  24050
t:  24060
t:  24070
t:  24080
t:  24090
t:  24100
t:  24110
t:  24120
t:  24130
t:  24140
t:  24150
t:  24160
t:  24170
t:  24180
t:  24190
t:  24200
t:  24210
t:  24220
t:  24230
t:  24240
t:  24250
t:  24260
t:  24270
t:  24280
t:  24290
t:  24300
t:  24310
t:  24320
t:  24330
t:  24340
t:  24350
t:  24360
t:  24370
t:  24380
t:  24390
t:  24400
t:  24410
t:  24420
t:  24430
t:  24440
t:  24450
t:  24460
t:  24470
t:  24480
t:  24490
t:  24500
t:  24510
t:  24520
t:  24530
t:  24540
t:  24550
t:  24560
t:  24570
t:  24580
t:  24590
t:  24600
t:  24610
t:  24620
t:  24630
t:  24640
t:  24650
t:  24660
t:  24670
t:  24680
t:  24690
t:  24700
t:  24710
t:  24720
t:  24730
t:  24740
t:  24750
t:  24760
t:  24770
t:  24780
t:  24790
t:  24800
t:  24810
t:  24820
t:  24830
t:  24840
t:  24850
t:  24860
t:  24870
t:  24880
t:  24890
t:  24900
t:  24910
t:  24920
t:  24930
t:  24940
t:  24950
t:  24960
t:  24970
t:  24980
t:  24990
t:  25000
t:  25010
t:  25020
t:  25030
t:  25040
t:  25050
t:  25060
t:  25070
t:  25080
t:  25090
t:  25100
t:  25110
t:  25120
t:  25130
t:  25140
t:  25150
t:  25160
t:  25170
t:  25180
t:  25190
t:  25200
t:  25210
t:  25220
t:  25230
t:  25240
t:  25250
t:  25260
t:  25270
t:  25280
t:  25290
t:  25300
t:  25310
t:  25320
t:  25330
t:  25340
t:  25350
t:  25360
t:  25370
t:  25380
t:  25390
t:  25400
t:  25410
t:  25420
t:  25430
t:  25440
t:  25450
t:  25460
t:  25470
t:  25480
t:  25490
t:  25500
t:  25510
t:  25520
t:  25530
t:  25540
t:  25550
t:  25560
t:  25570
t:  25580
t:  25590
t:  25600
t:  25610
t:  25620
t:  25630
t:  25640
t:  25650
t:  25660
t:  25670
t:  25680
t:  25690
t:  25700
t:  25710
t:  25720
t:  25730
t:  25740
t:  25750
t:  25760
t:  25770
t:  25780
t:  25790
t:  25800
t:  25810
t:  25820
t:  25830
t:  25840
t:  25850
t:  25860
t:  25870
t:  25880
t:  25890
t:  25900
t:  25910
t:  25920
t:  25930
t:  25940
t:  25950
t:  25960
t:  25970
t:  25980
t:  25990
t:  26000
t:  26010
t:  26020
t:  26030
t:  26040
t:  26050
t:  26060
t:  26070
t:  26080
t:  26090
t:  26100
t:  26110
t:  26120
t:  26130
t:  26140
t:  26150
t:  26160
t:  26170
t:  26180
t:  26190
t:  26200
t:  26210
t:  26220
t:  26230
t:  26240
t:  26250
t:  26260
t:  26270
t:  26280
t:  26290
t:  26300
t:  26310
t:  26320
t:  26330
t:  26340
t:  26350
t:  26360
t:  26370
t:  26380
t:  26390
t:  26400
t:  26410
t:  26420
t:  26430
t:  26440
t:  26450
t:  26460
t:  26470
t:  26480
t:  26490
t:  26500
t:  26510
t:  26520
t:  26530
t:  26540
t:  26550
t:  26560
t:  26570
t:  26580
t:  26590
t:  26600
t:  26610
t:  26620
t:  26630
t:  26640
t:  26650
t:  26660
t:  26670
t:  26680
t:  26690
t:  26700
t:  26710
t:  26720
t:  26730
t:  26740
t:  26750
t:  26760
t:  26770
t:  26780
t:  26790
t:  26800
t:  26810
t:  26820
t:  26830
t:  26840
t:  26850
t:  26860
t:  26870
t:  26880
t:  26890
t:  26900
t:  26910
t:  26920
t:  26930
t:  26940
t:  26950
t:  26960
t:  26970
t:  26980
t:  26990
t:  27000
t:  27010
t:  27020
t:  27030
t:  27040
t:  27050
t:  27060
t:  27070
t:  27080
t:  27090
t:  27100
t:  27110
t:  27120
t:  27130
t:  27140
t:  27150
t:  27160
t:  27170
t:  27180
t:  27190
t:  27200
t:  27210
t:  27220
t:  27230
t:  27240
t:  27250
t:  27260
t:  27270
t:  27280
t:  27290
t:  27300
t:  27310
t:  27320
t:  27330
t:  27340
t:  27350
t:  27360
t:  27370
t:  27380
t:  27390
t:  27400
t:  27410
t:  27420
t:  27430
t:  27440
t:  27450
t:  27460
t:  27470
t:  27480
t:  27490
t:  27500
t:  27510
t:  27520
t:  27530
t:  27540
t:  27550
t:  27560
t:  27570
t:  27580
t:  27590
t:  27600
t:  27610
t:  27620
t:  27630
t:  27640
t:  27650
t:  27660
t:  27670
t:  27680
t:  27690
t:  27700
t:  27710
t:  27720
t:  27730
t:  27740
t:  27750
t:  27760
t:  27770
t:  27780
t:  27790
t:  27800
t:  27810
t:  27820
t:  27830
t:  27840
t:  27850
t:  27860
t:  27870
t:  27880
t:  27890
t:  27900
t:  27910
t:  27920
t:  27930
t:  27940
t:  27950
t:  27960
t:  27970
t:  27980
t:  27990
t:  28000
t:  28010
t:  28020
t:  28030
t:  28040
t:  28050
t:  28060
t:  28070
t:  28080
t:  28090
t:  28100
t:  28110
t:  28120
t:  28130
t:  28140
t:  28150
t:  28160
t:  28170
t:  28180
t:  28190
t:  28200
t:  28210
t:  28220
t:  28230
t:  28240
t:  28250
t:  28260
t:  28270
t:  28280
t:  28290
t:  28300
t:  28310
t:  28320
t:  28330
t:  28340
t:  28350
t:  28360
t:  28370
t:  28380
t:  28390
t:  28400
t:  28410
t:  28420
t:  28430
t:  28440
t:  28450
t:  28460
t:  28470
t:  28480
t:  28490
t:  28500
t:  28510
t:  28520
t:  28530
t:  28540
t:  28550
t:  28560
t:  28570
t:  28580
t:  28590
t:  28600
t:  28610
t:  28620
t:  28630
t:  28640
t:  28650
t:  28660
t:  28670
t:  28680
t:  28690
t:  28700
t:  28710
t:  28720
t:  28730
t:  28740
t:  28750
t:  28760
t:  28770
t:  28780
t:  28790
t:  28800
t:  28810
t:  28820
t:  28830
t:  28840
t:  28850
t:  28860
t:  28870
t:  28880
t:  28890
t:  28900
t:  28910
t:  28920
t:  28930
t:  28940
t:  28950
t:  28960
t:  28970
t:  28980
t:  28990
t:  29000
t:  29010
t:  29020
t:  29030
t:  29040
t:  29050
t:  29060
t:  29070
t:  29080
t:  29090
t:  29100
t:  29110
t:  29120
t:  29130
t:  29140
t:  29150
t:  29160
t:  29170
t:  29180
t:  29190
t:  29200
t:  29210
t:  29220
t:  29230
t:  29240
t:  29250
t:  29260
t:  29270
t:  29280
t:  29290
t:  29300
t:  29310
t:  29320
t:  29330
t:  29340
t:  29350
t:  29360
t:  29370
t:  29380
t:  29390
t:  29400
t:  29410
t:  29420
t:  29430
t:  29440
t:  29450
t:  29460
t:  29470
t:  29480
t:  29490
t:  29500
t:  29510
t:  29520
t:  29530
t:  29540
t:  29550
t:  29560
t:  29570
t:  29580
t:  29590
t:  29600
t:  29610
t:  29620
t:  29630
t:  29640
t:  29650
t:  29660
t:  29670
t:  29680
t:  29690
t:  29700
t:  29710
t:  29720
t:  29730
t:  29740
t:  29750
t:  29760
t:  29770
t:  29780
t:  29790
t:  29800
t:  29810
t:  29820
t:  29830
t:  29840
t:  29850
t:  29860
t:  29870
t:  29880
t:  29890
t:  29900
t:  29910
t:  29920
t:  29930
t:  29940
t:  29950
t:  29960
t:  29970
t:  29980
t:  29990
t:  30000
t:  30010
t:  30020
t:  30030
t:  30040
t:  30050
t:  30060
t:  30070
t:  30080
t:  30090
t:  30100
t:  30110
t:  30120
t:  30130
t:  30140
t:  30150
t:  30160
t:  30170
t:  30180
t:  30190
t:  30200
t:  30210
t:  30220
t:  30230
t:  30240
t:  30250
t:  30260
t:  30270
t:  30280
t:  30290
t:  30300
t:  30310
t:  30320
t:  30330
t:  30340
t:  30350
t:  30360
t:  30370
t:  30380
t:  30390
t:  30400
t:  30410
t:  30420
t:  30430
t:  30440
t:  30450
t:  30460
t:  30470
t:  30480
t:  30490
t:  30500
t:  30510
t:  30520
t:  30530
t:  30540
t:  30550
t:  30560
t:  30570
t:  30580
t:  30590
t:  30600
t:  30610
t:  30620
t:  30630
t:  30640
t:  30650
t:  30660
t:  30670
t:  30680
t:  30690
t:  30700
t:  30710
t:  30720
t:  30730
t:  30740
t:  30750
t:  30760
t:  30770
t:  30780
t:  30790
t:  30800
t:  30810
t:  30820
t:  30830
t:  30840
t:  30850
t:  30860
t:  30870
t:  30880
t:  30890
t:  30900
t:  30910
t:  30920
t:  30930
t:  30940
t:  30950
t:  30960
t:  30970
t:  30980
t:  30990
t:  31000
t:  31010
t:  31020
t:  31030
t:  31040
t:  31050
t:  31060
t:  31070
t:  31080
t:  31090
t:  31100
t:  31110
t:  31120
t:  31130
t:  31140
t:  31150
t:  31160
t:  31170
t:  31180
t:  31190
t:  31200
t:  31210
t:  31220
t:  31230
t:  31240
t:  31250
t:  31260
t:  31270
t:  31280
t:  31290
t:  31300
t:  31310
t:  31320
t:  31330
t:  31340
t:  31350
t:  31360
t:  31370
t:  31380
t:  31390
t:  31400
t:  31410
t:  31420
t:  31430
t:  31440
t:  31450
t:  31460
t:  31470
t:  31480
t:  31490
t:  31500
t:  31510
t:  31520
t:  31530
t:  31540
t:  31550
t:  31560
t:  31570
t:  31580
t:  31590
t:  31600
t:  31610
t:  31620
t:  31630
t:  31640
t:  31650
t:  31660
t:  31670
t:  31680
t:  31690
t:  31700
t:  31710
t:  31720
t:  31730
t:  31740
t:  31750
t:  31760
t:  31770
t:  31780
t:  31790
t:  31800
t:  31810
t:  31820
t:  31830
t:  31840
t:  31850
t:  31860
t:  31870
t:  31880
t:  31890
t:  31900
t:  31910
t:  31920
t:  31930
t:  31940
t:  31950
t:  31960
t:  31970
t:  31980
t:  31990
t:  32000
t:  32010
t:  32020
t:  32030
t:  32040
t:  32050
t:  32060
t:  32070
t:  32080
t:  32090
t:  32100
t:  32110
t:  32120
t:  32130
t:  32140
t:  32150
t:  32160
t:  32170
t:  32180
t:  32190
t:  32200
t:  32210
t:  32220
t:  32230
t:  32240
t:  32250
t:  32260
t:  32270
t:  32280
t:  32290
t:  32300
t:  32310
t:  32320
t:  32330
t:  32340
t:  32350
t:  32360
t:  32370
t:  32380
t:  32390
t:  32400
t:  32410
t:  32420
t:  32430
t:  32440
t:  32450
t:  32460
t:  32470
t:  32480
t:  32490
t:  32500
t:  32510
t:  32520
t:  32530
t:  32540
t:  32550
t:  32560
t:  32570
t:  32580
t:  32590
t:  32600
t:  32610
t:  32620
t:  32630
t:  32640
t:  32650
t:  32660
t:  32670
t:  32680
t:  32690
t:  32700
t:  32710
t:  32720
t:  32730
t:  32740
t:  32750
t:  32760
t:  32770
t:  32780
t:  32790
t:  32800
t:  32810
t:  32820
t:  32830
t:  32840
t:  32850
t:  32860
t:  32870
t:  32880
t:  32890
t:  32900
t:  32910
t:  32920
t:  32930
t:  32940
t:  32950
t:  32960
t:  32970
t:  32980
t:  32990
t:  33000
t:  33010
t:  33020
t:  33030
t:  33040
t:  33050
t:  33060
t:  33070
t:  33080
t:  33090
t:  33100
t:  33110
t:  33120
t:  33130
t:  33140
t:  33150
t:  33160
t:  33170
t:  33180
t:  33190
t:  33200
t:  33210
t:  33220
t:  33230
t:  33240
t:  33250
t:  33260
t:  33270
t:  33280
t:  33290
t:  33300
t:  33310
t:  33320
t:  33330
t:  33340
t:  33350
t:  33360
t:  33370
t:  33380
t:  33390
t:  33400
t:  33410
t:  33420
t:  33430
t:  33440
t:  33450
t:  33460
t:  33470
t:  33480
t:  33490
t:  33500
t:  33510
t:  33520
t:  33530
t:  33540
t:  33550
t:  33560
t:  33570
t:  33580
t:  33590
t:  33600
t:  33610
t:  33620
t:  33630
t:  33640
t:  33650
t:  33660
t:  33670
t:  33680
t:  33690
t:  33700
t:  33710
t:  33720
t:  33730
t:  33740
t:  33750
t:  33760
t:  33770
t:  33780
t:  33790
t:  33800
t:  33810
t:  33820
t:  33830
t:  33840
t:  33850
t:  33860
t:  33870
t:  33880
t:  33890
t:  33900
t:  33910
t:  33920
t:  33930
t:  33940
t:  33950
t:  33960
t:  33970
t:  33980
t:  33990
t:  34000
t:  34010
t:  34020
t:  34030
t:  34040
t:  34050
t:  34060
t:  34070
t:  34080
t:  34090
t:  34100
t:  34110
t:  34120
t:  34130
t:  34140
t:  34150
t:  34160
t:  34170
t:  34180
t:  34190
t:  34200
t:  34210
t:  34220
t:  34230
t:  34240
t:  34250
t:  34260
t:  34270
t:  34280
t:  34290
t:  34300
t:  34310
t:  34320
t:  34330
t:  34340
t:  34350
t:  34360
t:  34370
t:  34380
t:  34390
t:  34400
t:  34410
t:  34420
t:  34430
t:  34440
t:  34450
t:  34460
t:  34470
t:  34480
t:  34490
t:  34500
t:  34510
t:  34520
t:  34530
t:  34540
t:  34550
t:  34560
t:  34570
t:  34580
t:  34590
t:  34600
t:  34610
t:  34620
t:  34630
t:  34640
t:  34650
t:  34660
t:  34670
t:  34680
t:  34690
t:  34700
t:  34710
t:  34720
t:  34730
t:  34740
t:  34750
t:  34760
t:  34770
t:  34780
t:  34790
t:  34800
t:  34810
t:  34820
t:  34830
t:  34840
t:  34850
t:  34860
t:  34870
t:  34880
t:  34890
t:  34900
t:  34910
t:  34920
t:  34930
t:  34940
t:  34950
t:  34960
t:  34970
t:  34980
t:  34990
t:  35000
t:  35010
t:  35020
t:  35030
t:  35040
t:  35050
t:  35060
t:  35070
t:  35080
t:  35090
t:  35100
t:  35110
t:  35120
t:  35130
t:  35140
t:  35150
t:  35160
t:  35170
t:  35180
t:  35190
t:  35200
t:  35210
t:  35220
t:  35230
t:  35240
t:  35250
t:  35260
t:  35270
t:  35280
t:  35290
t:  35300
t:  35310
t:  35320
t:  35330
t:  35340
t:  35350
t:  35360
t:  35370
t:  35380
t:  35390
t:  35400
t:  35410
t:  35420
t:  35430
t:  35440
t:  35450
t:  35460
t:  35470
t:  35480
t:  35490
t:  35500
t:  35510
t:  35520
t:  35530
t:  35540
t:  35550
t:  35560
t:  35570
t:  35580
t:  35590
t:  35600
t:  35610
t:  35620
t:  35630
t:  35640
t:  35650
t:  35660
t:  35670
t:  35680
t:  35690
t:  35700
t:  35710
t:  35720
t:  35730
t:  35740
t:  35750
t:  35760
t:  35770
t:  35780
t:  35790
t:  35800
t:  35810
t:  35820
t:  35830
t:  35840
t:  35850
t:  35860
t:  35870
t:  35880
t:  35890
t:  35900
t:  35910
t:  35920
t:  35930
t:  35940
t:  35950
t:  35960
t:  35970
t:  35980
t:  35990
t:  36000
t:  36010
t:  36020
t:  36030
t:  36040
t:  36050
t:  36060
t:  36070
t:  36080
t:  36090
t:  36100
t:  36110
t:  36120
t:  36130
t:  36140
t:  36150
t:  36160
t:  36170
t:  36180
t:  36190
t:  36200
t:  36210
t:  36220
t:  36230
t:  36240
t:  36250
t:  36260
t:  36270
t:  36280
t:  36290
t:  36300
t:  36310
t:  36320
t:  36330
t:  36340
t:  36350
t:  36360
t:  36370
t:  36380
t:  36390
t:  36400
t:  36410
t:  36420
t:  36430
t:  36440
t:  36450
t:  36460
t:  36470
t:  36480
t:  36490
t:  36500
t:  36510
t:  36520
t:  36530
t:  36540
t:  36550
t:  36560
t:  36570
t:  36580
t:  36590
t:  36600
t:  36610
t:  36620
t:  36630
t:  36640
t:  36650
t:  36660
t:  36670
t:  36680
t:  36690
t:  36700
t:  36710
t:  36720
t:  36730
t:  36740
t:  36750
t:  36760
t:  36770
t:  36780
t:  36790
t:  36800
t:  36810
t:  36820
t:  36830
t:  36840
t:  36850
t:  36860
t:  36870
t:  36880
t:  36890
t:  36900
t:  36910
t:  36920
t:  36930
t:  36940
t:  36950
t:  36960
t:  36970
t:  36980
t:  36990
t:  37000
t:  37010
t:  37020
t:  37030
t:  37040
t:  37050
t:  37060
t:  37070
t:  37080
t:  37090
t:  37100
t:  37110
t:  37120
t:  37130
t:  37140
t:  37150
t:  37160
t:  37170
t:  37180
t:  37190
t:  37200
t:  37210
t:  37220
t:  37230
t:  37240
t:  37250
t:  37260
t:  37270
t:  37280
t:  37290
t:  37300
t:  37310
t:  37320
t:  37330
t:  37340
t:  37350
t:  37360
t:  37370
t:  37380
t:  37390
t:  37400
t:  37410
t:  37420
t:  37430
t:  37440
t:  37450
t:  37460
t:  37470
t:  37480
t:  37490
t:  37500
t:  37510
t:  37520
t:  37530
t:  37540
t:  37550
t:  37560
t:  37570
t:  37580
t:  37590
t:  37600
t:  37610
t:  37620
t:  37630
t:  37640
t:  37650
t:  37660
t:  37670
t:  37680
t:  37690
t:  37700
t:  37710
t:  37720
t:  37730
t:  37740
t:  37750
t:  37760
t:  37770
t:  37780
t:  37790
t:  37800
t:  37810
t:  37820
t:  37830
t:  37840
t:  37850
t:  37860
t:  37870
t:  37880
t:  37890
t:  37900
t:  37910
t:  37920
t:  37930
t:  37940
t:  37950
t:  37960
t:  37970
t:  37980
t:  37990
t:  38000
t:  38010
t:  38020
t:  38030
t:  38040
t:  38050
t:  38060
t:  38070
t:  38080
t:  38090
t:  38100
t:  38110
t:  38120
t:  38130
t:  38140
t:  38150
t:  38160
t:  38170
t:  38180
t:  38190
t:  38200
t:  38210
t:  38220
t:  38230
t:  38240
t:  38250
t:  38260
t:  38270
t:  38280
t:  38290
t:  38300
t:  38310
t:  38320
t:  38330
t:  38340
t:  38350
t:  38360
t:  38370
t:  38380
t:  38390
t:  38400
t:  38410
t:  38420
t:  38430
t:  38440
t:  38450
t:  38460
t:  38470
t:  38480
t:  38490
t:  38500
t:  38510
t:  38520
t:  38530
t:  38540
t:  38550
t:  38560
t:  38570
t:  38580
t:  38590
t:  38600
t:  38610
t:  38620
t:  38630
t:  38640
t:  38650
t:  38660
t:  38670
t:  38680
t:  38690
t:  38700
t:  38710
t:  38720
t:  38730
t:  38740
t:  38750
t:  38760
t:  38770
t:  38780
t:  38790
t:  38800
t:  38810
t:  38820
t:  38830
t:  38840
t:  38850
t:  38860
t:  38870
t:  38880
t:  38890
t:  38900
t:  38910
t:  38920
t:  38930
t:  38940
t:  38950
t:  38960
t:  38970
t:  38980
t:  38990
t:  39000
t:  39010
t:  39020
t:  39030
t:  39040
t:  39050
t:  39060
t:  39070
t:  39080
t:  39090
t:  39100
t:  39110
t:  39120
t:  39130
t:  39140
t:  39150
t:  39160
t:  39170
t:  39180
t:  39190
t:  39200
t:  39210
t:  39220
t:  39230
t:  39240
t:  39250
t:  39260
t:  39270
t:  39280
t:  39290
t:  39300
t:  39310
t:  39320
t:  39330
t:  39340
t:  39350
t:  39360
t:  39370
t:  39380
t:  39390
t:  39400
t:  39410
t:  39420
t:  39430
t:  39440
t:  39450
t:  39460
t:  39470
t:  39480
t:  39490
t:  39500
t:  39510
t:  39520
t:  39530
t:  39540
t:  39550
t:  39560
t:  39570
t:  39580
t:  39590
t:  39600
t:  39610
t:  39620
t:  39630
t:  39640
t:  39650
t:  39660
t:  39670
t:  39680
t:  39690
t:  39700
t:  39710
t:  39720
t:  39730
t:  39740
t:  39750
t:  39760
t:  39770
t:  39780
t:  39790
t:  39800
t:  39810
t:  39820
t:  39830
t:  39840
t:  39850
t:  39860
t:  39870
t:  39880
t:  39890
t:  39900
t:  39910
t:  39920
t:  39930
t:  39940
t:  39950
t:  39960
t:  39970
t:  39980
t:  39990
t:  40000
t:  40010
t:  40020
t:  40030
t:  40040
t:  40050
t:  40060
t:  40070
t:  40080
t:  40090
t:  40100
t:  40110
t:  40120
t:  40130
t:  40140
t:  40150
t:  40160
t:  40170
t:  40180
t:  40190
t:  40200
t:  40210
t:  40220
t:  40230
t:  40240
t:  40250
t:  40260
t:  40270
t:  40280
t:  40290
t:  40300
t:  40310
t:  40320
t:  40330
t:  40340
t:  40350
t:  40360
t:  40370
t:  40380
t:  40390
t:  40400
t:  40410
t:  40420
t:  40430
t:  40440
t:  40450
t:  40460
t:  40470
t:  40480
t:  40490
t:  40500
t:  40510
t:  40520
t:  40530
t:  40540
t:  40550
t:  40560
t:  40570
t:  40580
t:  40590
t:  40600
t:  40610
t:  40620
t:  40630
t:  40640
t:  40650
t:  40660
t:  40670
t:  40680
t:  40690
t:  40700
t:  40710
t:  40720
t:  40730
t:  40740
t:  40750
t:  40760
t:  40770
t:  40780
t:  40790
t:  40800
t:  40810
t:  40820
t:  40830
t:  40840
t:  40850
t:  40860
t:  40870
t:  40880
t:  40890
t:  40900
t:  40910
t:  40920
t:  40930
t:  40940
t:  40950
t:  40960
t:  40970
t:  40980
t:  40990
t:  41000
t:  41010
t:  41020
t:  41030
t:  41040
t:  41050
t:  41060
t:  41070
t:  41080
t:  41090
t:  41100
t:  41110
t:  41120
t:  41130
t:  41140
t:  41150
t:  41160
t:  41170
t:  41180
t:  41190
t:  41200
t:  41210
t:  41220
t:  41230
t:  41240
t:  41250
t:  41260
t:  41270
t:  41280
t:  41290
t:  41300
t:  41310
t:  41320
t:  41330
t:  41340
t:  41350
t:  41360
t:  41370
t:  41380
t:  41390
t:  41400
t:  41410
t:  41420
t:  41430
t:  41440
t:  41450
t:  41460
t:  41470
t:  41480
t:  41490
t:  41500
t:  41510
t:  41520
t:  41530
t:  41540
t:  41550
t:  41560
t:  41570
t:  41580
t:  41590
t:  41600
t:  41610
t:  41620
t:  41630
t:  41640
t:  41650
t:  41660
t:  41670
t:  41680
t:  41690
t:  41700
t:  41710
t:  41720
t:  41730
t:  41740
t:  41750
t:  41760
t:  41770
t:  41780
t:  41790
t:  41800
t:  41810
t:  41820
t:  41830
t:  41840
t:  41850
t:  41860
t:  41870
t:  41880
t:  41890
t:  41900
t:  41910
t:  41920
t:  41930
t:  41940
t:  41950
t:  41960
t:  41970
t:  41980
t:  41990
t:  42000
t:  42010
t:  42020
t:  42030
t:  42040
t:  42050
t:  42060
t:  42070
t:  42080
t:  42090
t:  42100
t:  42110
t:  42120
t:  42130
t:  42140
t:  42150
t:  42160
t:  42170
t:  42180
t:  42190
t:  42200
t:  42210
t:  42220
t:  42230
t:  42240
t:  42250
t:  42260
t:  42270
t:  42280
t:  42290
t:  42300
t:  42310
t:  42320
t:  42330
t:  42340
t:  42350
t:  42360
t:  42370
t:  42380
t:  42390
t:  42400
t:  42410
t:  42420
t:  42430
t:  42440
t:  42450
t:  42460
t:  42470
t:  42480
t:  42490
t:  42500
t:  42510
t:  42520
t:  42530
t:  42540
t:  42550
t:  42560
t:  42570
t:  42580
t:  42590
t:  42600
t:  42610
t:  42620
t:  42630
t:  42640
t:  42650
t:  42660
t:  42670
t:  42680
t:  42690
t:  42700
t:  42710
t:  42720
t:  42730
t:  42740
t:  42750
t:  42760
t:  42770
t:  42780
t:  42790
t:  42800
t:  42810
t:  42820
t:  42830
t:  42840
t:  42850
t:  42860
t:  42870
t:  42880
t:  42890
t:  42900
t:  42910
t:  42920
t:  42930
t:  42940
t:  42950
t:  42960
t:  42970
t:  42980
t:  42990
t:  43000
t:  43010
t:  43020
t:  43030
t:  43040
t:  43050
t:  43060
t:  43070
t:  43080
t:  43090
t:  43100
t:  43110
t:  43120
t:  43130
t:  43140
t:  43150
t:  43160
t:  43170
t:  43180
t:  43190
t:  43200
t:  43210
t:  43220
t:  43230
t:  43240
t:  43250
t:  43260
t:  43270
t:  43280
t:  43290
t:  43300
t:  43310
t:  43320
t:  43330
t:  43340
t:  43350
t:  43360
t:  43370
t:  43380
t:  43390
t:  43400
t:  43410
t:  43420
t:  43430
t:  43440
t:  43450
t:  43460
t:  43470
t:  43480
t:  43490
t:  43500
t:  43510
t:  43520
t:  43530
t:  43540
t:  43550
t:  43560
t:  43570
t:  43580
t:  43590
t:  43600
t:  43610
t:  43620
t:  43630
t:  43640
t:  43650
t:  43660
t:  43670
t:  43680
t:  43690
t:  43700
t:  43710
t:  43720
t:  43730
t:  43740
t:  43750
t:  43760
t:  43770
t:  43780
t:  43790
t:  43800
t:  43810
t:  43820
t:  43830
t:  43840
t:  43850
t:  43860
t:  43870
t:  43880
t:  43890
t:  43900
t:  43910
t:  43920
t:  43930
t:  43940
t:  43950
t:  43960
t:  43970
t:  43980
t:  43990
t:  44000
t:  44010
t:  44020
t:  44030
t:  44040
t:  44050
t:  44060
t:  44070
t:  44080
t:  44090
t:  44100
t:  44110
t:  44120
t:  44130
t:  44140
t:  44150
t:  44160
t:  44170
t:  44180
t:  44190
t:  44200
t:  44210
t:  44220
t:  44230
t:  44240
t:  44250
t:  44260
t:  44270
t:  44280
t:  44290
t:  44300
t:  44310
t:  44320
t:  44330
t:  44340
t:  44350
t:  44360
t:  44370
t:  44380
t:  44390
t:  44400
t:  44410
t:  44420
t:  44430
t:  44440
t:  44450
t:  44460
t:  44470
t:  44480
t:  44490
t:  44500
t:  44510
t:  44520
t:  44530
t:  44540
t:  44550
t:  44560
t:  44570
t:  44580
t:  44590
t:  44600
t:  44610
t:  44620
t:  44630
t:  44640
t:  44650
t:  44660
t:  44670
t:  44680
t:  44690
t:  44700
t:  44710
t:  44720
t:  44730
t:  44740
t:  44750
t:  44760
t:  44770
t:  44780
t:  44790
t:  44800
t:  44810
t:  44820
t:  44830
t:  44840
t:  44850
t:  44860
t:  44870
t:  44880
t:  44890
t:  44900
t:  44910
t:  44920
t:  44930
t:  44940
t:  44950
t:  44960
t:  44970
t:  44980
t:  44990
t:  45000
t:  45010
t:  45020
t:  45030
t:  45040
t:  45050
t:  45060
t:  45070
t:  45080
t:  45090
t:  45100
t:  45110
t:  45120
t:  45130
t:  45140
t:  45150
t:  45160
t:  45170
t:  45180
t:  45190
t:  45200
t:  45210
t:  45220
t:  45230
t:  45240
t:  45250
t:  45260
t:  45270
t:  45280
t:  45290
t:  45300
t:  45310
t:  45320
t:  45330
t:  45340
t:  45350
t:  45360
t:  45370
t:  45380
t:  45390
t:  45400
t:  45410
t:  45420
t:  45430
t:  45440
t:  45450
t:  45460
t:  45470
t:  45480
t:  45490
t:  45500
t:  45510
t:  45520
t:  45530
t:  45540
t:  45550
t:  45560
t:  45570
t:  45580
t:  45590
t:  45600
t:  45610
t:  45620
t:  45630
t:  45640
t:  45650
t:  45660
t:  45670
t:  45680
t:  45690
t:  45700
t:  45710
t:  45720
t:  45730
t:  45740
t:  45750
t:  45760
t:  45770
t:  45780
t:  45790
t:  45800
t:  45810
t:  45820
t:  45830
t:  45840
t:  45850
t:  45860
t:  45870
t:  45880
t:  45890
t:  45900
t:  45910
t:  45920
t:  45930
t:  45940
t:  45950
t:  45960
t:  45970
t:  45980
t:  45990
t:  46000
t:  46010
t:  46020
t:  46030
t:  46040
t:  46050
t:  46060
t:  46070
t:  46080
t:  46090
t:  46100
t:  46110
t:  46120
t:  46130
t:  46140
t:  46150
t:  46160
t:  46170
t:  46180
t:  46190
t:  46200
t:  46210
t:  46220
t:  46230
t:  46240
slurmstepd-chpc092: error: *** JOB 4842517 ON chpc092 CANCELLED AT 2025-03-04T20:23:34 DUE TO TIME LIMIT ***
