3.9.21 (main, Dec  5 2024, 00:00:00) 
[GCC 11.5.0 20240719 (Red Hat 11.5.0-2)]
[('03/15/2022', 1000000, 'primary-maxmin', 0, 86399, 10, 10, 10)]
slurm cores:  15
num_workers:  1
Process ForkPoolWorker-1 started at 01:53:03 with params: ('03/15/2022', 1000000, 'primary-maxmin', 0, 86399, 10, 10, 10)
t:  0
t:  10
t:  20
t:  30
t:  40
t:  50
t:  60
t:  70
t:  80
t:  90
t:  100
t:  110
t:  120
t:  130
t:  140
t:  150
t:  160
t:  170
t:  180
t:  190
t:  200
t:  210
t:  220
t:  230
t:  240
t:  250
t:  260
t:  270
t:  280
t:  290
t:  300
t:  310
t:  320
t:  330
t:  340
t:  350
t:  360
t:  370
t:  380
t:  390
t:  400
t:  410
t:  420
t:  430
t:  440
t:  450
t:  460
t:  470
t:  480
t:  490
t:  500
t:  510
t:  520
t:  530
t:  540
t:  550
t:  560
t:  570
t:  580
t:  590
t:  600
t:  610
t:  620
t:  630
t:  640
t:  650
t:  660
t:  670
t:  680
t:  690
t:  700
t:  710
t:  720
t:  730
t:  740
t:  750
t:  760
t:  770
t:  780
t:  790
t:  800
t:  810
t:  820
t:  830
t:  840
t:  850
t:  860
t:  870
t:  880
t:  890
t:  900
t:  910
t:  920
t:  930
t:  940
t:  950
t:  960
t:  970
t:  980
t:  990
t:  1000
t:  1010
t:  1020
t:  1030
t:  1040
t:  1050
t:  1060
t:  1070
t:  1080
t:  1090
t:  1100
t:  1110
t:  1120
t:  1130
t:  1140
t:  1150
t:  1160
t:  1170
t:  1180
t:  1190
t:  1200
t:  1210
t:  1220
t:  1230
t:  1240
t:  1250
t:  1260
t:  1270
t:  1280
t:  1290
t:  1300
t:  1310
t:  1320
t:  1330
t:  1340
t:  1350
t:  1360
t:  1370
t:  1380
t:  1390
t:  1400
t:  1410
t:  1420
t:  1430
t:  1440
t:  1450
t:  1460
t:  1470
t:  1480
t:  1490
t:  1500
t:  1510
t:  1520
t:  1530
t:  1540
t:  1550
t:  1560
t:  1570
t:  1580
t:  1590
t:  1600
t:  1610
t:  1620
t:  1630
t:  1640
t:  1650
t:  1660
t:  1670
t:  1680
t:  1690
t:  1700
t:  1710
t:  1720
t:  1730
t:  1740
t:  1750
t:  1760
t:  1770
t:  1780
t:  1790
t:  1800
t:  1810
t:  1820
t:  1830
t:  1840
t:  1850
t:  1860
t:  1870
t:  1880
t:  1890
t:  1900
t:  1910
t:  1920
t:  1930
t:  1940
t:  1950
t:  1960
t:  1970
t:  1980
t:  1990
t:  2000
t:  2010
t:  2020
t:  2030
t:  2040
t:  2050
t:  2060
t:  2070
t:  2080
t:  2090
t:  2100
t:  2110
t:  2120
t:  2130
t:  2140
t:  2150
t:  2160
t:  2170
t:  2180
t:  2190
t:  2200
t:  2210
t:  2220
t:  2230
t:  2240
t:  2250
t:  2260
t:  2270
t:  2280
t:  2290
t:  2300
t:  2310
t:  2320
t:  2330
t:  2340
t:  2350
t:  2360
t:  2370
t:  2380
t:  2390
t:  2400
t:  2410
t:  2420
t:  2430
t:  2440
t:  2450
t:  2460
t:  2470
t:  2480
t:  2490
t:  2500
t:  2510
t:  2520
t:  2530
t:  2540
t:  2550
t:  2560
t:  2570
t:  2580
t:  2590
t:  2600
t:  2610
t:  2620
t:  2630
t:  2640
t:  2650
t:  2660
t:  2670
t:  2680
t:  2690
t:  2700
t:  2710
t:  2720
t:  2730
t:  2740
t:  2750
t:  2760
t:  2770
t:  2780
t:  2790
t:  2800
t:  2810
t:  2820
t:  2830
t:  2840
t:  2850
t:  2860
t:  2870
t:  2880
t:  2890
t:  2900
t:  2910
t:  2920
t:  2930
t:  2940
t:  2950
t:  2960
t:  2970
t:  2980
t:  2990
t:  3000
t:  3010
t:  3020
t:  3030
t:  3040
t:  3050
t:  3060
t:  3070
t:  3080
t:  3090
t:  3100
t:  3110
t:  3120
t:  3130
t:  3140
t:  3150
t:  3160
t:  3170
t:  3180
t:  3190
t:  3200
t:  3210
t:  3220
t:  3230
t:  3240
t:  3250
t:  3260
t:  3270
t:  3280
t:  3290
t:  3300
t:  3310
t:  3320
t:  3330
t:  3340
t:  3350
t:  3360
t:  3370
t:  3380
t:  3390
t:  3400
t:  3410
t:  3420
t:  3430
t:  3440
t:  3450
t:  3460
t:  3470
t:  3480
t:  3490
t:  3500
t:  3510
t:  3520
t:  3530
t:  3540
t:  3550
t:  3560
t:  3570
t:  3580
t:  3590
t:  3600
t:  3610
t:  3620
t:  3630
t:  3640
t:  3650
t:  3660
t:  3670
t:  3680
t:  3690
t:  3700
t:  3710
t:  3720
t:  3730
t:  3740
t:  3750
t:  3760
t:  3770
t:  3780
t:  3790
t:  3800
t:  3810
t:  3820
t:  3830
t:  3840
t:  3850
t:  3860
t:  3870
t:  3880
t:  3890
t:  3900
t:  3910
t:  3920
t:  3930
t:  3940
t:  3950
t:  3960
t:  3970
t:  3980
t:  3990
t:  4000
t:  4010
t:  4020
t:  4030
t:  4040
t:  4050
t:  4060
t:  4070
t:  4080
t:  4090
t:  4100
t:  4110
t:  4120
t:  4130
t:  4140
t:  4150
t:  4160
t:  4170
t:  4180
t:  4190
t:  4200
t:  4210
t:  4220
t:  4230
t:  4240
t:  4250
t:  4260
t:  4270
t:  4280
t:  4290
t:  4300
t:  4310
t:  4320
t:  4330
t:  4340
t:  4350
t:  4360
t:  4370
t:  4380
t:  4390
t:  4400
t:  4410
t:  4420
t:  4430
t:  4440
t:  4450
t:  4460
t:  4470
t:  4480
t:  4490
t:  4500
t:  4510
t:  4520
t:  4530
t:  4540
t:  4550
t:  4560
t:  4570
t:  4580
t:  4590
t:  4600
t:  4610
t:  4620
t:  4630
t:  4640
t:  4650
t:  4660
t:  4670
t:  4680
t:  4690
t:  4700
t:  4710
t:  4720
t:  4730
t:  4740
t:  4750
t:  4760
t:  4770
t:  4780
t:  4790
t:  4800
t:  4810
t:  4820
t:  4830
t:  4840
t:  4850
t:  4860
t:  4870
t:  4880
t:  4890
t:  4900
t:  4910
t:  4920
t:  4930
t:  4940
t:  4950
t:  4960
t:  4970
t:  4980
t:  4990
t:  5000
t:  5010
t:  5020
t:  5030
t:  5040
t:  5050
t:  5060
t:  5070
t:  5080
t:  5090
t:  5100
t:  5110
t:  5120
t:  5130
t:  5140
t:  5150
t:  5160
t:  5170
t:  5180
t:  5190
t:  5200
t:  5210
t:  5220
t:  5230
t:  5240
t:  5250
t:  5260
t:  5270
t:  5280
t:  5290
t:  5300
t:  5310
t:  5320
t:  5330
t:  5340
t:  5350
t:  5360
t:  5370
t:  5380
t:  5390
t:  5400
t:  5410
t:  5420
t:  5430
t:  5440
t:  5450
t:  5460
t:  5470
t:  5480
t:  5490
t:  5500
t:  5510
t:  5520
t:  5530
t:  5540
t:  5550
t:  5560
t:  5570
t:  5580
t:  5590
t:  5600
t:  5610
t:  5620
t:  5630
t:  5640
t:  5650
t:  5660
t:  5670
t:  5680
t:  5690
t:  5700
t:  5710
t:  5720
t:  5730
t:  5740
t:  5750
t:  5760
t:  5770
t:  5780
t:  5790
t:  5800
t:  5810
t:  5820
t:  5830
t:  5840
t:  5850
t:  5860
t:  5870
t:  5880
t:  5890
t:  5900
t:  5910
t:  5920
t:  5930
t:  5940
t:  5950
t:  5960
t:  5970
t:  5980
t:  5990
t:  6000
t:  6010
t:  6020
t:  6030
t:  6040
t:  6050
t:  6060
t:  6070
t:  6080
t:  6090
t:  6100
t:  6110
t:  6120
t:  6130
t:  6140
t:  6150
t:  6160
t:  6170
t:  6180
t:  6190
t:  6200
t:  6210
t:  6220
t:  6230
t:  6240
t:  6250
t:  6260
t:  6270
t:  6280
t:  6290
t:  6300
t:  6310
t:  6320
t:  6330
t:  6340
t:  6350
t:  6360
t:  6370
t:  6380
t:  6390
t:  6400
t:  6410
t:  6420
t:  6430
t:  6440
t:  6450
t:  6460
t:  6470
t:  6480
t:  6490
t:  6500
t:  6510
t:  6520
t:  6530
t:  6540
t:  6550
t:  6560
t:  6570
t:  6580
t:  6590
t:  6600
t:  6610
t:  6620
t:  6630
t:  6640
t:  6650
t:  6660
t:  6670
t:  6680
t:  6690
t:  6700
t:  6710
t:  6720
t:  6730
t:  6740
t:  6750
t:  6760
t:  6770
t:  6780
t:  6790
t:  6800
t:  6810
t:  6820
t:  6830
t:  6840
t:  6850
t:  6860
t:  6870
t:  6880
t:  6890
t:  6900
t:  6910
t:  6920
t:  6930
t:  6940
t:  6950
t:  6960
t:  6970
t:  6980
t:  6990
t:  7000
t:  7010
t:  7020
t:  7030
t:  7040
t:  7050
t:  7060
t:  7070
t:  7080
t:  7090
t:  7100
t:  7110
t:  7120
t:  7130
t:  7140
t:  7150
t:  7160
t:  7170
t:  7180
t:  7190
t:  7200
t:  7210
t:  7220
t:  7230
t:  7240
t:  7250
t:  7260
t:  7270
t:  7280
t:  7290
t:  7300
t:  7310
t:  7320
t:  7330
t:  7340
t:  7350
t:  7360
t:  7370
t:  7380
t:  7390
t:  7400
t:  7410
t:  7420
t:  7430
t:  7440
t:  7450
t:  7460
t:  7470
t:  7480
t:  7490
t:  7500
t:  7510
t:  7520
t:  7530
t:  7540
t:  7550
t:  7560
t:  7570
t:  7580
t:  7590
t:  7600
t:  7610
t:  7620
t:  7630
t:  7640
t:  7650
t:  7660
t:  7670
t:  7680
t:  7690
t:  7700
t:  7710
t:  7720
t:  7730
t:  7740
t:  7750
t:  7760
t:  7770
t:  7780
t:  7790
t:  7800
t:  7810
t:  7820
t:  7830
t:  7840
t:  7850
t:  7860
t:  7870
t:  7880
t:  7890
t:  7900
t:  7910
t:  7920
t:  7930
t:  7940
t:  7950
t:  7960
t:  7970
t:  7980
t:  7990
t:  8000
t:  8010
t:  8020
t:  8030
t:  8040
t:  8050
t:  8060
t:  8070
t:  8080
t:  8090
t:  8100
t:  8110
t:  8120
t:  8130
t:  8140
t:  8150
t:  8160
t:  8170
t:  8180
t:  8190
t:  8200
t:  8210
t:  8220
t:  8230
t:  8240
t:  8250
t:  8260
t:  8270
t:  8280
t:  8290
t:  8300
t:  8310
t:  8320
t:  8330
t:  8340
t:  8350
t:  8360
t:  8370
t:  8380
t:  8390
t:  8400
t:  8410
t:  8420
t:  8430
t:  8440
t:  8450
t:  8460
t:  8470
t:  8480
t:  8490
t:  8500
t:  8510
t:  8520
t:  8530
t:  8540
t:  8550
t:  8560
t:  8570
t:  8580
t:  8590
t:  8600
t:  8610
t:  8620
t:  8630
t:  8640
t:  8650
t:  8660
t:  8670
t:  8680
t:  8690
t:  8700
t:  8710
t:  8720
t:  8730
t:  8740
t:  8750
t:  8760
t:  8770
t:  8780
t:  8790
t:  8800
t:  8810
t:  8820
t:  8830
t:  8840
t:  8850
t:  8860
t:  8870
t:  8880
t:  8890
t:  8900
t:  8910
t:  8920
t:  8930
t:  8940
t:  8950
t:  8960
t:  8970
t:  8980
t:  8990
t:  9000
t:  9010
t:  9020
t:  9030
t:  9040
t:  9050
t:  9060
t:  9070
t:  9080
t:  9090
t:  9100
t:  9110
t:  9120
t:  9130
t:  9140
t:  9150
t:  9160
t:  9170
t:  9180
t:  9190
t:  9200
t:  9210
t:  9220
t:  9230
t:  9240
t:  9250
t:  9260
t:  9270
t:  9280
t:  9290
t:  9300
t:  9310
t:  9320
t:  9330
t:  9340
t:  9350
t:  9360
t:  9370
t:  9380
t:  9390
t:  9400
t:  9410
t:  9420
t:  9430
t:  9440
t:  9450
t:  9460
t:  9470
t:  9480
t:  9490
t:  9500
t:  9510
t:  9520
t:  9530
t:  9540
t:  9550
t:  9560
t:  9570
t:  9580
t:  9590
t:  9600
t:  9610
t:  9620
t:  9630
t:  9640
t:  9650
t:  9660
t:  9670
t:  9680
t:  9690
t:  9700
t:  9710
t:  9720
t:  9730
t:  9740
t:  9750
t:  9760
t:  9770
t:  9780
t:  9790
t:  9800
t:  9810
t:  9820
t:  9830
t:  9840
t:  9850
t:  9860
t:  9870
t:  9880
t:  9890
t:  9900
t:  9910
t:  9920
t:  9930
t:  9940
t:  9950
t:  9960
t:  9970
t:  9980
t:  9990
t:  10000
t:  10010
t:  10020
t:  10030
t:  10040
t:  10050
t:  10060
t:  10070
t:  10080
t:  10090
t:  10100
t:  10110
t:  10120
t:  10130
t:  10140
t:  10150
t:  10160
t:  10170
t:  10180
t:  10190
t:  10200
t:  10210
t:  10220
t:  10230
t:  10240
t:  10250
t:  10260
t:  10270
t:  10280
t:  10290
t:  10300
t:  10310
t:  10320
t:  10330
t:  10340
t:  10350
t:  10360
t:  10370
t:  10380
t:  10390
t:  10400
t:  10410
t:  10420
t:  10430
t:  10440
t:  10450
t:  10460
t:  10470
t:  10480
t:  10490
t:  10500
t:  10510
t:  10520
t:  10530
t:  10540
t:  10550
t:  10560
t:  10570
t:  10580
t:  10590
t:  10600
t:  10610
t:  10620
t:  10630
t:  10640
t:  10650
t:  10660
t:  10670
t:  10680
t:  10690
t:  10700
t:  10710
t:  10720
t:  10730
t:  10740
t:  10750
t:  10760
t:  10770
t:  10780
t:  10790
t:  10800
t:  10810
t:  10820
t:  10830
t:  10840
t:  10850
t:  10860
t:  10870
t:  10880
t:  10890
t:  10900
t:  10910
t:  10920
t:  10930
t:  10940
t:  10950
t:  10960
t:  10970
t:  10980
t:  10990
t:  11000
t:  11010
t:  11020
t:  11030
t:  11040
t:  11050
t:  11060
t:  11070
t:  11080
t:  11090
t:  11100
t:  11110
t:  11120
t:  11130
t:  11140
t:  11150
t:  11160
t:  11170
t:  11180
t:  11190
t:  11200
t:  11210
t:  11220
t:  11230
t:  11240
t:  11250
t:  11260
t:  11270
t:  11280
t:  11290
t:  11300
t:  11310
t:  11320
t:  11330
t:  11340
t:  11350
t:  11360
t:  11370
t:  11380
t:  11390
t:  11400
t:  11410
t:  11420
t:  11430
t:  11440
t:  11450
t:  11460
t:  11470
t:  11480
t:  11490
t:  11500
t:  11510
t:  11520
t:  11530
t:  11540
t:  11550
t:  11560
t:  11570
t:  11580
t:  11590
t:  11600
t:  11610
t:  11620
t:  11630
t:  11640
t:  11650
t:  11660
t:  11670
t:  11680
t:  11690
t:  11700
t:  11710
t:  11720
t:  11730
t:  11740
t:  11750
t:  11760
t:  11770
t:  11780
t:  11790
t:  11800
t:  11810
t:  11820
t:  11830
t:  11840
t:  11850
t:  11860
t:  11870
t:  11880
t:  11890
t:  11900
t:  11910
t:  11920
t:  11930
t:  11940
t:  11950
t:  11960
t:  11970
t:  11980
t:  11990
t:  12000
t:  12010
t:  12020
t:  12030
t:  12040
t:  12050
t:  12060
t:  12070
t:  12080
t:  12090
t:  12100
t:  12110
t:  12120
t:  12130
t:  12140
t:  12150
t:  12160
t:  12170
t:  12180
t:  12190
t:  12200
t:  12210
t:  12220
t:  12230
t:  12240
t:  12250
t:  12260
t:  12270
t:  12280
t:  12290
t:  12300
t:  12310
t:  12320
t:  12330
t:  12340
t:  12350
t:  12360
t:  12370
t:  12380
t:  12390
t:  12400
t:  12410
t:  12420
t:  12430
t:  12440
t:  12450
t:  12460
t:  12470
t:  12480
t:  12490
t:  12500
t:  12510
t:  12520
t:  12530
t:  12540
t:  12550
t:  12560
t:  12570
t:  12580
t:  12590
t:  12600
t:  12610
t:  12620
t:  12630
t:  12640
t:  12650
t:  12660
t:  12670
t:  12680
t:  12690
t:  12700
t:  12710
t:  12720
t:  12730
t:  12740
t:  12750
t:  12760
t:  12770
t:  12780
t:  12790
t:  12800
t:  12810
t:  12820
t:  12830
t:  12840
t:  12850
t:  12860
t:  12870
t:  12880
t:  12890
t:  12900
t:  12910
t:  12920
t:  12930
t:  12940
t:  12950
t:  12960
t:  12970
t:  12980
t:  12990
t:  13000
t:  13010
t:  13020
t:  13030
t:  13040
t:  13050
t:  13060
t:  13070
t:  13080
t:  13090
t:  13100
t:  13110
t:  13120
t:  13130
t:  13140
t:  13150
t:  13160
t:  13170
t:  13180
t:  13190
t:  13200
t:  13210
t:  13220
t:  13230
t:  13240
t:  13250
t:  13260
t:  13270
t:  13280
t:  13290
t:  13300
t:  13310
t:  13320
t:  13330
t:  13340
t:  13350
t:  13360
t:  13370
t:  13380
t:  13390
t:  13400
t:  13410
t:  13420
t:  13430
t:  13440
t:  13450
t:  13460
t:  13470
t:  13480
t:  13490
t:  13500
t:  13510
t:  13520
t:  13530
t:  13540
t:  13550
t:  13560
t:  13570
t:  13580
t:  13590
t:  13600
t:  13610
t:  13620
t:  13630
t:  13640
t:  13650
t:  13660
t:  13670
t:  13680
t:  13690
t:  13700
t:  13710
t:  13720
t:  13730
t:  13740
t:  13750
t:  13760
t:  13770
t:  13780
t:  13790
t:  13800
t:  13810
t:  13820
t:  13830
t:  13840
t:  13850
t:  13860
t:  13870
t:  13880
t:  13890
t:  13900
t:  13910
t:  13920
t:  13930
t:  13940
t:  13950
t:  13960
t:  13970
t:  13980
t:  13990
t:  14000
t:  14010
t:  14020
t:  14030
t:  14040
t:  14050
t:  14060
t:  14070
t:  14080
t:  14090
t:  14100
t:  14110
t:  14120
t:  14130
t:  14140
t:  14150
t:  14160
t:  14170
t:  14180
t:  14190
t:  14200
t:  14210
t:  14220
t:  14230
t:  14240
t:  14250
t:  14260
t:  14270
t:  14280
t:  14290
t:  14300
t:  14310
t:  14320
t:  14330
t:  14340
t:  14350
t:  14360
t:  14370
t:  14380
t:  14390
t:  14400
t:  14410
t:  14420
t:  14430
t:  14440
t:  14450
t:  14460
t:  14470
t:  14480
t:  14490
t:  14500
t:  14510
t:  14520
t:  14530
t:  14540
t:  14550
t:  14560
t:  14570
t:  14580
t:  14590
t:  14600
t:  14610
t:  14620
t:  14630
t:  14640
t:  14650
t:  14660
t:  14670
t:  14680
t:  14690
t:  14700
t:  14710
t:  14720
t:  14730
t:  14740
t:  14750
t:  14760
t:  14770
t:  14780
t:  14790
t:  14800
t:  14810
t:  14820
t:  14830
t:  14840
t:  14850
t:  14860
t:  14870
t:  14880
t:  14890
t:  14900
t:  14910
t:  14920
t:  14930
t:  14940
t:  14950
t:  14960
t:  14970
t:  14980
t:  14990
t:  15000
t:  15010
t:  15020
t:  15030
t:  15040
t:  15050
t:  15060
t:  15070
t:  15080
t:  15090
t:  15100
t:  15110
t:  15120
t:  15130
t:  15140
t:  15150
t:  15160
t:  15170
t:  15180
t:  15190
t:  15200
t:  15210
t:  15220
t:  15230
t:  15240
t:  15250
t:  15260
t:  15270
t:  15280
t:  15290
t:  15300
t:  15310
t:  15320
t:  15330
t:  15340
t:  15350
t:  15360
t:  15370
t:  15380
t:  15390
t:  15400
t:  15410
t:  15420
t:  15430
t:  15440
t:  15450
t:  15460
t:  15470
t:  15480
t:  15490
t:  15500
t:  15510
t:  15520
t:  15530
t:  15540
t:  15550
t:  15560
t:  15570
t:  15580
t:  15590
t:  15600
t:  15610
t:  15620
t:  15630
t:  15640
t:  15650
t:  15660
t:  15670
t:  15680
t:  15690
t:  15700
t:  15710
t:  15720
t:  15730
t:  15740
t:  15750
t:  15760
t:  15770
t:  15780
t:  15790
t:  15800
t:  15810
t:  15820
t:  15830
t:  15840
t:  15850
t:  15860
t:  15870
t:  15880
t:  15890
t:  15900
t:  15910
t:  15920
t:  15930
t:  15940
t:  15950
t:  15960
t:  15970
t:  15980
t:  15990
t:  16000
t:  16010
t:  16020
t:  16030
t:  16040
t:  16050
t:  16060
t:  16070
t:  16080
t:  16090
t:  16100
t:  16110
t:  16120
t:  16130
t:  16140
t:  16150
t:  16160
t:  16170
t:  16180
t:  16190
t:  16200
t:  16210
t:  16220
t:  16230
t:  16240
t:  16250
t:  16260
t:  16270
t:  16280
t:  16290
t:  16300
t:  16310
t:  16320
t:  16330
t:  16340
t:  16350
t:  16360
t:  16370
t:  16380
t:  16390
t:  16400
t:  16410
t:  16420
t:  16430
t:  16440
t:  16450
t:  16460
t:  16470
t:  16480
t:  16490
t:  16500
t:  16510
t:  16520
t:  16530
t:  16540
t:  16550
t:  16560
t:  16570
t:  16580
t:  16590
t:  16600
t:  16610
t:  16620
t:  16630
t:  16640
t:  16650
t:  16660
t:  16670
t:  16680
t:  16690
t:  16700
t:  16710
t:  16720
t:  16730
t:  16740
t:  16750
t:  16760
t:  16770
t:  16780
t:  16790
t:  16800
t:  16810
t:  16820
t:  16830
t:  16840
t:  16850
t:  16860
t:  16870
t:  16880
t:  16890
t:  16900
t:  16910
t:  16920
t:  16930
t:  16940
t:  16950
t:  16960
t:  16970
t:  16980
t:  16990
t:  17000
t:  17010
t:  17020
t:  17030
t:  17040
t:  17050
t:  17060
t:  17070
t:  17080
t:  17090
t:  17100
t:  17110
t:  17120
t:  17130
t:  17140
t:  17150
t:  17160
t:  17170
t:  17180
t:  17190
t:  17200
t:  17210
t:  17220
t:  17230
t:  17240
t:  17250
t:  17260
t:  17270
t:  17280
t:  17290
t:  17300
t:  17310
t:  17320
t:  17330
t:  17340
t:  17350
t:  17360
t:  17370
t:  17380
t:  17390
t:  17400
t:  17410
t:  17420
t:  17430
t:  17440
t:  17450
t:  17460
t:  17470
t:  17480
t:  17490
t:  17500
t:  17510
t:  17520
t:  17530
t:  17540
t:  17550
t:  17560
t:  17570
t:  17580
t:  17590
t:  17600
t:  17610
t:  17620
t:  17630
t:  17640
t:  17650
t:  17660
t:  17670
t:  17680
t:  17690
t:  17700
t:  17710
t:  17720
t:  17730
t:  17740
t:  17750
t:  17760
t:  17770
t:  17780
t:  17790
t:  17800
t:  17810
t:  17820
t:  17830
t:  17840
t:  17850
t:  17860
t:  17870
t:  17880
t:  17890
t:  17900
t:  17910
t:  17920
t:  17930
t:  17940
t:  17950
t:  17960
t:  17970
t:  17980
t:  17990
t:  18000
t:  18010
t:  18020
t:  18030
t:  18040
t:  18050
t:  18060
t:  18070
t:  18080
t:  18090
t:  18100
t:  18110
t:  18120
t:  18130
t:  18140
t:  18150
t:  18160
t:  18170
t:  18180
t:  18190
t:  18200
t:  18210
t:  18220
t:  18230
t:  18240
t:  18250
t:  18260
t:  18270
t:  18280
t:  18290
t:  18300
t:  18310
t:  18320
t:  18330
t:  18340
t:  18350
t:  18360
t:  18370
t:  18380
t:  18390
t:  18400
t:  18410
t:  18420
t:  18430
t:  18440
t:  18450
t:  18460
t:  18470
t:  18480
t:  18490
t:  18500
t:  18510
t:  18520
t:  18530
t:  18540
t:  18550
t:  18560
t:  18570
t:  18580
t:  18590
t:  18600
t:  18610
t:  18620
t:  18630
t:  18640
t:  18650
t:  18660
t:  18670
t:  18680
t:  18690
t:  18700
t:  18710
t:  18720
t:  18730
t:  18740
t:  18750
t:  18760
t:  18770
t:  18780
t:  18790
t:  18800
t:  18810
t:  18820
t:  18830
t:  18840
t:  18850
t:  18860
t:  18870
t:  18880
t:  18890
t:  18900
t:  18910
t:  18920
t:  18930
t:  18940
t:  18950
t:  18960
t:  18970
t:  18980
t:  18990
t:  19000
t:  19010
t:  19020
t:  19030
t:  19040
t:  19050
t:  19060
t:  19070
t:  19080
t:  19090
t:  19100
t:  19110
t:  19120
t:  19130
t:  19140
t:  19150
t:  19160
t:  19170
t:  19180
t:  19190
t:  19200
t:  19210
t:  19220
t:  19230
t:  19240
t:  19250
t:  19260
t:  19270
t:  19280
t:  19290
t:  19300
t:  19310
t:  19320
t:  19330
t:  19340
t:  19350
t:  19360
t:  19370
t:  19380
t:  19390
t:  19400
t:  19410
t:  19420
t:  19430
t:  19440
t:  19450
t:  19460
t:  19470
t:  19480
t:  19490
t:  19500
t:  19510
t:  19520
t:  19530
t:  19540
t:  19550
t:  19560
t:  19570
t:  19580
t:  19590
t:  19600
t:  19610
t:  19620
t:  19630
t:  19640
t:  19650
t:  19660
t:  19670
t:  19680
t:  19690
t:  19700
t:  19710
t:  19720
t:  19730
t:  19740
t:  19750
t:  19760
t:  19770
t:  19780
t:  19790
t:  19800
t:  19810
t:  19820
t:  19830
t:  19840
t:  19850
t:  19860
t:  19870
t:  19880
t:  19890
t:  19900
t:  19910
t:  19920
t:  19930
t:  19940
t:  19950
t:  19960
t:  19970
t:  19980
t:  19990
t:  20000
t:  20010
t:  20020
t:  20030
t:  20040
t:  20050
t:  20060
t:  20070
t:  20080
t:  20090
t:  20100
t:  20110
t:  20120
t:  20130
t:  20140
t:  20150
t:  20160
t:  20170
t:  20180
t:  20190
t:  20200
t:  20210
t:  20220
t:  20230
t:  20240
t:  20250
t:  20260
t:  20270
t:  20280
t:  20290
t:  20300
t:  20310
t:  20320
t:  20330
t:  20340
t:  20350
t:  20360
t:  20370
t:  20380
t:  20390
t:  20400
t:  20410
t:  20420
t:  20430
t:  20440
t:  20450
t:  20460
t:  20470
t:  20480
t:  20490
t:  20500
t:  20510
t:  20520
t:  20530
t:  20540
t:  20550
t:  20560
t:  20570
t:  20580
t:  20590
t:  20600
t:  20610
t:  20620
t:  20630
t:  20640
t:  20650
t:  20660
t:  20670
t:  20680
t:  20690
t:  20700
t:  20710
t:  20720
t:  20730
t:  20740
t:  20750
t:  20760
t:  20770
t:  20780
t:  20790
t:  20800
t:  20810
t:  20820
t:  20830
t:  20840
t:  20850
t:  20860
t:  20870
t:  20880
t:  20890
t:  20900
t:  20910
t:  20920
t:  20930
t:  20940
t:  20950
t:  20960
t:  20970
t:  20980
t:  20990
t:  21000
t:  21010
t:  21020
t:  21030
t:  21040
t:  21050
t:  21060
t:  21070
t:  21080
t:  21090
t:  21100
t:  21110
t:  21120
t:  21130
t:  21140
t:  21150
t:  21160
t:  21170
t:  21180
t:  21190
t:  21200
t:  21210
t:  21220
t:  21230
t:  21240
t:  21250
t:  21260
t:  21270
t:  21280
t:  21290
t:  21300
t:  21310
t:  21320
t:  21330
t:  21340
t:  21350
t:  21360
t:  21370
t:  21380
t:  21390
t:  21400
t:  21410
t:  21420
t:  21430
t:  21440
t:  21450
t:  21460
t:  21470
t:  21480
t:  21490
t:  21500
t:  21510
t:  21520
t:  21530
t:  21540
t:  21550
t:  21560
t:  21570
t:  21580
t:  21590
t:  21600
t:  21610
t:  21620
t:  21630
t:  21640
t:  21650
t:  21660
t:  21670
t:  21680
t:  21690
t:  21700
t:  21710
t:  21720
t:  21730
t:  21740
t:  21750
t:  21760
t:  21770
t:  21780
t:  21790
t:  21800
t:  21810
t:  21820
t:  21830
t:  21840
t:  21850
t:  21860
t:  21870
t:  21880
t:  21890
t:  21900
t:  21910
t:  21920
t:  21930
t:  21940
t:  21950
t:  21960
t:  21970
t:  21980
t:  21990
t:  22000
t:  22010
t:  22020
t:  22030
t:  22040
t:  22050
t:  22060
t:  22070
t:  22080
t:  22090
t:  22100
t:  22110
t:  22120
t:  22130
t:  22140
t:  22150
t:  22160
t:  22170
t:  22180
t:  22190
t:  22200
t:  22210
t:  22220
t:  22230
t:  22240
t:  22250
t:  22260
t:  22270
t:  22280
t:  22290
t:  22300
t:  22310
t:  22320
t:  22330
t:  22340
t:  22350
t:  22360
t:  22370
t:  22380
t:  22390
t:  22400
t:  22410
t:  22420
t:  22430
t:  22440
t:  22450
t:  22460
t:  22470
t:  22480
t:  22490
t:  22500
t:  22510
t:  22520
t:  22530
t:  22540
t:  22550
t:  22560
t:  22570
t:  22580
t:  22590
t:  22600
t:  22610
t:  22620
t:  22630
t:  22640
t:  22650
t:  22660
t:  22670
t:  22680
t:  22690
t:  22700
t:  22710
t:  22720
t:  22730
t:  22740
t:  22750
t:  22760
t:  22770
t:  22780
t:  22790
t:  22800
t:  22810
t:  22820
t:  22830
t:  22840
t:  22850
t:  22860
t:  22870
t:  22880
t:  22890
t:  22900
t:  22910
t:  22920
t:  22930
t:  22940
t:  22950
t:  22960
t:  22970
t:  22980
t:  22990
t:  23000
t:  23010
t:  23020
t:  23030
t:  23040
t:  23050
t:  23060
t:  23070
t:  23080
t:  23090
t:  23100
t:  23110
t:  23120
t:  23130
t:  23140
t:  23150
t:  23160
t:  23170
t:  23180
t:  23190
t:  23200
t:  23210
t:  23220
t:  23230
t:  23240
t:  23250
t:  23260
t:  23270
t:  23280
t:  23290
t:  23300
t:  23310
t:  23320
t:  23330
t:  23340
t:  23350
t:  23360
t:  23370
t:  23380
t:  23390
t:  23400
t:  23410
t:  23420
t:  23430
t:  23440
t:  23450
t:  23460
t:  23470
t:  23480
t:  23490
t:  23500
t:  23510
t:  23520
t:  23530
t:  23540
t:  23550
t:  23560
t:  23570
t:  23580
t:  23590
t:  23600
t:  23610
t:  23620
t:  23630
t:  23640
t:  23650
t:  23660
t:  23670
t:  23680
t:  23690
t:  23700
t:  23710
t:  23720
t:  23730
t:  23740
t:  23750
t:  23760
t:  23770
t:  23780
t:  23790
t:  23800
t:  23810
t:  23820
t:  23830
t:  23840
t:  23850
t:  23860
t:  23870
t:  23880
t:  23890
t:  23900
t:  23910
t:  23920
t:  23930
t:  23940
t:  23950
t:  23960
t:  23970
t:  23980
t:  23990
t:  24000
t:  24010
t:  24020
t:  24030
t:  24040
t:  24050
t:  24060
t:  24070
t:  24080
t:  24090
t:  24100
t:  24110
t:  24120
t:  24130
t:  24140
t:  24150
t:  24160
t:  24170
t:  24180
t:  24190
t:  24200
t:  24210
t:  24220
t:  24230
t:  24240
t:  24250
t:  24260
t:  24270
t:  24280
t:  24290
t:  24300
t:  24310
t:  24320
t:  24330
t:  24340
t:  24350
t:  24360
t:  24370
t:  24380
t:  24390
t:  24400
t:  24410
t:  24420
t:  24430
t:  24440
t:  24450
t:  24460
t:  24470
t:  24480
t:  24490
t:  24500
t:  24510
t:  24520
t:  24530
t:  24540
t:  24550
t:  24560
t:  24570
t:  24580
t:  24590
t:  24600
t:  24610
t:  24620
t:  24630
t:  24640
t:  24650
t:  24660
t:  24670
t:  24680
t:  24690
t:  24700
t:  24710
t:  24720
t:  24730
t:  24740
t:  24750
t:  24760
t:  24770
t:  24780
t:  24790
t:  24800
t:  24810
t:  24820
t:  24830
t:  24840
t:  24850
t:  24860
t:  24870
t:  24880
t:  24890
t:  24900
t:  24910
t:  24920
t:  24930
t:  24940
t:  24950
t:  24960
t:  24970
t:  24980
t:  24990
t:  25000
t:  25010
t:  25020
t:  25030
t:  25040
t:  25050
t:  25060
t:  25070
t:  25080
t:  25090
t:  25100
t:  25110
t:  25120
t:  25130
t:  25140
t:  25150
t:  25160
t:  25170
t:  25180
t:  25190
t:  25200
t:  25210
t:  25220
t:  25230
t:  25240
t:  25250
t:  25260
t:  25270
t:  25280
t:  25290
t:  25300
t:  25310
t:  25320
t:  25330
t:  25340
t:  25350
t:  25360
t:  25370
t:  25380
t:  25390
t:  25400
t:  25410
t:  25420
t:  25430
t:  25440
t:  25450
t:  25460
t:  25470
t:  25480
t:  25490
t:  25500
t:  25510
t:  25520
t:  25530
t:  25540
t:  25550
t:  25560
t:  25570
t:  25580
t:  25590
t:  25600
t:  25610
t:  25620
t:  25630
t:  25640
t:  25650
t:  25660
t:  25670
t:  25680
t:  25690
t:  25700
t:  25710
t:  25720
t:  25730
t:  25740
t:  25750
t:  25760
t:  25770
t:  25780
t:  25790
t:  25800
t:  25810
t:  25820
t:  25830
t:  25840
t:  25850
t:  25860
t:  25870
t:  25880
t:  25890
t:  25900
t:  25910
t:  25920
t:  25930
t:  25940
t:  25950
t:  25960
t:  25970
t:  25980
t:  25990
t:  26000
t:  26010
t:  26020
t:  26030
t:  26040
t:  26050
t:  26060
t:  26070
t:  26080
t:  26090
t:  26100
t:  26110
t:  26120
t:  26130
t:  26140
t:  26150
t:  26160
t:  26170
t:  26180
t:  26190
t:  26200
t:  26210
t:  26220
t:  26230
t:  26240
t:  26250
t:  26260
t:  26270
t:  26280
t:  26290
t:  26300
t:  26310
t:  26320
t:  26330
t:  26340
t:  26350
t:  26360
t:  26370
t:  26380
t:  26390
t:  26400
t:  26410
t:  26420
t:  26430
t:  26440
t:  26450
t:  26460
t:  26470
t:  26480
t:  26490
t:  26500
t:  26510
t:  26520
t:  26530
t:  26540
t:  26550
t:  26560
t:  26570
t:  26580
t:  26590
t:  26600
t:  26610
t:  26620
t:  26630
t:  26640
t:  26650
t:  26660
t:  26670
t:  26680
t:  26690
t:  26700
t:  26710
t:  26720
t:  26730
t:  26740
t:  26750
t:  26760
t:  26770
t:  26780
t:  26790
t:  26800
t:  26810
t:  26820
t:  26830
t:  26840
t:  26850
t:  26860
t:  26870
t:  26880
t:  26890
t:  26900
t:  26910
t:  26920
t:  26930
t:  26940
t:  26950
t:  26960
t:  26970
t:  26980
t:  26990
t:  27000
t:  27010
t:  27020
t:  27030
t:  27040
t:  27050
t:  27060
t:  27070
t:  27080
t:  27090
t:  27100
t:  27110
t:  27120
t:  27130
t:  27140
t:  27150
t:  27160
t:  27170
t:  27180
t:  27190
t:  27200
t:  27210
t:  27220
t:  27230
t:  27240
t:  27250
t:  27260
t:  27270
t:  27280
t:  27290
t:  27300
t:  27310
t:  27320
t:  27330
t:  27340
t:  27350
t:  27360
t:  27370
t:  27380
t:  27390
t:  27400
t:  27410
t:  27420
t:  27430
t:  27440
t:  27450
t:  27460
t:  27470
t:  27480
t:  27490
t:  27500
t:  27510
t:  27520
t:  27530
t:  27540
t:  27550
t:  27560
t:  27570
t:  27580
t:  27590
t:  27600
t:  27610
t:  27620
t:  27630
t:  27640
t:  27650
t:  27660
t:  27670
t:  27680
t:  27690
t:  27700
t:  27710
t:  27720
t:  27730
t:  27740
t:  27750
t:  27760
t:  27770
t:  27780
t:  27790
t:  27800
t:  27810
t:  27820
t:  27830
t:  27840
t:  27850
t:  27860
t:  27870
t:  27880
t:  27890
t:  27900
t:  27910
t:  27920
t:  27930
t:  27940
t:  27950
t:  27960
t:  27970
t:  27980
t:  27990
t:  28000
t:  28010
t:  28020
t:  28030
t:  28040
t:  28050
t:  28060
t:  28070
t:  28080
t:  28090
t:  28100
t:  28110
t:  28120
t:  28130
t:  28140
t:  28150
t:  28160
t:  28170
t:  28180
t:  28190
t:  28200
t:  28210
t:  28220
t:  28230
t:  28240
t:  28250
t:  28260
t:  28270
t:  28280
t:  28290
t:  28300
t:  28310
t:  28320
t:  28330
t:  28340
t:  28350
t:  28360
t:  28370
t:  28380
t:  28390
t:  28400
t:  28410
t:  28420
t:  28430
t:  28440
t:  28450
t:  28460
t:  28470
t:  28480
t:  28490
t:  28500
t:  28510
t:  28520
t:  28530
t:  28540
t:  28550
t:  28560
t:  28570
t:  28580
t:  28590
t:  28600
t:  28610
t:  28620
t:  28630
t:  28640
t:  28650
t:  28660
t:  28670
t:  28680
t:  28690
t:  28700
t:  28710
t:  28720
t:  28730
t:  28740
t:  28750
t:  28760
t:  28770
t:  28780
t:  28790
t:  28800
t:  28810
t:  28820
t:  28830
t:  28840
t:  28850
t:  28860
t:  28870
t:  28880
t:  28890
t:  28900
t:  28910
t:  28920
t:  28930
t:  28940
t:  28950
t:  28960
t:  28970
t:  28980
t:  28990
t:  29000
t:  29010
t:  29020
t:  29030
t:  29040
t:  29050
t:  29060
t:  29070
t:  29080
t:  29090
t:  29100
t:  29110
t:  29120
t:  29130
t:  29140
t:  29150
t:  29160
t:  29170
t:  29180
t:  29190
t:  29200
t:  29210
t:  29220
t:  29230
t:  29240
t:  29250
t:  29260
t:  29270
t:  29280
t:  29290
t:  29300
t:  29310
t:  29320
t:  29330
t:  29340
t:  29350
t:  29360
t:  29370
t:  29380
t:  29390
t:  29400
t:  29410
t:  29420
t:  29430
t:  29440
t:  29450
t:  29460
t:  29470
t:  29480
t:  29490
t:  29500
t:  29510
t:  29520
t:  29530
t:  29540
t:  29550
t:  29560
t:  29570
t:  29580
t:  29590
t:  29600
t:  29610
t:  29620
t:  29630
t:  29640
t:  29650
t:  29660
t:  29670
t:  29680
t:  29690
t:  29700
t:  29710
t:  29720
t:  29730
t:  29740
t:  29750
t:  29760
t:  29770
t:  29780
t:  29790
t:  29800
t:  29810
t:  29820
t:  29830
t:  29840
t:  29850
t:  29860
t:  29870
t:  29880
t:  29890
t:  29900
t:  29910
t:  29920
t:  29930
t:  29940
t:  29950
t:  29960
t:  29970
t:  29980
t:  29990
t:  30000
t:  30010
t:  30020
t:  30030
t:  30040
t:  30050
t:  30060
t:  30070
t:  30080
t:  30090
t:  30100
t:  30110
t:  30120
t:  30130
t:  30140
t:  30150
t:  30160
t:  30170
t:  30180
t:  30190
t:  30200
t:  30210
t:  30220
t:  30230
t:  30240
t:  30250
t:  30260
t:  30270
t:  30280
t:  30290
t:  30300
t:  30310
t:  30320
t:  30330
t:  30340
t:  30350
t:  30360
t:  30370
t:  30380
t:  30390
t:  30400
t:  30410
t:  30420
t:  30430
t:  30440
t:  30450
t:  30460
t:  30470
t:  30480
t:  30490
t:  30500
t:  30510
t:  30520
t:  30530
t:  30540
t:  30550
t:  30560
t:  30570
t:  30580
t:  30590
t:  30600
t:  30610
t:  30620
t:  30630
t:  30640
t:  30650
t:  30660
t:  30670
t:  30680
t:  30690
t:  30700
t:  30710
t:  30720
t:  30730
t:  30740
t:  30750
t:  30760
t:  30770
t:  30780
t:  30790
t:  30800
t:  30810
t:  30820
t:  30830
t:  30840
t:  30850
t:  30860
t:  30870
t:  30880
t:  30890
t:  30900
t:  30910
t:  30920
t:  30930
t:  30940
t:  30950
t:  30960
t:  30970
t:  30980
t:  30990
t:  31000
t:  31010
t:  31020
t:  31030
t:  31040
t:  31050
t:  31060
t:  31070
t:  31080
t:  31090
t:  31100
t:  31110
t:  31120
t:  31130
t:  31140
t:  31150
t:  31160
t:  31170
t:  31180
t:  31190
t:  31200
t:  31210
t:  31220
t:  31230
t:  31240
t:  31250
t:  31260
t:  31270
t:  31280
t:  31290
t:  31300
t:  31310
t:  31320
t:  31330
t:  31340
t:  31350
t:  31360
t:  31370
t:  31380
t:  31390
t:  31400
t:  31410
t:  31420
t:  31430
t:  31440
t:  31450
t:  31460
t:  31470
t:  31480
t:  31490
t:  31500
t:  31510
t:  31520
t:  31530
t:  31540
t:  31550
t:  31560
t:  31570
t:  31580
t:  31590
t:  31600
t:  31610
t:  31620
t:  31630
t:  31640
t:  31650
t:  31660
t:  31670
t:  31680
t:  31690
t:  31700
t:  31710
t:  31720
t:  31730
t:  31740
t:  31750
t:  31760
t:  31770
t:  31780
t:  31790
t:  31800
t:  31810
t:  31820
t:  31830
t:  31840
t:  31850
t:  31860
t:  31870
t:  31880
t:  31890
t:  31900
t:  31910
t:  31920
t:  31930
t:  31940
t:  31950
t:  31960
t:  31970
t:  31980
t:  31990
t:  32000
t:  32010
t:  32020
t:  32030
t:  32040
t:  32050
t:  32060
t:  32070
t:  32080
t:  32090
t:  32100
t:  32110
t:  32120
t:  32130
t:  32140
t:  32150
t:  32160
t:  32170
t:  32180
t:  32190
t:  32200
t:  32210
t:  32220
t:  32230
t:  32240
t:  32250
t:  32260
t:  32270
t:  32280
t:  32290
t:  32300
t:  32310
t:  32320
t:  32330
t:  32340
t:  32350
t:  32360
t:  32370
t:  32380
t:  32390
t:  32400
t:  32410
t:  32420
t:  32430
t:  32440
t:  32450
t:  32460
t:  32470
t:  32480
t:  32490
t:  32500
t:  32510
t:  32520
t:  32530
t:  32540
t:  32550
t:  32560
t:  32570
t:  32580
t:  32590
t:  32600
t:  32610
t:  32620
t:  32630
t:  32640
t:  32650
t:  32660
t:  32670
t:  32680
t:  32690
t:  32700
t:  32710
t:  32720
t:  32730
t:  32740
t:  32750
t:  32760
t:  32770
t:  32780
t:  32790
t:  32800
t:  32810
t:  32820
t:  32830
t:  32840
t:  32850
t:  32860
t:  32870
t:  32880
t:  32890
t:  32900
t:  32910
t:  32920
t:  32930
t:  32940
t:  32950
t:  32960
t:  32970
t:  32980
t:  32990
t:  33000
t:  33010
t:  33020
t:  33030
t:  33040
t:  33050
t:  33060
t:  33070
t:  33080
t:  33090
t:  33100
t:  33110
t:  33120
t:  33130
t:  33140
t:  33150
t:  33160
t:  33170
t:  33180
t:  33190
t:  33200
t:  33210
t:  33220
t:  33230
t:  33240
t:  33250
t:  33260
t:  33270
t:  33280
t:  33290
t:  33300
t:  33310
t:  33320
t:  33330
t:  33340
t:  33350
t:  33360
t:  33370
t:  33380
t:  33390
t:  33400
t:  33410
t:  33420
t:  33430
t:  33440
t:  33450
t:  33460
t:  33470
t:  33480
t:  33490
t:  33500
t:  33510
t:  33520
t:  33530
t:  33540
t:  33550
t:  33560
t:  33570
t:  33580
t:  33590
t:  33600
t:  33610
t:  33620
t:  33630
t:  33640
t:  33650
t:  33660
t:  33670
t:  33680
t:  33690
t:  33700
t:  33710
t:  33720
t:  33730
t:  33740
t:  33750
t:  33760
t:  33770
t:  33780
t:  33790
t:  33800
t:  33810
t:  33820
t:  33830
t:  33840
t:  33850
t:  33860
t:  33870
t:  33880
t:  33890
t:  33900
t:  33910
t:  33920
t:  33930
t:  33940
t:  33950
t:  33960
t:  33970
t:  33980
t:  33990
t:  34000
t:  34010
t:  34020
t:  34030
t:  34040
t:  34050
t:  34060
t:  34070
t:  34080
t:  34090
t:  34100
t:  34110
t:  34120
t:  34130
t:  34140
t:  34150
t:  34160
t:  34170
t:  34180
t:  34190
t:  34200
t:  34210
t:  34220
t:  34230
t:  34240
t:  34250
t:  34260
t:  34270
t:  34280
t:  34290
t:  34300
t:  34310
t:  34320
t:  34330
t:  34340
t:  34350
t:  34360
t:  34370
t:  34380
t:  34390
t:  34400
t:  34410
t:  34420
t:  34430
t:  34440
t:  34450
t:  34460
t:  34470
t:  34480
t:  34490
t:  34500
t:  34510
t:  34520
t:  34530
t:  34540
t:  34550
t:  34560
t:  34570
t:  34580
t:  34590
t:  34600
t:  34610
t:  34620
t:  34630
t:  34640
t:  34650
t:  34660
t:  34670
t:  34680
t:  34690
t:  34700
t:  34710
t:  34720
t:  34730
t:  34740
t:  34750
t:  34760
t:  34770
t:  34780
t:  34790
t:  34800
t:  34810
t:  34820
t:  34830
t:  34840
t:  34850
t:  34860
t:  34870
t:  34880
t:  34890
t:  34900
t:  34910
t:  34920
t:  34930
t:  34940
t:  34950
t:  34960
t:  34970
t:  34980
t:  34990
t:  35000
t:  35010
t:  35020
t:  35030
t:  35040
t:  35050
t:  35060
t:  35070
t:  35080
t:  35090
t:  35100
t:  35110
t:  35120
t:  35130
t:  35140
t:  35150
t:  35160
t:  35170
t:  35180
t:  35190
t:  35200
t:  35210
t:  35220
t:  35230
t:  35240
t:  35250
t:  35260
t:  35270
t:  35280
t:  35290
t:  35300
t:  35310
t:  35320
t:  35330
t:  35340
t:  35350
t:  35360
t:  35370
t:  35380
t:  35390
t:  35400
t:  35410
t:  35420
t:  35430
t:  35440
t:  35450
t:  35460
t:  35470
t:  35480
t:  35490
t:  35500
t:  35510
t:  35520
t:  35530
t:  35540
t:  35550
t:  35560
t:  35570
t:  35580
t:  35590
t:  35600
t:  35610
t:  35620
t:  35630
t:  35640
t:  35650
t:  35660
t:  35670
t:  35680
t:  35690
t:  35700
t:  35710
t:  35720
t:  35730
t:  35740
t:  35750
t:  35760
t:  35770
t:  35780
t:  35790
t:  35800
t:  35810
t:  35820
t:  35830
t:  35840
t:  35850
t:  35860
t:  35870
t:  35880
t:  35890
t:  35900
t:  35910
t:  35920
t:  35930
t:  35940
t:  35950
t:  35960
t:  35970
t:  35980
t:  35990
t:  36000
t:  36010
t:  36020
t:  36030
t:  36040
t:  36050
t:  36060
t:  36070
t:  36080
t:  36090
t:  36100
t:  36110
t:  36120
t:  36130
t:  36140
t:  36150
t:  36160
t:  36170
t:  36180
t:  36190
t:  36200
t:  36210
t:  36220
t:  36230
t:  36240
t:  36250
t:  36260
t:  36270
t:  36280
t:  36290
t:  36300
t:  36310
t:  36320
t:  36330
t:  36340
t:  36350
t:  36360
t:  36370
t:  36380
t:  36390
t:  36400
t:  36410
t:  36420
t:  36430
t:  36440
t:  36450
t:  36460
t:  36470
t:  36480
t:  36490
t:  36500
t:  36510
t:  36520
t:  36530
t:  36540
t:  36550
t:  36560
t:  36570
t:  36580
t:  36590
t:  36600
t:  36610
t:  36620
t:  36630
t:  36640
t:  36650
t:  36660
t:  36670
t:  36680
t:  36690
t:  36700
t:  36710
t:  36720
t:  36730
t:  36740
t:  36750
t:  36760
t:  36770
t:  36780
t:  36790
t:  36800
t:  36810
t:  36820
t:  36830
t:  36840
t:  36850
t:  36860
t:  36870
t:  36880
t:  36890
t:  36900
t:  36910
t:  36920
t:  36930
t:  36940
t:  36950
t:  36960
t:  36970
t:  36980
t:  36990
t:  37000
t:  37010
t:  37020
t:  37030
t:  37040
t:  37050
t:  37060
t:  37070
t:  37080
t:  37090
t:  37100
t:  37110
t:  37120
t:  37130
t:  37140
t:  37150
t:  37160
t:  37170
t:  37180
t:  37190
t:  37200
t:  37210
t:  37220
t:  37230
t:  37240
t:  37250
t:  37260
t:  37270
t:  37280
t:  37290
t:  37300
t:  37310
t:  37320
t:  37330
t:  37340
t:  37350
t:  37360
t:  37370
t:  37380
t:  37390
t:  37400
t:  37410
t:  37420
t:  37430
t:  37440
t:  37450
t:  37460
t:  37470
t:  37480
t:  37490
t:  37500
t:  37510
t:  37520
t:  37530
t:  37540
t:  37550
t:  37560
t:  37570
t:  37580
t:  37590
t:  37600
t:  37610
t:  37620
t:  37630
t:  37640
t:  37650
t:  37660
t:  37670
t:  37680
t:  37690
t:  37700
t:  37710
t:  37720
t:  37730
t:  37740
t:  37750
t:  37760
t:  37770
t:  37780
t:  37790
t:  37800
t:  37810
t:  37820
t:  37830
t:  37840
t:  37850
t:  37860
t:  37870
t:  37880
t:  37890
t:  37900
t:  37910
t:  37920
t:  37930
t:  37940
t:  37950
t:  37960
t:  37970
t:  37980
t:  37990
t:  38000
t:  38010
t:  38020
t:  38030
t:  38040
t:  38050
t:  38060
t:  38070
t:  38080
t:  38090
t:  38100
t:  38110
t:  38120
t:  38130
t:  38140
t:  38150
t:  38160
t:  38170
t:  38180
t:  38190
t:  38200
t:  38210
t:  38220
t:  38230
t:  38240
t:  38250
t:  38260
t:  38270
t:  38280
t:  38290
t:  38300
t:  38310
t:  38320
t:  38330
t:  38340
t:  38350
t:  38360
t:  38370
t:  38380
t:  38390
t:  38400
t:  38410
t:  38420
t:  38430
t:  38440
t:  38450
t:  38460
t:  38470
t:  38480
t:  38490
t:  38500
t:  38510
t:  38520
t:  38530
t:  38540
t:  38550
t:  38560
t:  38570
t:  38580
t:  38590
t:  38600
t:  38610
t:  38620
t:  38630
t:  38640
t:  38650
t:  38660
t:  38670
t:  38680
t:  38690
t:  38700
t:  38710
t:  38720
t:  38730
t:  38740
t:  38750
t:  38760
t:  38770
t:  38780
t:  38790
t:  38800
t:  38810
t:  38820
t:  38830
t:  38840
t:  38850
t:  38860
t:  38870
t:  38880
t:  38890
t:  38900
t:  38910
t:  38920
t:  38930
t:  38940
t:  38950
t:  38960
t:  38970
t:  38980
t:  38990
t:  39000
t:  39010
t:  39020
t:  39030
t:  39040
t:  39050
t:  39060
t:  39070
t:  39080
t:  39090
t:  39100
t:  39110
t:  39120
t:  39130
t:  39140
t:  39150
t:  39160
t:  39170
t:  39180
t:  39190
t:  39200
t:  39210
t:  39220
t:  39230
t:  39240
t:  39250
t:  39260
t:  39270
t:  39280
t:  39290
t:  39300
t:  39310
t:  39320
t:  39330
t:  39340
t:  39350
t:  39360
t:  39370
t:  39380
t:  39390
t:  39400
t:  39410
t:  39420
t:  39430
t:  39440
t:  39450
t:  39460
t:  39470
t:  39480
t:  39490
t:  39500
t:  39510
t:  39520
t:  39530
t:  39540
t:  39550
t:  39560
t:  39570
t:  39580
t:  39590
t:  39600
t:  39610
t:  39620
t:  39630
t:  39640
t:  39650
t:  39660
t:  39670
t:  39680
t:  39690
t:  39700
t:  39710
t:  39720
t:  39730
t:  39740
t:  39750
t:  39760
t:  39770
t:  39780
t:  39790
t:  39800
t:  39810
t:  39820
t:  39830
t:  39840
t:  39850
t:  39860
t:  39870
t:  39880
t:  39890
t:  39900
t:  39910
t:  39920
t:  39930
t:  39940
t:  39950
t:  39960
t:  39970
t:  39980
t:  39990
t:  40000
t:  40010
t:  40020
t:  40030
t:  40040
t:  40050
t:  40060
t:  40070
t:  40080
t:  40090
t:  40100
t:  40110
t:  40120
t:  40130
t:  40140
t:  40150
t:  40160
t:  40170
t:  40180
t:  40190
t:  40200
t:  40210
t:  40220
t:  40230
t:  40240
t:  40250
t:  40260
t:  40270
t:  40280
t:  40290
t:  40300
t:  40310
t:  40320
t:  40330
t:  40340
t:  40350
t:  40360
t:  40370
t:  40380
t:  40390
t:  40400
t:  40410
t:  40420
t:  40430
t:  40440
t:  40450
t:  40460
t:  40470
t:  40480
t:  40490
t:  40500
t:  40510
t:  40520
t:  40530
t:  40540
t:  40550
t:  40560
t:  40570
t:  40580
t:  40590
t:  40600
t:  40610
t:  40620
t:  40630
t:  40640
t:  40650
t:  40660
t:  40670
t:  40680
t:  40690
t:  40700
t:  40710
t:  40720
t:  40730
t:  40740
t:  40750
t:  40760
t:  40770
t:  40780
t:  40790
t:  40800
t:  40810
t:  40820
t:  40830
t:  40840
t:  40850
t:  40860
t:  40870
t:  40880
t:  40890
t:  40900
t:  40910
t:  40920
t:  40930
t:  40940
t:  40950
t:  40960
t:  40970
t:  40980
t:  40990
t:  41000
t:  41010
t:  41020
t:  41030
t:  41040
t:  41050
t:  41060
t:  41070
t:  41080
t:  41090
t:  41100
t:  41110
t:  41120
t:  41130
t:  41140
t:  41150
t:  41160
t:  41170
t:  41180
t:  41190
t:  41200
t:  41210
t:  41220
t:  41230
t:  41240
t:  41250
t:  41260
t:  41270
t:  41280
t:  41290
t:  41300
t:  41310
t:  41320
t:  41330
t:  41340
t:  41350
t:  41360
t:  41370
t:  41380
t:  41390
t:  41400
t:  41410
t:  41420
t:  41430
t:  41440
t:  41450
t:  41460
t:  41470
t:  41480
t:  41490
t:  41500
t:  41510
t:  41520
t:  41530
t:  41540
t:  41550
t:  41560
t:  41570
t:  41580
t:  41590
t:  41600
t:  41610
t:  41620
t:  41630
t:  41640
t:  41650
t:  41660
t:  41670
t:  41680
t:  41690
t:  41700
t:  41710
t:  41720
t:  41730
t:  41740
t:  41750
t:  41760
t:  41770
t:  41780
t:  41790
t:  41800
t:  41810
t:  41820
t:  41830
t:  41840
t:  41850
t:  41860
t:  41870
t:  41880
t:  41890
t:  41900
t:  41910
t:  41920
t:  41930
t:  41940
t:  41950
t:  41960
t:  41970
t:  41980
t:  41990
t:  42000
t:  42010
t:  42020
t:  42030
t:  42040
t:  42050
t:  42060
t:  42070
t:  42080
t:  42090
t:  42100
t:  42110
t:  42120
t:  42130
t:  42140
t:  42150
t:  42160
t:  42170
t:  42180
t:  42190
t:  42200
t:  42210
t:  42220
t:  42230
t:  42240
t:  42250
t:  42260
t:  42270
t:  42280
t:  42290
t:  42300
t:  42310
t:  42320
t:  42330
t:  42340
t:  42350
t:  42360
t:  42370
t:  42380
t:  42390
t:  42400
t:  42410
t:  42420
t:  42430
t:  42440
t:  42450
t:  42460
t:  42470
t:  42480
t:  42490
t:  42500
t:  42510
t:  42520
t:  42530
t:  42540
t:  42550
t:  42560
t:  42570
t:  42580
t:  42590
t:  42600
t:  42610
t:  42620
t:  42630
t:  42640
t:  42650
t:  42660
t:  42670
t:  42680
t:  42690
t:  42700
t:  42710
t:  42720
t:  42730
t:  42740
t:  42750
t:  42760
t:  42770
t:  42780
t:  42790
t:  42800
t:  42810
t:  42820
t:  42830
t:  42840
t:  42850
t:  42860
t:  42870
t:  42880
t:  42890
t:  42900
t:  42910
t:  42920
t:  42930
t:  42940
t:  42950
t:  42960
t:  42970
t:  42980
t:  42990
t:  43000
t:  43010
t:  43020
t:  43030
t:  43040
t:  43050
t:  43060
t:  43070
t:  43080
t:  43090
t:  43100
t:  43110
t:  43120
t:  43130
t:  43140
t:  43150
t:  43160
t:  43170
t:  43180
t:  43190
t:  43200
t:  43210
t:  43220
t:  43230
t:  43240
t:  43250
t:  43260
t:  43270
t:  43280
t:  43290
t:  43300
t:  43310
t:  43320
t:  43330
t:  43340
t:  43350
t:  43360
t:  43370
t:  43380
t:  43390
t:  43400
t:  43410
t:  43420
t:  43430
t:  43440
t:  43450
t:  43460
t:  43470
t:  43480
t:  43490
t:  43500
t:  43510
t:  43520
t:  43530
t:  43540
t:  43550
t:  43560
t:  43570
t:  43580
t:  43590
t:  43600
t:  43610
t:  43620
t:  43630
t:  43640
t:  43650
t:  43660
t:  43670
t:  43680
t:  43690
t:  43700
t:  43710
t:  43720
t:  43730
t:  43740
t:  43750
t:  43760
t:  43770
t:  43780
t:  43790
t:  43800
t:  43810
t:  43820
t:  43830
t:  43840
t:  43850
t:  43860
t:  43870
t:  43880
t:  43890
t:  43900
t:  43910
t:  43920
t:  43930
t:  43940
t:  43950
t:  43960
t:  43970
t:  43980
t:  43990
t:  44000
t:  44010
t:  44020
t:  44030
t:  44040
t:  44050
t:  44060
t:  44070
t:  44080
t:  44090
t:  44100
t:  44110
t:  44120
t:  44130
t:  44140
t:  44150
t:  44160
t:  44170
t:  44180
t:  44190
t:  44200
t:  44210
t:  44220
t:  44230
t:  44240
t:  44250
t:  44260
t:  44270
t:  44280
t:  44290
t:  44300
t:  44310
t:  44320
t:  44330
t:  44340
t:  44350
t:  44360
t:  44370
t:  44380
t:  44390
t:  44400
t:  44410
t:  44420
t:  44430
t:  44440
t:  44450
t:  44460
t:  44470
t:  44480
t:  44490
t:  44500
t:  44510
t:  44520
t:  44530
t:  44540
t:  44550
t:  44560
t:  44570
t:  44580
t:  44590
t:  44600
t:  44610
t:  44620
t:  44630
t:  44640
t:  44650
t:  44660
t:  44670
t:  44680
t:  44690
t:  44700
t:  44710
t:  44720
t:  44730
t:  44740
t:  44750
t:  44760
t:  44770
t:  44780
t:  44790
t:  44800
t:  44810
t:  44820
t:  44830
t:  44840
t:  44850
t:  44860
t:  44870
t:  44880
t:  44890
t:  44900
t:  44910
t:  44920
t:  44930
t:  44940
t:  44950
t:  44960
t:  44970
t:  44980
t:  44990
t:  45000
t:  45010
t:  45020
t:  45030
t:  45040
t:  45050
t:  45060
t:  45070
t:  45080
t:  45090
t:  45100
t:  45110
t:  45120
t:  45130
t:  45140
t:  45150
t:  45160
t:  45170
t:  45180
t:  45190
t:  45200
t:  45210
t:  45220
t:  45230
t:  45240
t:  45250
t:  45260
t:  45270
t:  45280
t:  45290
t:  45300
t:  45310
t:  45320
t:  45330
t:  45340
t:  45350
t:  45360
t:  45370
t:  45380
t:  45390
t:  45400
t:  45410
t:  45420
t:  45430
t:  45440
t:  45450
t:  45460
t:  45470
t:  45480
t:  45490
t:  45500
t:  45510
t:  45520
t:  45530
t:  45540
t:  45550
t:  45560
t:  45570
t:  45580
t:  45590
t:  45600
t:  45610
t:  45620
t:  45630
t:  45640
t:  45650
t:  45660
t:  45670
t:  45680
t:  45690
t:  45700
t:  45710
t:  45720
t:  45730
t:  45740
t:  45750
t:  45760
t:  45770
t:  45780
t:  45790
t:  45800
t:  45810
t:  45820
t:  45830
t:  45840
t:  45850
t:  45860
t:  45870
t:  45880
t:  45890
t:  45900
t:  45910
t:  45920
t:  45930
t:  45940
t:  45950
t:  45960
t:  45970
t:  45980
t:  45990
t:  46000
t:  46010
t:  46020
t:  46030
t:  46040
t:  46050
t:  46060
t:  46070
t:  46080
t:  46090
t:  46100
t:  46110
t:  46120
t:  46130
t:  46140
t:  46150
t:  46160
t:  46170
t:  46180
t:  46190
t:  46200
t:  46210
t:  46220
t:  46230
t:  46240
t:  46250
t:  46260
t:  46270
t:  46280
t:  46290
t:  46300
t:  46310
t:  46320
t:  46330
t:  46340
t:  46350
t:  46360
t:  46370
t:  46380
t:  46390
t:  46400
t:  46410
t:  46420
t:  46430
t:  46440
t:  46450
t:  46460
t:  46470
t:  46480
t:  46490
t:  46500
t:  46510
t:  46520
t:  46530
t:  46540
t:  46550
t:  46560
t:  46570
t:  46580
t:  46590
t:  46600
t:  46610
t:  46620
t:  46630
t:  46640
t:  46650
t:  46660
t:  46670
t:  46680
t:  46690
t:  46700
t:  46710
t:  46720
t:  46730
t:  46740
t:  46750
t:  46760
t:  46770
t:  46780
t:  46790
t:  46800
t:  46810
t:  46820
t:  46830
t:  46840
t:  46850
t:  46860
t:  46870
t:  46880
t:  46890
t:  46900
t:  46910
t:  46920
t:  46930
t:  46940
t:  46950
t:  46960
t:  46970
t:  46980
t:  46990
t:  47000
t:  47010
t:  47020
t:  47030
t:  47040
t:  47050
t:  47060
t:  47070
t:  47080
t:  47090
t:  47100
t:  47110
t:  47120
t:  47130
t:  47140
t:  47150
t:  47160
t:  47170
t:  47180
t:  47190
t:  47200
t:  47210
t:  47220
t:  47230
t:  47240
t:  47250
t:  47260
t:  47270
t:  47280
t:  47290
t:  47300
t:  47310
t:  47320
t:  47330
t:  47340
t:  47350
t:  47360
t:  47370
t:  47380
t:  47390
t:  47400
t:  47410
t:  47420
t:  47430
t:  47440
t:  47450
t:  47460
t:  47470
t:  47480
t:  47490
t:  47500
t:  47510
t:  47520
t:  47530
t:  47540
t:  47550
t:  47560
t:  47570
t:  47580
t:  47590
t:  47600
t:  47610
t:  47620
t:  47630
t:  47640
t:  47650
t:  47660
t:  47670
t:  47680
t:  47690
t:  47700
t:  47710
t:  47720
t:  47730
t:  47740
t:  47750
t:  47760
t:  47770
t:  47780
t:  47790
t:  47800
t:  47810
t:  47820
t:  47830
t:  47840
t:  47850
t:  47860
t:  47870
t:  47880
t:  47890
t:  47900
t:  47910
t:  47920
t:  47930
t:  47940
t:  47950
t:  47960
t:  47970
t:  47980
t:  47990
t:  48000
t:  48010
t:  48020
t:  48030
t:  48040
t:  48050
t:  48060
t:  48070
t:  48080
t:  48090
t:  48100
t:  48110
t:  48120
t:  48130
t:  48140
t:  48150
t:  48160
t:  48170
t:  48180
t:  48190
t:  48200
t:  48210
t:  48220
t:  48230
t:  48240
t:  48250
t:  48260
t:  48270
t:  48280
t:  48290
t:  48300
t:  48310
t:  48320
t:  48330
t:  48340
t:  48350
t:  48360
t:  48370
t:  48380
t:  48390
t:  48400
t:  48410
t:  48420
t:  48430
t:  48440
t:  48450
t:  48460
t:  48470
t:  48480
t:  48490
t:  48500
t:  48510
t:  48520
t:  48530
t:  48540
t:  48550
t:  48560
t:  48570
t:  48580
t:  48590
t:  48600
t:  48610
t:  48620
t:  48630
t:  48640
t:  48650
t:  48660
t:  48670
t:  48680
t:  48690
t:  48700
t:  48710
t:  48720
t:  48730
t:  48740
t:  48750
t:  48760
t:  48770
t:  48780
t:  48790
t:  48800
t:  48810
t:  48820
t:  48830
t:  48840
t:  48850
t:  48860
t:  48870
t:  48880
t:  48890
t:  48900
t:  48910
t:  48920
t:  48930
t:  48940
t:  48950
t:  48960
t:  48970
t:  48980
t:  48990
t:  49000
t:  49010
t:  49020
t:  49030
t:  49040
t:  49050
t:  49060
t:  49070
t:  49080
t:  49090
t:  49100
t:  49110
t:  49120
t:  49130
t:  49140
t:  49150
t:  49160
t:  49170
t:  49180
t:  49190
t:  49200
t:  49210
t:  49220
t:  49230
t:  49240
t:  49250
t:  49260
t:  49270
t:  49280
t:  49290
t:  49300
t:  49310
t:  49320
t:  49330
t:  49340
t:  49350
t:  49360
t:  49370
t:  49380
t:  49390
t:  49400
t:  49410
t:  49420
t:  49430
t:  49440
t:  49450
t:  49460
t:  49470
t:  49480
t:  49490
t:  49500
t:  49510
t:  49520
t:  49530
t:  49540
t:  49550
t:  49560
t:  49570
t:  49580
t:  49590
t:  49600
t:  49610
t:  49620
t:  49630
t:  49640
t:  49650
t:  49660
t:  49670
t:  49680
t:  49690
t:  49700
t:  49710
t:  49720
t:  49730
t:  49740
t:  49750
t:  49760
t:  49770
t:  49780
t:  49790
t:  49800
t:  49810
t:  49820
t:  49830
t:  49840
t:  49850
t:  49860
t:  49870
t:  49880
t:  49890
t:  49900
t:  49910
t:  49920
t:  49930
t:  49940
t:  49950
t:  49960
t:  49970
t:  49980
t:  49990
t:  50000
t:  50010
t:  50020
t:  50030
t:  50040
t:  50050
t:  50060
t:  50070
t:  50080
t:  50090
t:  50100
t:  50110
t:  50120
t:  50130
t:  50140
t:  50150
t:  50160
t:  50170
t:  50180
t:  50190
t:  50200
t:  50210
t:  50220
t:  50230
t:  50240
t:  50250
t:  50260
t:  50270
t:  50280
t:  50290
t:  50300
t:  50310
t:  50320
t:  50330
t:  50340
t:  50350
t:  50360
t:  50370
t:  50380
t:  50390
t:  50400
t:  50410
t:  50420
t:  50430
t:  50440
t:  50450
t:  50460
t:  50470
t:  50480
t:  50490
t:  50500
t:  50510
t:  50520
t:  50530
t:  50540
t:  50550
t:  50560
t:  50570
t:  50580
t:  50590
t:  50600
t:  50610
t:  50620
t:  50630
t:  50640
t:  50650
t:  50660
t:  50670
t:  50680
t:  50690
t:  50700
t:  50710
t:  50720
t:  50730
t:  50740
t:  50750
t:  50760
t:  50770
t:  50780
t:  50790
t:  50800
t:  50810
t:  50820
t:  50830
t:  50840
t:  50850
t:  50860
t:  50870
t:  50880
t:  50890
t:  50900
t:  50910
t:  50920
t:  50930
t:  50940
t:  50950
t:  50960
t:  50970
t:  50980
t:  50990
t:  51000
t:  51010
t:  51020
t:  51030
t:  51040
t:  51050
t:  51060
t:  51070
t:  51080
t:  51090
t:  51100
t:  51110
t:  51120
t:  51130
t:  51140
t:  51150
t:  51160
t:  51170
t:  51180
t:  51190
t:  51200
t:  51210
t:  51220
t:  51230
t:  51240
t:  51250
t:  51260
t:  51270
t:  51280
t:  51290
t:  51300
t:  51310
t:  51320
t:  51330
t:  51340
t:  51350
t:  51360
t:  51370
t:  51380
t:  51390
t:  51400
t:  51410
t:  51420
t:  51430
t:  51440
t:  51450
t:  51460
t:  51470
t:  51480
t:  51490
t:  51500
t:  51510
t:  51520
t:  51530
t:  51540
t:  51550
t:  51560
t:  51570
t:  51580
t:  51590
t:  51600
t:  51610
t:  51620
t:  51630
t:  51640
t:  51650
t:  51660
t:  51670
t:  51680
t:  51690
t:  51700
t:  51710
t:  51720
t:  51730
t:  51740
t:  51750
t:  51760
t:  51770
t:  51780
t:  51790
t:  51800
t:  51810
t:  51820
t:  51830
t:  51840
t:  51850
t:  51860
t:  51870
t:  51880
t:  51890
t:  51900
t:  51910
t:  51920
t:  51930
t:  51940
t:  51950
t:  51960
t:  51970
t:  51980
t:  51990
t:  52000
t:  52010
t:  52020
t:  52030
t:  52040
t:  52050
t:  52060
t:  52070
t:  52080
t:  52090
t:  52100
t:  52110
t:  52120
t:  52130
t:  52140
t:  52150
t:  52160
t:  52170
t:  52180
t:  52190
t:  52200
t:  52210
t:  52220
t:  52230
t:  52240
t:  52250
t:  52260
t:  52270
t:  52280
t:  52290
t:  52300
t:  52310
t:  52320
t:  52330
t:  52340
t:  52350
t:  52360
t:  52370
t:  52380
t:  52390
t:  52400
t:  52410
t:  52420
t:  52430
t:  52440
t:  52450
t:  52460
t:  52470
t:  52480
t:  52490
t:  52500
t:  52510
t:  52520
t:  52530
t:  52540
t:  52550
t:  52560
t:  52570
t:  52580
t:  52590
t:  52600
t:  52610
t:  52620
t:  52630
t:  52640
t:  52650
t:  52660
t:  52670
t:  52680
t:  52690
t:  52700
t:  52710
t:  52720
t:  52730
t:  52740
t:  52750
t:  52760
t:  52770
t:  52780
t:  52790
t:  52800
t:  52810
t:  52820
t:  52830
t:  52840
t:  52850
t:  52860
t:  52870
t:  52880
t:  52890
t:  52900
t:  52910
t:  52920
t:  52930
t:  52940
t:  52950
t:  52960
t:  52970
t:  52980
t:  52990
t:  53000
t:  53010
t:  53020
t:  53030
t:  53040
t:  53050
t:  53060
t:  53070
t:  53080
t:  53090
t:  53100
t:  53110
t:  53120
t:  53130
t:  53140
t:  53150
t:  53160
t:  53170
t:  53180
t:  53190
t:  53200
t:  53210
t:  53220
t:  53230
t:  53240
t:  53250
t:  53260
t:  53270
t:  53280
t:  53290
t:  53300
t:  53310
t:  53320
t:  53330
t:  53340
t:  53350
t:  53360
t:  53370
t:  53380
t:  53390
t:  53400
t:  53410
t:  53420
t:  53430
t:  53440
t:  53450
t:  53460
t:  53470
t:  53480
t:  53490
t:  53500
t:  53510
t:  53520
t:  53530
t:  53540
t:  53550
t:  53560
t:  53570
t:  53580
t:  53590
t:  53600
t:  53610
t:  53620
t:  53630
t:  53640
t:  53650
t:  53660
t:  53670
t:  53680
t:  53690
t:  53700
t:  53710
t:  53720
t:  53730
t:  53740
t:  53750
t:  53760
t:  53770
t:  53780
t:  53790
t:  53800
t:  53810
t:  53820
t:  53830
t:  53840
t:  53850
t:  53860
t:  53870
t:  53880
t:  53890
t:  53900
t:  53910
t:  53920
t:  53930
t:  53940
t:  53950
t:  53960
t:  53970
t:  53980
t:  53990
t:  54000
t:  54010
t:  54020
t:  54030
t:  54040
t:  54050
t:  54060
t:  54070
t:  54080
t:  54090
t:  54100
t:  54110
t:  54120
t:  54130
t:  54140
t:  54150
t:  54160
t:  54170
t:  54180
t:  54190
t:  54200
t:  54210
t:  54220
t:  54230
t:  54240
t:  54250
t:  54260
t:  54270
t:  54280
t:  54290
t:  54300
t:  54310
t:  54320
t:  54330
t:  54340
t:  54350
t:  54360
t:  54370
t:  54380
t:  54390
t:  54400
t:  54410
t:  54420
t:  54430
t:  54440
t:  54450
t:  54460
t:  54470
t:  54480
t:  54490
t:  54500
t:  54510
t:  54520
t:  54530
t:  54540
t:  54550
t:  54560
t:  54570
t:  54580
t:  54590
t:  54600
t:  54610
t:  54620
t:  54630
t:  54640
t:  54650
t:  54660
t:  54670
t:  54680
t:  54690
t:  54700
t:  54710
t:  54720
t:  54730
t:  54740
t:  54750
t:  54760
t:  54770
t:  54780
t:  54790
t:  54800
t:  54810
t:  54820
t:  54830
t:  54840
t:  54850
t:  54860
t:  54870
t:  54880
t:  54890
t:  54900
t:  54910
t:  54920
t:  54930
t:  54940
t:  54950
t:  54960
t:  54970
t:  54980
t:  54990
t:  55000
t:  55010
t:  55020
t:  55030
t:  55040
t:  55050
t:  55060
t:  55070
t:  55080
t:  55090
t:  55100
t:  55110
t:  55120
t:  55130
t:  55140
t:  55150
t:  55160
t:  55170
t:  55180
t:  55190
t:  55200
t:  55210
t:  55220
t:  55230
t:  55240
t:  55250
t:  55260
t:  55270
t:  55280
t:  55290
t:  55300
t:  55310
t:  55320
t:  55330
t:  55340
t:  55350
t:  55360
t:  55370
t:  55380
t:  55390
t:  55400
t:  55410
t:  55420
t:  55430
t:  55440
t:  55450
t:  55460
t:  55470
t:  55480
t:  55490
t:  55500
t:  55510
t:  55520
t:  55530
t:  55540
t:  55550
t:  55560
t:  55570
t:  55580
t:  55590
t:  55600
t:  55610
t:  55620
t:  55630
t:  55640
t:  55650
t:  55660
t:  55670
t:  55680
t:  55690
t:  55700
t:  55710
t:  55720
t:  55730
t:  55740
t:  55750
t:  55760
t:  55770
t:  55780
t:  55790
t:  55800
t:  55810
t:  55820
t:  55830
t:  55840
t:  55850
t:  55860
t:  55870
t:  55880
t:  55890
t:  55900
t:  55910
t:  55920
t:  55930
t:  55940
t:  55950
t:  55960
t:  55970
t:  55980
t:  55990
t:  56000
t:  56010
t:  56020
t:  56030
t:  56040
t:  56050
t:  56060
t:  56070
t:  56080
t:  56090
t:  56100
t:  56110
t:  56120
t:  56130
t:  56140
t:  56150
t:  56160
t:  56170
t:  56180
t:  56190
t:  56200
t:  56210
t:  56220
t:  56230
t:  56240
t:  56250
t:  56260
t:  56270
t:  56280
t:  56290
t:  56300
t:  56310
t:  56320
t:  56330
t:  56340
t:  56350
t:  56360
t:  56370
t:  56380
t:  56390
t:  56400
t:  56410
t:  56420
t:  56430
t:  56440
t:  56450
t:  56460
t:  56470
t:  56480
t:  56490
t:  56500
t:  56510
t:  56520
t:  56530
t:  56540
t:  56550
t:  56560
t:  56570
t:  56580
t:  56590
t:  56600
t:  56610
t:  56620
t:  56630
t:  56640
t:  56650
t:  56660
t:  56670
t:  56680
t:  56690
t:  56700
t:  56710
t:  56720
t:  56730
t:  56740
t:  56750
t:  56760
t:  56770
t:  56780
t:  56790
t:  56800
t:  56810
t:  56820
t:  56830
t:  56840
t:  56850
t:  56860
t:  56870
t:  56880
t:  56890
t:  56900
t:  56910
t:  56920
t:  56930
t:  56940
t:  56950
t:  56960
t:  56970
t:  56980
t:  56990
t:  57000
t:  57010
t:  57020
t:  57030
t:  57040
t:  57050
t:  57060
t:  57070
t:  57080
t:  57090
t:  57100
t:  57110
t:  57120
t:  57130
t:  57140
t:  57150
t:  57160
t:  57170
t:  57180
t:  57190
t:  57200
t:  57210
t:  57220
t:  57230
t:  57240
t:  57250
t:  57260
t:  57270
t:  57280
t:  57290
t:  57300
t:  57310
t:  57320
t:  57330
t:  57340
t:  57350
t:  57360
t:  57370
t:  57380
t:  57390
t:  57400
t:  57410
t:  57420
t:  57430
t:  57440
t:  57450
t:  57460
t:  57470
t:  57480
t:  57490
t:  57500
t:  57510
t:  57520
t:  57530
t:  57540
t:  57550
t:  57560
t:  57570
t:  57580
t:  57590
t:  57600
t:  57610
t:  57620
t:  57630
t:  57640
t:  57650
t:  57660
t:  57670
t:  57680
t:  57690
t:  57700
t:  57710
t:  57720
t:  57730
t:  57740
t:  57750
t:  57760
t:  57770
t:  57780
t:  57790
t:  57800
t:  57810
t:  57820
t:  57830
t:  57840
t:  57850
t:  57860
t:  57870
t:  57880
t:  57890
t:  57900
t:  57910
t:  57920
t:  57930
t:  57940
t:  57950
t:  57960
t:  57970
t:  57980
t:  57990
t:  58000
t:  58010
t:  58020
t:  58030
t:  58040
t:  58050
t:  58060
t:  58070
t:  58080
t:  58090
t:  58100
t:  58110
t:  58120
t:  58130
t:  58140
t:  58150
t:  58160
t:  58170
t:  58180
t:  58190
t:  58200
t:  58210
t:  58220
t:  58230
t:  58240
t:  58250
t:  58260
t:  58270
t:  58280
t:  58290
t:  58300
t:  58310
t:  58320
t:  58330
t:  58340
t:  58350
t:  58360
t:  58370
t:  58380
t:  58390
t:  58400
t:  58410
t:  58420
t:  58430
t:  58440
t:  58450
t:  58460
t:  58470
t:  58480
t:  58490
t:  58500
t:  58510
t:  58520
t:  58530
t:  58540
t:  58550
t:  58560
t:  58570
t:  58580
t:  58590
t:  58600
t:  58610
t:  58620
t:  58630
t:  58640
t:  58650
t:  58660
t:  58670
t:  58680
t:  58690
t:  58700
t:  58710
t:  58720
t:  58730
t:  58740
t:  58750
t:  58760
t:  58770
t:  58780
t:  58790
t:  58800
t:  58810
t:  58820
t:  58830
t:  58840
t:  58850
t:  58860
t:  58870
t:  58880
t:  58890
t:  58900
t:  58910
t:  58920
t:  58930
t:  58940
t:  58950
t:  58960
t:  58970
t:  58980
t:  58990
t:  59000
t:  59010
t:  59020
t:  59030
t:  59040
t:  59050
t:  59060
t:  59070
t:  59080
t:  59090
t:  59100
t:  59110
t:  59120
t:  59130
t:  59140
t:  59150
t:  59160
t:  59170
t:  59180
t:  59190
t:  59200
t:  59210
t:  59220
t:  59230
t:  59240
t:  59250
t:  59260
t:  59270
t:  59280
t:  59290
t:  59300
t:  59310
t:  59320
t:  59330
t:  59340
t:  59350
t:  59360
t:  59370
t:  59380
t:  59390
t:  59400
t:  59410
t:  59420
t:  59430
t:  59440
t:  59450
t:  59460
t:  59470
t:  59480
t:  59490
t:  59500
t:  59510
t:  59520
t:  59530
t:  59540
t:  59550
t:  59560
t:  59570
t:  59580
t:  59590
t:  59600
t:  59610
t:  59620
t:  59630
t:  59640
t:  59650
t:  59660
t:  59670
t:  59680
t:  59690
t:  59700
t:  59710
t:  59720
t:  59730
t:  59740
t:  59750
t:  59760
t:  59770
t:  59780
t:  59790
t:  59800
t:  59810
t:  59820
t:  59830
t:  59840
t:  59850
t:  59860
t:  59870
t:  59880
t:  59890
t:  59900
t:  59910
t:  59920
t:  59930
t:  59940
t:  59950
t:  59960
t:  59970
t:  59980
t:  59990
t:  60000
t:  60010
t:  60020
t:  60030
t:  60040
t:  60050
t:  60060
t:  60070
t:  60080
t:  60090
t:  60100
t:  60110
t:  60120
t:  60130
t:  60140
t:  60150
t:  60160
t:  60170
t:  60180
t:  60190
t:  60200
t:  60210
t:  60220
t:  60230
t:  60240
t:  60250
t:  60260
t:  60270
t:  60280
t:  60290
t:  60300
t:  60310
t:  60320
t:  60330
t:  60340
t:  60350
t:  60360
t:  60370
t:  60380
t:  60390
t:  60400
t:  60410
t:  60420
t:  60430
t:  60440
t:  60450
t:  60460
t:  60470
t:  60480
t:  60490
t:  60500
t:  60510
t:  60520
t:  60530
t:  60540
t:  60550
t:  60560
t:  60570
t:  60580
t:  60590
t:  60600
t:  60610
t:  60620
t:  60630
t:  60640
t:  60650
t:  60660
t:  60670
t:  60680
t:  60690
t:  60700
t:  60710
t:  60720
t:  60730
t:  60740
t:  60750
t:  60760
t:  60770
t:  60780
t:  60790
t:  60800
t:  60810
t:  60820
t:  60830
t:  60840
t:  60850
t:  60860
t:  60870
t:  60880
t:  60890
t:  60900
t:  60910
t:  60920
t:  60930
t:  60940
t:  60950
t:  60960
t:  60970
t:  60980
t:  60990
t:  61000
t:  61010
t:  61020
t:  61030
t:  61040
t:  61050
t:  61060
t:  61070
t:  61080
t:  61090
t:  61100
t:  61110
t:  61120
t:  61130
t:  61140
t:  61150
t:  61160
t:  61170
t:  61180
t:  61190
t:  61200
t:  61210
t:  61220
t:  61230
t:  61240
t:  61250
t:  61260
t:  61270
t:  61280
t:  61290
t:  61300
t:  61310
t:  61320
t:  61330
t:  61340
t:  61350
t:  61360
t:  61370
t:  61380
t:  61390
t:  61400
t:  61410
t:  61420
t:  61430
t:  61440
t:  61450
t:  61460
t:  61470
t:  61480
t:  61490
t:  61500
t:  61510
t:  61520
t:  61530
t:  61540
t:  61550
t:  61560
t:  61570
t:  61580
t:  61590
t:  61600
t:  61610
t:  61620
t:  61630
t:  61640
t:  61650
t:  61660
t:  61670
t:  61680
t:  61690
t:  61700
t:  61710
t:  61720
t:  61730
t:  61740
t:  61750
t:  61760
t:  61770
t:  61780
t:  61790
t:  61800
t:  61810
t:  61820
t:  61830
t:  61840
t:  61850
t:  61860
t:  61870
t:  61880
t:  61890
t:  61900
t:  61910
t:  61920
t:  61930
t:  61940
t:  61950
t:  61960
t:  61970
t:  61980
t:  61990
t:  62000
t:  62010
t:  62020
t:  62030
t:  62040
t:  62050
t:  62060
t:  62070
t:  62080
t:  62090
t:  62100
t:  62110
t:  62120
t:  62130
t:  62140
t:  62150
t:  62160
t:  62170
t:  62180
t:  62190
t:  62200
t:  62210
t:  62220
t:  62230
t:  62240
t:  62250
t:  62260
t:  62270
t:  62280
t:  62290
t:  62300
t:  62310
t:  62320
t:  62330
t:  62340
t:  62350
t:  62360
t:  62370
t:  62380
t:  62390
t:  62400
t:  62410
t:  62420
t:  62430
t:  62440
t:  62450
t:  62460
t:  62470
t:  62480
t:  62490
t:  62500
t:  62510
t:  62520
t:  62530
t:  62540
t:  62550
t:  62560
t:  62570
t:  62580
t:  62590
t:  62600
t:  62610
t:  62620
t:  62630
t:  62640
t:  62650
t:  62660
t:  62670
t:  62680
t:  62690
t:  62700
t:  62710
t:  62720
t:  62730
t:  62740
t:  62750
t:  62760
t:  62770
t:  62780
t:  62790
t:  62800
t:  62810
t:  62820
t:  62830
t:  62840
t:  62850
t:  62860
t:  62870
t:  62880
t:  62890
t:  62900
t:  62910
t:  62920
t:  62930
t:  62940
t:  62950
t:  62960
t:  62970
t:  62980
t:  62990
t:  63000
t:  63010
t:  63020
t:  63030
t:  63040
t:  63050
t:  63060
t:  63070
t:  63080
t:  63090
t:  63100
t:  63110
t:  63120
t:  63130
t:  63140
t:  63150
t:  63160
t:  63170
t:  63180
t:  63190
t:  63200
t:  63210
t:  63220
t:  63230
t:  63240
t:  63250
t:  63260
t:  63270
t:  63280
t:  63290
t:  63300
t:  63310
t:  63320
t:  63330
t:  63340
t:  63350
t:  63360
t:  63370
t:  63380
t:  63390
t:  63400
t:  63410
t:  63420
t:  63430
t:  63440
t:  63450
t:  63460
t:  63470
t:  63480
t:  63490
t:  63500
t:  63510
t:  63520
t:  63530
t:  63540
t:  63550
t:  63560
t:  63570
t:  63580
t:  63590
t:  63600
t:  63610
t:  63620
t:  63630
t:  63640
t:  63650
t:  63660
t:  63670
t:  63680
t:  63690
t:  63700
t:  63710
t:  63720
t:  63730
t:  63740
t:  63750
t:  63760
t:  63770
t:  63780
t:  63790
t:  63800
t:  63810
t:  63820
t:  63830
t:  63840
t:  63850
t:  63860
t:  63870
t:  63880
t:  63890
t:  63900
t:  63910
t:  63920
t:  63930
t:  63940
t:  63950
t:  63960
t:  63970
t:  63980
t:  63990
t:  64000
t:  64010
t:  64020
t:  64030
t:  64040
t:  64050
t:  64060
t:  64070
t:  64080
t:  64090
t:  64100
t:  64110
t:  64120
t:  64130
t:  64140
t:  64150
t:  64160
t:  64170
t:  64180
t:  64190
t:  64200
t:  64210
t:  64220
t:  64230
t:  64240
t:  64250
t:  64260
t:  64270
t:  64280
t:  64290
t:  64300
t:  64310
t:  64320
t:  64330
t:  64340
t:  64350
t:  64360
t:  64370
t:  64380
t:  64390
t:  64400
t:  64410
t:  64420
t:  64430
t:  64440
t:  64450
t:  64460
t:  64470
t:  64480
t:  64490
t:  64500
t:  64510
t:  64520
t:  64530
t:  64540
t:  64550
t:  64560
t:  64570
t:  64580
t:  64590
t:  64600
t:  64610
t:  64620
t:  64630
t:  64640
t:  64650
t:  64660
t:  64670
t:  64680
t:  64690
t:  64700
t:  64710
t:  64720
t:  64730
t:  64740
t:  64750
t:  64760
t:  64770
t:  64780
t:  64790
t:  64800
t:  64810
t:  64820
t:  64830
t:  64840
t:  64850
t:  64860
t:  64870
t:  64880
t:  64890
t:  64900
t:  64910
t:  64920
t:  64930
t:  64940
t:  64950
t:  64960
t:  64970
t:  64980
t:  64990
t:  65000
t:  65010
t:  65020
t:  65030
t:  65040
t:  65050
t:  65060
t:  65070
t:  65080
t:  65090
t:  65100
t:  65110
t:  65120
t:  65130
t:  65140
t:  65150
t:  65160
t:  65170
t:  65180
t:  65190
t:  65200
t:  65210
t:  65220
t:  65230
t:  65240
t:  65250
t:  65260
t:  65270
t:  65280
t:  65290
t:  65300
t:  65310
t:  65320
t:  65330
t:  65340
t:  65350
t:  65360
t:  65370
t:  65380
t:  65390
t:  65400
t:  65410
t:  65420
t:  65430
t:  65440
t:  65450
t:  65460
t:  65470
t:  65480
t:  65490
t:  65500
t:  65510
t:  65520
t:  65530
t:  65540
t:  65550
t:  65560
t:  65570
t:  65580
t:  65590
t:  65600
t:  65610
t:  65620
t:  65630
t:  65640
t:  65650
t:  65660
t:  65670
t:  65680
t:  65690
t:  65700
t:  65710
t:  65720
t:  65730
t:  65740
t:  65750
t:  65760
t:  65770
t:  65780
t:  65790
t:  65800
t:  65810
t:  65820
t:  65830
t:  65840
t:  65850
t:  65860
t:  65870
t:  65880
t:  65890
t:  65900
t:  65910
t:  65920
t:  65930
t:  65940
t:  65950
t:  65960
t:  65970
t:  65980
t:  65990
t:  66000
t:  66010
t:  66020
t:  66030
t:  66040
t:  66050
t:  66060
t:  66070
t:  66080
t:  66090
t:  66100
t:  66110
t:  66120
t:  66130
t:  66140
t:  66150
t:  66160
t:  66170
t:  66180
t:  66190
t:  66200
t:  66210
t:  66220
t:  66230
t:  66240
t:  66250
t:  66260
t:  66270
t:  66280
t:  66290
t:  66300
t:  66310
t:  66320
t:  66330
t:  66340
t:  66350
t:  66360
t:  66370
t:  66380
t:  66390
t:  66400
t:  66410
t:  66420
t:  66430
t:  66440
t:  66450
t:  66460
t:  66470
t:  66480
t:  66490
t:  66500
t:  66510
t:  66520
t:  66530
t:  66540
t:  66550
t:  66560
t:  66570
t:  66580
t:  66590
t:  66600
t:  66610
t:  66620
t:  66630
t:  66640
t:  66650
t:  66660
t:  66670
t:  66680
t:  66690
t:  66700
t:  66710
t:  66720
t:  66730
t:  66740
t:  66750
t:  66760
t:  66770
t:  66780
t:  66790
t:  66800
t:  66810
t:  66820
t:  66830
t:  66840
t:  66850
t:  66860
t:  66870
t:  66880
t:  66890
t:  66900
t:  66910
t:  66920
t:  66930
t:  66940
t:  66950
t:  66960
t:  66970
t:  66980
t:  66990
t:  67000
t:  67010
t:  67020
t:  67030
t:  67040
t:  67050
t:  67060
t:  67070
t:  67080
t:  67090
t:  67100
t:  67110
t:  67120
t:  67130
t:  67140
t:  67150
t:  67160
t:  67170
t:  67180
t:  67190
t:  67200
t:  67210
t:  67220
t:  67230
t:  67240
t:  67250
t:  67260
t:  67270
t:  67280
t:  67290
t:  67300
t:  67310
t:  67320
t:  67330
t:  67340
t:  67350
t:  67360
t:  67370
t:  67380
t:  67390
t:  67400
t:  67410
t:  67420
t:  67430
t:  67440
t:  67450
t:  67460
t:  67470
t:  67480
t:  67490
t:  67500
t:  67510
t:  67520
t:  67530
t:  67540
t:  67550
t:  67560
t:  67570
t:  67580
t:  67590
t:  67600
t:  67610
t:  67620
t:  67630
t:  67640
t:  67650
t:  67660
t:  67670
t:  67680
t:  67690
t:  67700
t:  67710
t:  67720
t:  67730
t:  67740
t:  67750
t:  67760
t:  67770
t:  67780
t:  67790
t:  67800
t:  67810
t:  67820
t:  67830
t:  67840
t:  67850
t:  67860
t:  67870
t:  67880
t:  67890
t:  67900
t:  67910
t:  67920
t:  67930
t:  67940
t:  67950
t:  67960
t:  67970
t:  67980
t:  67990
t:  68000
t:  68010
t:  68020
t:  68030
t:  68040
t:  68050
t:  68060
t:  68070
t:  68080
t:  68090
t:  68100
t:  68110
t:  68120
t:  68130
t:  68140
t:  68150
t:  68160
t:  68170
t:  68180
t:  68190
t:  68200
t:  68210
t:  68220
t:  68230
t:  68240
t:  68250
t:  68260
t:  68270
t:  68280
t:  68290
t:  68300
t:  68310
t:  68320
t:  68330
t:  68340
t:  68350
t:  68360
t:  68370
t:  68380
t:  68390
t:  68400
t:  68410
t:  68420
t:  68430
t:  68440
t:  68450
t:  68460
t:  68470
t:  68480
t:  68490
t:  68500
t:  68510
t:  68520
t:  68530
t:  68540
t:  68550
t:  68560
t:  68570
t:  68580
t:  68590
t:  68600
t:  68610
t:  68620
t:  68630
t:  68640
t:  68650
t:  68660
t:  68670
t:  68680
t:  68690
t:  68700
t:  68710
t:  68720
t:  68730
t:  68740
t:  68750
t:  68760
t:  68770
t:  68780
t:  68790
t:  68800
t:  68810
t:  68820
t:  68830
t:  68840
t:  68850
t:  68860
t:  68870
t:  68880
t:  68890
t:  68900
t:  68910
t:  68920
t:  68930
t:  68940
t:  68950
t:  68960
t:  68970
t:  68980
t:  68990
t:  69000
t:  69010
t:  69020
t:  69030
t:  69040
t:  69050
t:  69060
t:  69070
t:  69080
t:  69090
t:  69100
t:  69110
t:  69120
t:  69130
t:  69140
t:  69150
t:  69160
t:  69170
t:  69180
t:  69190
t:  69200
t:  69210
t:  69220
t:  69230
t:  69240
t:  69250
t:  69260
t:  69270
t:  69280
t:  69290
t:  69300
t:  69310
t:  69320
t:  69330
t:  69340
t:  69350
t:  69360
t:  69370
t:  69380
t:  69390
t:  69400
t:  69410
t:  69420
t:  69430
t:  69440
t:  69450
t:  69460
t:  69470
t:  69480
t:  69490
t:  69500
t:  69510
t:  69520
t:  69530
t:  69540
t:  69550
t:  69560
t:  69570
t:  69580
t:  69590
t:  69600
t:  69610
t:  69620
t:  69630
t:  69640
t:  69650
t:  69660
t:  69670
t:  69680
t:  69690
t:  69700
t:  69710
t:  69720
t:  69730
t:  69740
t:  69750
t:  69760
t:  69770
t:  69780
t:  69790
t:  69800
t:  69810
t:  69820
t:  69830
t:  69840
t:  69850
t:  69860
t:  69870
t:  69880
t:  69890
t:  69900
t:  69910
t:  69920
t:  69930
t:  69940
t:  69950
t:  69960
t:  69970
t:  69980
t:  69990
t:  70000
t:  70010
t:  70020
t:  70030
t:  70040
t:  70050
t:  70060
t:  70070
t:  70080
t:  70090
t:  70100
t:  70110
t:  70120
t:  70130
t:  70140
t:  70150
t:  70160
t:  70170
t:  70180
t:  70190
t:  70200
t:  70210
t:  70220
t:  70230
t:  70240
t:  70250
t:  70260
t:  70270
t:  70280
t:  70290
t:  70300
t:  70310
t:  70320
t:  70330
t:  70340
t:  70350
t:  70360
t:  70370
t:  70380
t:  70390
t:  70400
t:  70410
t:  70420
t:  70430
t:  70440
t:  70450
t:  70460
t:  70470
t:  70480
t:  70490
t:  70500
t:  70510
t:  70520
t:  70530
t:  70540
t:  70550
t:  70560
t:  70570
t:  70580
t:  70590
t:  70600
t:  70610
t:  70620
t:  70630
t:  70640
t:  70650
t:  70660
t:  70670
t:  70680
t:  70690
t:  70700
t:  70710
t:  70720
t:  70730
t:  70740
t:  70750
t:  70760
t:  70770
t:  70780
t:  70790
t:  70800
t:  70810
t:  70820
t:  70830
t:  70840
t:  70850
t:  70860
t:  70870
t:  70880
t:  70890
t:  70900
t:  70910
t:  70920
t:  70930
t:  70940
t:  70950
t:  70960
t:  70970
t:  70980
t:  70990
t:  71000
t:  71010
t:  71020
t:  71030
t:  71040
t:  71050
t:  71060
t:  71070
t:  71080
t:  71090
t:  71100
t:  71110
t:  71120
t:  71130
t:  71140
t:  71150
t:  71160
t:  71170
t:  71180
t:  71190
t:  71200
t:  71210
t:  71220
t:  71230
t:  71240
t:  71250
t:  71260
t:  71270
t:  71280
t:  71290
t:  71300
t:  71310
t:  71320
t:  71330
t:  71340
t:  71350
t:  71360
t:  71370
t:  71380
t:  71390
t:  71400
t:  71410
t:  71420
t:  71430
t:  71440
t:  71450
t:  71460
t:  71470
t:  71480
t:  71490
t:  71500
t:  71510
t:  71520
t:  71530
t:  71540
t:  71550
t:  71560
t:  71570
t:  71580
t:  71590
t:  71600
t:  71610
t:  71620
t:  71630
t:  71640
t:  71650
t:  71660
t:  71670
t:  71680
t:  71690
t:  71700
t:  71710
t:  71720
t:  71730
t:  71740
t:  71750
t:  71760
t:  71770
t:  71780
t:  71790
t:  71800
t:  71810
t:  71820
t:  71830
t:  71840
t:  71850
t:  71860
t:  71870
t:  71880
t:  71890
t:  71900
t:  71910
t:  71920
t:  71930
t:  71940
t:  71950
t:  71960
t:  71970
t:  71980
t:  71990
t:  72000
t:  72010
t:  72020
t:  72030
t:  72040
t:  72050
t:  72060
t:  72070
t:  72080
t:  72090
t:  72100
t:  72110
t:  72120
t:  72130
t:  72140
t:  72150
t:  72160
t:  72170
t:  72180
t:  72190
t:  72200
t:  72210
t:  72220
t:  72230
t:  72240
t:  72250
t:  72260
t:  72270
t:  72280
t:  72290
t:  72300
t:  72310
t:  72320
t:  72330
t:  72340
t:  72350
t:  72360
t:  72370
t:  72380
t:  72390
t:  72400
t:  72410
t:  72420
t:  72430
t:  72440
t:  72450
t:  72460
t:  72470
t:  72480
t:  72490
t:  72500
t:  72510
t:  72520
t:  72530
t:  72540
t:  72550
t:  72560
t:  72570
t:  72580
t:  72590
t:  72600
t:  72610
t:  72620
t:  72630
t:  72640
t:  72650
t:  72660
t:  72670
t:  72680
t:  72690
t:  72700
t:  72710
t:  72720
t:  72730
t:  72740
t:  72750
t:  72760
t:  72770
t:  72780
t:  72790
t:  72800
t:  72810
t:  72820
t:  72830
t:  72840
t:  72850
t:  72860
t:  72870
t:  72880
t:  72890
t:  72900
t:  72910
t:  72920
t:  72930
t:  72940
t:  72950
t:  72960
t:  72970
t:  72980
t:  72990
t:  73000
t:  73010
t:  73020
t:  73030
t:  73040
t:  73050
t:  73060
t:  73070
t:  73080
t:  73090
t:  73100
t:  73110
t:  73120
t:  73130
t:  73140
t:  73150
t:  73160
t:  73170
t:  73180
t:  73190
t:  73200
t:  73210
t:  73220
t:  73230
t:  73240
t:  73250
t:  73260
t:  73270
t:  73280
t:  73290
t:  73300
t:  73310
t:  73320
t:  73330
t:  73340
t:  73350
t:  73360
t:  73370
t:  73380
t:  73390
t:  73400
t:  73410
t:  73420
t:  73430
t:  73440
t:  73450
t:  73460
t:  73470
t:  73480
t:  73490
t:  73500
t:  73510
t:  73520
t:  73530
t:  73540
t:  73550
t:  73560
t:  73570
t:  73580
t:  73590
t:  73600
t:  73610
t:  73620
t:  73630
t:  73640
t:  73650
t:  73660
t:  73670
t:  73680
t:  73690
t:  73700
t:  73710
t:  73720
t:  73730
t:  73740
t:  73750
t:  73760
t:  73770
t:  73780
t:  73790
t:  73800
t:  73810
t:  73820
t:  73830
t:  73840
t:  73850
t:  73860
t:  73870
t:  73880
t:  73890
t:  73900
t:  73910
t:  73920
t:  73930
t:  73940
t:  73950
t:  73960
t:  73970
t:  73980
t:  73990
t:  74000
t:  74010
t:  74020
t:  74030
t:  74040
t:  74050
t:  74060
t:  74070
t:  74080
t:  74090
t:  74100
t:  74110
t:  74120
t:  74130
t:  74140
t:  74150
t:  74160
t:  74170
t:  74180
t:  74190
t:  74200
t:  74210
t:  74220
t:  74230
t:  74240
t:  74250
t:  74260
t:  74270
t:  74280
t:  74290
t:  74300
t:  74310
t:  74320
t:  74330
t:  74340
t:  74350
t:  74360
t:  74370
t:  74380
t:  74390
t:  74400
t:  74410
t:  74420
t:  74430
t:  74440
t:  74450
t:  74460
t:  74470
t:  74480
t:  74490
t:  74500
t:  74510
t:  74520
t:  74530
t:  74540
t:  74550
t:  74560
t:  74570
t:  74580
t:  74590
t:  74600
t:  74610
t:  74620
t:  74630
t:  74640
t:  74650
t:  74660
t:  74670
t:  74680
t:  74690
t:  74700
t:  74710
t:  74720
t:  74730
t:  74740
t:  74750
t:  74760
t:  74770
t:  74780
t:  74790
t:  74800
t:  74810
t:  74820
t:  74830
t:  74840
t:  74850
t:  74860
t:  74870
t:  74880
t:  74890
t:  74900
t:  74910
t:  74920
t:  74930
t:  74940
t:  74950
t:  74960
t:  74970
t:  74980
t:  74990
t:  75000
t:  75010
t:  75020
t:  75030
t:  75040
t:  75050
t:  75060
t:  75070
t:  75080
t:  75090
t:  75100
t:  75110
t:  75120
t:  75130
t:  75140
t:  75150
t:  75160
t:  75170
t:  75180
t:  75190
t:  75200
t:  75210
t:  75220
t:  75230
t:  75240
t:  75250
t:  75260
t:  75270
t:  75280
t:  75290
t:  75300
t:  75310
t:  75320
t:  75330
t:  75340
t:  75350
t:  75360
t:  75370
t:  75380
t:  75390
t:  75400
t:  75410
t:  75420
t:  75430
t:  75440
t:  75450
t:  75460
t:  75470
t:  75480
t:  75490
t:  75500
t:  75510
t:  75520
t:  75530
t:  75540
t:  75550
t:  75560
t:  75570
t:  75580
t:  75590
t:  75600
t:  75610
t:  75620
t:  75630
t:  75640
t:  75650
t:  75660
t:  75670
t:  75680
t:  75690
t:  75700
t:  75710
t:  75720
t:  75730
t:  75740
t:  75750
t:  75760
t:  75770
t:  75780
t:  75790
t:  75800
t:  75810
t:  75820
t:  75830
t:  75840
t:  75850
t:  75860
t:  75870
t:  75880
t:  75890
t:  75900
t:  75910
t:  75920
t:  75930
t:  75940
t:  75950
t:  75960
t:  75970
t:  75980
t:  75990
t:  76000
t:  76010
t:  76020
t:  76030
t:  76040
t:  76050
t:  76060
t:  76070
t:  76080
t:  76090
t:  76100
t:  76110
t:  76120
t:  76130
t:  76140
t:  76150
t:  76160
t:  76170
t:  76180
t:  76190
t:  76200
t:  76210
t:  76220
t:  76230
t:  76240
t:  76250
t:  76260
t:  76270
t:  76280
t:  76290
t:  76300
t:  76310
t:  76320
t:  76330
t:  76340
t:  76350
t:  76360
t:  76370
t:  76380
t:  76390
t:  76400
t:  76410
t:  76420
t:  76430
t:  76440
t:  76450
t:  76460
t:  76470
t:  76480
t:  76490
t:  76500
t:  76510
t:  76520
t:  76530
t:  76540
t:  76550
t:  76560
t:  76570
t:  76580
t:  76590
t:  76600
t:  76610
t:  76620
t:  76630
t:  76640
t:  76650
t:  76660
t:  76670
t:  76680
t:  76690
t:  76700
t:  76710
t:  76720
t:  76730
t:  76740
t:  76750
t:  76760
t:  76770
t:  76780
t:  76790
t:  76800
t:  76810
t:  76820
t:  76830
t:  76840
t:  76850
t:  76860
t:  76870
t:  76880
t:  76890
t:  76900
t:  76910
t:  76920
t:  76930
t:  76940
t:  76950
t:  76960
t:  76970
t:  76980
t:  76990
t:  77000
t:  77010
t:  77020
t:  77030
t:  77040
t:  77050
t:  77060
t:  77070
t:  77080
t:  77090
t:  77100
t:  77110
t:  77120
t:  77130
t:  77140
t:  77150
t:  77160
t:  77170
t:  77180
t:  77190
t:  77200
t:  77210
t:  77220
t:  77230
t:  77240
t:  77250
t:  77260
t:  77270
t:  77280
t:  77290
t:  77300
t:  77310
t:  77320
t:  77330
t:  77340
t:  77350
t:  77360
t:  77370
t:  77380
t:  77390
t:  77400
t:  77410
t:  77420
t:  77430
t:  77440
t:  77450
t:  77460
t:  77470
t:  77480
t:  77490
t:  77500
t:  77510
t:  77520
t:  77530
t:  77540
t:  77550
t:  77560
t:  77570
t:  77580
t:  77590
t:  77600
t:  77610
t:  77620
t:  77630
t:  77640
t:  77650
t:  77660
t:  77670
t:  77680
t:  77690
t:  77700
t:  77710
t:  77720
t:  77730
t:  77740
t:  77750
t:  77760
t:  77770
t:  77780
t:  77790
t:  77800
t:  77810
t:  77820
t:  77830
t:  77840
t:  77850
t:  77860
t:  77870
t:  77880
t:  77890
t:  77900
t:  77910
t:  77920
t:  77930
t:  77940
t:  77950
t:  77960
t:  77970
t:  77980
t:  77990
t:  78000
t:  78010
t:  78020
t:  78030
t:  78040
t:  78050
t:  78060
t:  78070
t:  78080
t:  78090
t:  78100
t:  78110
t:  78120
t:  78130
t:  78140
t:  78150
t:  78160
t:  78170
t:  78180
t:  78190
t:  78200
t:  78210
t:  78220
t:  78230
t:  78240
t:  78250
t:  78260
t:  78270
t:  78280
t:  78290
t:  78300
t:  78310
t:  78320
t:  78330
t:  78340
t:  78350
t:  78360
t:  78370
t:  78380
t:  78390
t:  78400
t:  78410
t:  78420
t:  78430
t:  78440
t:  78450
t:  78460
t:  78470
t:  78480
t:  78490
t:  78500
t:  78510
t:  78520
t:  78530
t:  78540
t:  78550
t:  78560
t:  78570
t:  78580
t:  78590
t:  78600
t:  78610
t:  78620
t:  78630
t:  78640
t:  78650
t:  78660
t:  78670
t:  78680
t:  78690
t:  78700
t:  78710
t:  78720
t:  78730
t:  78740
t:  78750
t:  78760
t:  78770
t:  78780
t:  78790
t:  78800
t:  78810
t:  78820
t:  78830
t:  78840
t:  78850
t:  78860
t:  78870
t:  78880
t:  78890
t:  78900
t:  78910
t:  78920
t:  78930
t:  78940
t:  78950
t:  78960
t:  78970
t:  78980
t:  78990
t:  79000
t:  79010
t:  79020
t:  79030
t:  79040
t:  79050
t:  79060
t:  79070
t:  79080
t:  79090
t:  79100
t:  79110
t:  79120
t:  79130
t:  79140
t:  79150
t:  79160
t:  79170
t:  79180
t:  79190
t:  79200
t:  79210
t:  79220
t:  79230
t:  79240
t:  79250
t:  79260
t:  79270
t:  79280
t:  79290
t:  79300
t:  79310
t:  79320
t:  79330
t:  79340
t:  79350
t:  79360
t:  79370
t:  79380
t:  79390
t:  79400
t:  79410
t:  79420
t:  79430
t:  79440
t:  79450
t:  79460
t:  79470
t:  79480
t:  79490
t:  79500
t:  79510
t:  79520
t:  79530
t:  79540
t:  79550
t:  79560
t:  79570
t:  79580
t:  79590
t:  79600
t:  79610
t:  79620
t:  79630
t:  79640
t:  79650
t:  79660
t:  79670
t:  79680
t:  79690
t:  79700
t:  79710
t:  79720
t:  79730
t:  79740
t:  79750
t:  79760
t:  79770
t:  79780
t:  79790
t:  79800
t:  79810
t:  79820
t:  79830
t:  79840
t:  79850
t:  79860
t:  79870
t:  79880
t:  79890
t:  79900
t:  79910
t:  79920
t:  79930
t:  79940
t:  79950
t:  79960
t:  79970
t:  79980
t:  79990
t:  80000
t:  80010
t:  80020
t:  80030
t:  80040
t:  80050
t:  80060
t:  80070
t:  80080
t:  80090
t:  80100
t:  80110
t:  80120
t:  80130
t:  80140
t:  80150
t:  80160
t:  80170
t:  80180
t:  80190
t:  80200
t:  80210
t:  80220
t:  80230
t:  80240
t:  80250
t:  80260
t:  80270
t:  80280
t:  80290
t:  80300
t:  80310
t:  80320
t:  80330
t:  80340
t:  80350
t:  80360
t:  80370
t:  80380
t:  80390
t:  80400
t:  80410
t:  80420
t:  80430
t:  80440
t:  80450
t:  80460
t:  80470
t:  80480
t:  80490
t:  80500
t:  80510
t:  80520
t:  80530
t:  80540
t:  80550
t:  80560
t:  80570
t:  80580
t:  80590
t:  80600
t:  80610
t:  80620
t:  80630
t:  80640
t:  80650
t:  80660
t:  80670
t:  80680
t:  80690
t:  80700
t:  80710
t:  80720
t:  80730
t:  80740
t:  80750
t:  80760
t:  80770
t:  80780
t:  80790
t:  80800
t:  80810
t:  80820
t:  80830
t:  80840
t:  80850
t:  80860
t:  80870
t:  80880
t:  80890
t:  80900
t:  80910
t:  80920
t:  80930
t:  80940
t:  80950
t:  80960
t:  80970
t:  80980
t:  80990
t:  81000
t:  81010
t:  81020
t:  81030
t:  81040
t:  81050
t:  81060
t:  81070
t:  81080
t:  81090
t:  81100
t:  81110
t:  81120
t:  81130
t:  81140
t:  81150
t:  81160
t:  81170
t:  81180
t:  81190
t:  81200
t:  81210
t:  81220
t:  81230
t:  81240
t:  81250
t:  81260
t:  81270
t:  81280
t:  81290
t:  81300
t:  81310
t:  81320
t:  81330
t:  81340
t:  81350
t:  81360
t:  81370
t:  81380
t:  81390
t:  81400
t:  81410
t:  81420
t:  81430
t:  81440
t:  81450
t:  81460
t:  81470
t:  81480
t:  81490
t:  81500
t:  81510
t:  81520
t:  81530
t:  81540
t:  81550
t:  81560
t:  81570
t:  81580
t:  81590
t:  81600
t:  81610
t:  81620
t:  81630
t:  81640
t:  81650
t:  81660
t:  81670
t:  81680
t:  81690
t:  81700
t:  81710
t:  81720
t:  81730
t:  81740
t:  81750
t:  81760
t:  81770
t:  81780
t:  81790
t:  81800
t:  81810
t:  81820
t:  81830
t:  81840
t:  81850
t:  81860
t:  81870
t:  81880
t:  81890
t:  81900
t:  81910
t:  81920
t:  81930
t:  81940
t:  81950
t:  81960
t:  81970
t:  81980
t:  81990
t:  82000
t:  82010
t:  82020
t:  82030
t:  82040
t:  82050
t:  82060
t:  82070
t:  82080
t:  82090
t:  82100
t:  82110
t:  82120
t:  82130
t:  82140
t:  82150
t:  82160
t:  82170
t:  82180
t:  82190
t:  82200
t:  82210
t:  82220
t:  82230
t:  82240
t:  82250
t:  82260
t:  82270
t:  82280
t:  82290
t:  82300
t:  82310
t:  82320
t:  82330
t:  82340
t:  82350
t:  82360
t:  82370
t:  82380
t:  82390
t:  82400
t:  82410
t:  82420
t:  82430
t:  82440
t:  82450
t:  82460
t:  82470
t:  82480
t:  82490
t:  82500
t:  82510
t:  82520
t:  82530
t:  82540
t:  82550
t:  82560
t:  82570
t:  82580
t:  82590
t:  82600
t:  82610
t:  82620
t:  82630
t:  82640
t:  82650
t:  82660
t:  82670
t:  82680
t:  82690
t:  82700
t:  82710
t:  82720
t:  82730
t:  82740
t:  82750
t:  82760
t:  82770
t:  82780
t:  82790
t:  82800
t:  82810
t:  82820
t:  82830
t:  82840
t:  82850
t:  82860
t:  82870
t:  82880
t:  82890
t:  82900
t:  82910
t:  82920
t:  82930
t:  82940
t:  82950
t:  82960
t:  82970
t:  82980
t:  82990
t:  83000
t:  83010
t:  83020
t:  83030
t:  83040
t:  83050
t:  83060
t:  83070
t:  83080
t:  83090
t:  83100
t:  83110
t:  83120
t:  83130
t:  83140
t:  83150
t:  83160
t:  83170
t:  83180
t:  83190
t:  83200
t:  83210
t:  83220
t:  83230
t:  83240
t:  83250
t:  83260
t:  83270
t:  83280
t:  83290
t:  83300
t:  83310
t:  83320
t:  83330
t:  83340
t:  83350
t:  83360
t:  83370
t:  83380
t:  83390
t:  83400
t:  83410
t:  83420
t:  83430
t:  83440
t:  83450
t:  83460
t:  83470
t:  83480
t:  83490
t:  83500
t:  83510
t:  83520
t:  83530
t:  83540
t:  83550
t:  83560
t:  83570
t:  83580
t:  83590
t:  83600
t:  83610
t:  83620
t:  83630
t:  83640
t:  83650
t:  83660
t:  83670
t:  83680
t:  83690
t:  83700
t:  83710
t:  83720
t:  83730
t:  83740
t:  83750
t:  83760
t:  83770
t:  83780
t:  83790
t:  83800
t:  83810
t:  83820
t:  83830
t:  83840
t:  83850
t:  83860
t:  83870
t:  83880
t:  83890
t:  83900
t:  83910
t:  83920
t:  83930
t:  83940
t:  83950
t:  83960
t:  83970
t:  83980
t:  83990
t:  84000
t:  84010
t:  84020
t:  84030
t:  84040
t:  84050
t:  84060
t:  84070
t:  84080
t:  84090
t:  84100
t:  84110
t:  84120
t:  84130
t:  84140
t:  84150
t:  84160
t:  84170
t:  84180
t:  84190
t:  84200
t:  84210
t:  84220
t:  84230
t:  84240
t:  84250
t:  84260
t:  84270
t:  84280
t:  84290
t:  84300
t:  84310
t:  84320
t:  84330
t:  84340
t:  84350
t:  84360
t:  84370
t:  84380
t:  84390
t:  84400
t:  84410
t:  84420
t:  84430
t:  84440
t:  84450
t:  84460
t:  84470
t:  84480
t:  84490
t:  84500
t:  84510
t:  84520
t:  84530
t:  84540
t:  84550
t:  84560
t:  84570
t:  84580
t:  84590
t:  84600
t:  84610
t:  84620
t:  84630
t:  84640
t:  84650
t:  84660
t:  84670
t:  84680
t:  84690
t:  84700
t:  84710
t:  84720
t:  84730
t:  84740
t:  84750
t:  84760
t:  84770
t:  84780
t:  84790
t:  84800
t:  84810
t:  84820
t:  84830
t:  84840
t:  84850
t:  84860
t:  84870
t:  84880
t:  84890
t:  84900
t:  84910
t:  84920
t:  84930
t:  84940
t:  84950
t:  84960
t:  84970
t:  84980
t:  84990
t:  85000
t:  85010
t:  85020
t:  85030
t:  85040
t:  85050
t:  85060
t:  85070
t:  85080
t:  85090
t:  85100
t:  85110
t:  85120
t:  85130
t:  85140
t:  85150
t:  85160
t:  85170
t:  85180
t:  85190
t:  85200
t:  85210
t:  85220
t:  85230
t:  85240
t:  85250
t:  85260
t:  85270
t:  85280
t:  85290
t:  85300
t:  85310
t:  85320
t:  85330
t:  85340
t:  85350
t:  85360
t:  85370
t:  85380
t:  85390
t:  85400
t:  85410
t:  85420
t:  85430
t:  85440
t:  85450
t:  85460
t:  85470
t:  85480
t:  85490
t:  85500
t:  85510
t:  85520
t:  85530
t:  85540
t:  85550
t:  85560
t:  85570
t:  85580
t:  85590
t:  85600
t:  85610
t:  85620
t:  85630
t:  85640
t:  85650
t:  85660
t:  85670
t:  85680
t:  85690
t:  85700
t:  85710
t:  85720
t:  85730
t:  85740
t:  85750
t:  85760
t:  85770
t:  85780
t:  85790
t:  85800
t:  85810
t:  85820
t:  85830
t:  85840
t:  85850
t:  85860
t:  85870
t:  85880
t:  85890
t:  85900
t:  85910
t:  85920
t:  85930
t:  85940
t:  85950
t:  85960
t:  85970
t:  85980
t:  85990
t:  86000
t:  86010
t:  86020
t:  86030
t:  86040
t:  86050
t:  86060
t:  86070
t:  86080
t:  86090
t:  86100
t:  86110
t:  86120
t:  86130
t:  86140
t:  86150
t:  86160
t:  86170
t:  86180
t:  86190
t:  86200
t:  86210
t:  86220
t:  86230
t:  86240
t:  86250
t:  86260
t:  86270
t:  86280
t:  86290
t:  86300
t:  86310
t:  86320
t:  86330
t:  86340
t:  86350
t:  86360
t:  86370
t:  86380
t:  86390
Process ForkPoolWorker-1 ended at 13:58:29. Duration: 43525.49 seconds
All processes completed in 43525.53 seconds
