3.9.18 (main, Oct  4 2024, 00:00:00) 
[GCC 11.4.1 20231218 (Red Hat 11.4.1-3)]
[('09/15/2022', 500000, 'primary-maxmin', 50110, 86399, 10, 10, 10)]
slurm cores:  15
num_workers:  1
Process ForkPoolWorker-1 started at 00:17:39 with params: ('09/15/2022', 500000, 'primary-maxmin', 50110, 86399, 10, 10, 10)
t:  50110
t:  50120
t:  50130
t:  50140
t:  50150
t:  50160
t:  50170
t:  50180
t:  50190
t:  50200
t:  50210
t:  50220
t:  50230
t:  50240
t:  50250
t:  50260
t:  50270
t:  50280
t:  50290
t:  50300
t:  50310
t:  50320
t:  50330
t:  50340
t:  50350
t:  50360
t:  50370
t:  50380
t:  50390
t:  50400
t:  50410
t:  50420
t:  50430
t:  50440
t:  50450
t:  50460
t:  50470
t:  50480
t:  50490
t:  50500
t:  50510
t:  50520
t:  50530
t:  50540
t:  50550
t:  50560
t:  50570
t:  50580
t:  50590
t:  50600
t:  50610
t:  50620
t:  50630
t:  50640
t:  50650
t:  50660
t:  50670
t:  50680
t:  50690
t:  50700
t:  50710
t:  50720
t:  50730
t:  50740
t:  50750
t:  50760
t:  50770
t:  50780
t:  50790
t:  50800
t:  50810
t:  50820
t:  50830
t:  50840
t:  50850
t:  50860
t:  50870
t:  50880
t:  50890
t:  50900
t:  50910
t:  50920
t:  50930
t:  50940
t:  50950
t:  50960
t:  50970
t:  50980
t:  50990
t:  51000
t:  51010
t:  51020
t:  51030
t:  51040
t:  51050
t:  51060
t:  51070
t:  51080
t:  51090
t:  51100
t:  51110
t:  51120
t:  51130
t:  51140
t:  51150
t:  51160
t:  51170
t:  51180
t:  51190
t:  51200
t:  51210
t:  51220
t:  51230
t:  51240
t:  51250
t:  51260
t:  51270
t:  51280
t:  51290
t:  51300
t:  51310
t:  51320
t:  51330
t:  51340
t:  51350
t:  51360
t:  51370
t:  51380
t:  51390
t:  51400
t:  51410
t:  51420
t:  51430
t:  51440
t:  51450
t:  51460
t:  51470
t:  51480
t:  51490
t:  51500
t:  51510
t:  51520
t:  51530
t:  51540
t:  51550
t:  51560
t:  51570
t:  51580
t:  51590
t:  51600
t:  51610
t:  51620
t:  51630
t:  51640
t:  51650
t:  51660
t:  51670
t:  51680
t:  51690
t:  51700
t:  51710
t:  51720
t:  51730
t:  51740
t:  51750
t:  51760
t:  51770
t:  51780
t:  51790
t:  51800
t:  51810
t:  51820
t:  51830
t:  51840
t:  51850
t:  51860
t:  51870
t:  51880
t:  51890
t:  51900
t:  51910
t:  51920
t:  51930
t:  51940
t:  51950
t:  51960
t:  51970
t:  51980
t:  51990
t:  52000
t:  52010
t:  52020
t:  52030
t:  52040
t:  52050
t:  52060
t:  52070
t:  52080
t:  52090
t:  52100
t:  52110
t:  52120
t:  52130
t:  52140
t:  52150
t:  52160
t:  52170
t:  52180
t:  52190
t:  52200
t:  52210
t:  52220
t:  52230
t:  52240
t:  52250
t:  52260
t:  52270
t:  52280
t:  52290
t:  52300
t:  52310
t:  52320
t:  52330
t:  52340
t:  52350
t:  52360
t:  52370
t:  52380
t:  52390
t:  52400
t:  52410
t:  52420
t:  52430
t:  52440
t:  52450
t:  52460
t:  52470
t:  52480
t:  52490
t:  52500
t:  52510
t:  52520
t:  52530
t:  52540
t:  52550
t:  52560
t:  52570
t:  52580
t:  52590
t:  52600
t:  52610
t:  52620
t:  52630
t:  52640
t:  52650
t:  52660
t:  52670
t:  52680
t:  52690
t:  52700
t:  52710
t:  52720
t:  52730
t:  52740
t:  52750
t:  52760
t:  52770
t:  52780
t:  52790
t:  52800
t:  52810
t:  52820
t:  52830
t:  52840
t:  52850
t:  52860
t:  52870
t:  52880
t:  52890
t:  52900
t:  52910
t:  52920
t:  52930
t:  52940
t:  52950
t:  52960
t:  52970
t:  52980
t:  52990
t:  53000
t:  53010
t:  53020
t:  53030
t:  53040
t:  53050
t:  53060
t:  53070
t:  53080
t:  53090
t:  53100
t:  53110
t:  53120
t:  53130
t:  53140
t:  53150
t:  53160
t:  53170
t:  53180
t:  53190
t:  53200
t:  53210
t:  53220
t:  53230
t:  53240
t:  53250
t:  53260
t:  53270
t:  53280
t:  53290
t:  53300
t:  53310
t:  53320
t:  53330
t:  53340
t:  53350
t:  53360
t:  53370
t:  53380
t:  53390
t:  53400
t:  53410
t:  53420
t:  53430
t:  53440
t:  53450
t:  53460
t:  53470
t:  53480
t:  53490
t:  53500
t:  53510
t:  53520
t:  53530
t:  53540
t:  53550
t:  53560
t:  53570
t:  53580
t:  53590
t:  53600
t:  53610
t:  53620
t:  53630
t:  53640
t:  53650
t:  53660
t:  53670
t:  53680
t:  53690
t:  53700
t:  53710
t:  53720
t:  53730
t:  53740
t:  53750
t:  53760
t:  53770
t:  53780
t:  53790
t:  53800
t:  53810
t:  53820
t:  53830
t:  53840
t:  53850
t:  53860
t:  53870
t:  53880
t:  53890
t:  53900
t:  53910
t:  53920
t:  53930
t:  53940
t:  53950
t:  53960
t:  53970
t:  53980
t:  53990
t:  54000
t:  54010
t:  54020
t:  54030
t:  54040
t:  54050
t:  54060
t:  54070
t:  54080
t:  54090
t:  54100
t:  54110
t:  54120
t:  54130
t:  54140
t:  54150
t:  54160
t:  54170
t:  54180
t:  54190
t:  54200
t:  54210
t:  54220
t:  54230
t:  54240
t:  54250
t:  54260
t:  54270
t:  54280
t:  54290
t:  54300
t:  54310
t:  54320
t:  54330
t:  54340
t:  54350
t:  54360
t:  54370
t:  54380
t:  54390
t:  54400
t:  54410
t:  54420
t:  54430
t:  54440
t:  54450
t:  54460
t:  54470
t:  54480
t:  54490
t:  54500
t:  54510
t:  54520
t:  54530
t:  54540
t:  54550
t:  54560
t:  54570
t:  54580
t:  54590
t:  54600
t:  54610
t:  54620
t:  54630
t:  54640
t:  54650
t:  54660
t:  54670
t:  54680
t:  54690
t:  54700
t:  54710
t:  54720
t:  54730
t:  54740
t:  54750
t:  54760
t:  54770
t:  54780
t:  54790
t:  54800
t:  54810
t:  54820
t:  54830
t:  54840
t:  54850
t:  54860
t:  54870
t:  54880
t:  54890
t:  54900
t:  54910
t:  54920
t:  54930
t:  54940
t:  54950
t:  54960
t:  54970
t:  54980
t:  54990
t:  55000
t:  55010
t:  55020
t:  55030
t:  55040
t:  55050
t:  55060
t:  55070
t:  55080
t:  55090
t:  55100
t:  55110
t:  55120
t:  55130
t:  55140
t:  55150
t:  55160
t:  55170
t:  55180
t:  55190
t:  55200
t:  55210
t:  55220
t:  55230
t:  55240
t:  55250
t:  55260
t:  55270
t:  55280
t:  55290
t:  55300
t:  55310
t:  55320
t:  55330
t:  55340
t:  55350
t:  55360
t:  55370
t:  55380
t:  55390
t:  55400
t:  55410
t:  55420
t:  55430
t:  55440
t:  55450
t:  55460
t:  55470
t:  55480
t:  55490
t:  55500
t:  55510
t:  55520
t:  55530
t:  55540
t:  55550
t:  55560
t:  55570
t:  55580
t:  55590
t:  55600
t:  55610
t:  55620
t:  55630
t:  55640
t:  55650
t:  55660
t:  55670
t:  55680
t:  55690
t:  55700
t:  55710
t:  55720
t:  55730
t:  55740
t:  55750
t:  55760
t:  55770
t:  55780
t:  55790
t:  55800
t:  55810
t:  55820
t:  55830
t:  55840
t:  55850
t:  55860
t:  55870
t:  55880
t:  55890
t:  55900
t:  55910
t:  55920
t:  55930
t:  55940
t:  55950
t:  55960
t:  55970
t:  55980
t:  55990
t:  56000
t:  56010
t:  56020
t:  56030
t:  56040
t:  56050
t:  56060
t:  56070
t:  56080
t:  56090
t:  56100
t:  56110
t:  56120
t:  56130
t:  56140
t:  56150
t:  56160
t:  56170
t:  56180
t:  56190
t:  56200
t:  56210
t:  56220
t:  56230
t:  56240
t:  56250
t:  56260
t:  56270
t:  56280
t:  56290
t:  56300
t:  56310
t:  56320
t:  56330
t:  56340
t:  56350
t:  56360
t:  56370
t:  56380
t:  56390
t:  56400
t:  56410
t:  56420
t:  56430
t:  56440
t:  56450
t:  56460
t:  56470
t:  56480
t:  56490
t:  56500
t:  56510
t:  56520
t:  56530
t:  56540
t:  56550
t:  56560
t:  56570
t:  56580
t:  56590
t:  56600
t:  56610
t:  56620
t:  56630
t:  56640
t:  56650
t:  56660
t:  56670
t:  56680
t:  56690
t:  56700
t:  56710
t:  56720
t:  56730
t:  56740
t:  56750
t:  56760
t:  56770
t:  56780
t:  56790
t:  56800
t:  56810
t:  56820
t:  56830
t:  56840
t:  56850
t:  56860
t:  56870
t:  56880
t:  56890
t:  56900
t:  56910
t:  56920
t:  56930
t:  56940
t:  56950
t:  56960
t:  56970
t:  56980
t:  56990
t:  57000
t:  57010
t:  57020
t:  57030
t:  57040
t:  57050
t:  57060
t:  57070
t:  57080
t:  57090
t:  57100
t:  57110
t:  57120
t:  57130
t:  57140
t:  57150
t:  57160
t:  57170
t:  57180
t:  57190
t:  57200
t:  57210
t:  57220
t:  57230
t:  57240
t:  57250
t:  57260
t:  57270
t:  57280
t:  57290
t:  57300
t:  57310
t:  57320
t:  57330
t:  57340
t:  57350
t:  57360
t:  57370
t:  57380
t:  57390
t:  57400
t:  57410
t:  57420
t:  57430
t:  57440
t:  57450
t:  57460
t:  57470
t:  57480
t:  57490
t:  57500
t:  57510
t:  57520
t:  57530
t:  57540
t:  57550
t:  57560
t:  57570
t:  57580
t:  57590
t:  57600
t:  57610
t:  57620
t:  57630
t:  57640
t:  57650
t:  57660
t:  57670
t:  57680
t:  57690
t:  57700
t:  57710
t:  57720
t:  57730
t:  57740
t:  57750
t:  57760
t:  57770
t:  57780
t:  57790
t:  57800
t:  57810
t:  57820
t:  57830
t:  57840
t:  57850
t:  57860
t:  57870
t:  57880
t:  57890
t:  57900
t:  57910
t:  57920
t:  57930
t:  57940
t:  57950
t:  57960
t:  57970
t:  57980
t:  57990
t:  58000
t:  58010
t:  58020
t:  58030
t:  58040
t:  58050
t:  58060
t:  58070
t:  58080
t:  58090
t:  58100
t:  58110
t:  58120
t:  58130
t:  58140
t:  58150
t:  58160
t:  58170
t:  58180
t:  58190
t:  58200
t:  58210
t:  58220
t:  58230
t:  58240
t:  58250
t:  58260
t:  58270
t:  58280
t:  58290
t:  58300
t:  58310
t:  58320
t:  58330
t:  58340
t:  58350
t:  58360
t:  58370
t:  58380
t:  58390
t:  58400
t:  58410
t:  58420
t:  58430
t:  58440
t:  58450
t:  58460
t:  58470
t:  58480
t:  58490
t:  58500
t:  58510
t:  58520
t:  58530
t:  58540
t:  58550
t:  58560
t:  58570
t:  58580
t:  58590
t:  58600
t:  58610
t:  58620
t:  58630
t:  58640
t:  58650
t:  58660
t:  58670
t:  58680
t:  58690
t:  58700
t:  58710
t:  58720
t:  58730
t:  58740
t:  58750
t:  58760
t:  58770
t:  58780
t:  58790
t:  58800
t:  58810
t:  58820
t:  58830
t:  58840
t:  58850
t:  58860
t:  58870
t:  58880
t:  58890
t:  58900
t:  58910
t:  58920
t:  58930
t:  58940
t:  58950
t:  58960
t:  58970
t:  58980
t:  58990
t:  59000
t:  59010
t:  59020
t:  59030
t:  59040
t:  59050
t:  59060
t:  59070
t:  59080
t:  59090
t:  59100
t:  59110
t:  59120
t:  59130
t:  59140
t:  59150
t:  59160
t:  59170
t:  59180
t:  59190
t:  59200
t:  59210
t:  59220
t:  59230
t:  59240
t:  59250
t:  59260
t:  59270
t:  59280
t:  59290
t:  59300
t:  59310
t:  59320
t:  59330
t:  59340
t:  59350
t:  59360
t:  59370
t:  59380
t:  59390
t:  59400
t:  59410
t:  59420
t:  59430
t:  59440
t:  59450
t:  59460
t:  59470
t:  59480
t:  59490
t:  59500
t:  59510
t:  59520
t:  59530
t:  59540
t:  59550
t:  59560
t:  59570
t:  59580
t:  59590
t:  59600
t:  59610
t:  59620
t:  59630
t:  59640
t:  59650
t:  59660
t:  59670
t:  59680
t:  59690
t:  59700
t:  59710
t:  59720
t:  59730
t:  59740
t:  59750
t:  59760
t:  59770
t:  59780
t:  59790
t:  59800
t:  59810
t:  59820
t:  59830
t:  59840
t:  59850
t:  59860
t:  59870
t:  59880
t:  59890
t:  59900
t:  59910
t:  59920
t:  59930
t:  59940
t:  59950
t:  59960
t:  59970
t:  59980
t:  59990
t:  60000
t:  60010
t:  60020
t:  60030
t:  60040
t:  60050
t:  60060
t:  60070
t:  60080
t:  60090
t:  60100
t:  60110
t:  60120
t:  60130
t:  60140
t:  60150
t:  60160
t:  60170
t:  60180
t:  60190
t:  60200
t:  60210
t:  60220
t:  60230
t:  60240
t:  60250
t:  60260
t:  60270
t:  60280
t:  60290
t:  60300
t:  60310
t:  60320
t:  60330
t:  60340
t:  60350
t:  60360
t:  60370
t:  60380
t:  60390
t:  60400
t:  60410
t:  60420
t:  60430
t:  60440
t:  60450
t:  60460
t:  60470
t:  60480
t:  60490
t:  60500
t:  60510
t:  60520
t:  60530
t:  60540
t:  60550
t:  60560
t:  60570
t:  60580
t:  60590
t:  60600
t:  60610
t:  60620
t:  60630
t:  60640
t:  60650
t:  60660
t:  60670
t:  60680
t:  60690
t:  60700
t:  60710
t:  60720
t:  60730
t:  60740
t:  60750
t:  60760
t:  60770
t:  60780
t:  60790
t:  60800
t:  60810
t:  60820
t:  60830
t:  60840
t:  60850
t:  60860
t:  60870
t:  60880
t:  60890
t:  60900
t:  60910
t:  60920
t:  60930
t:  60940
t:  60950
t:  60960
t:  60970
t:  60980
t:  60990
t:  61000
t:  61010
t:  61020
t:  61030
t:  61040
t:  61050
t:  61060
t:  61070
t:  61080
t:  61090
t:  61100
t:  61110
t:  61120
t:  61130
t:  61140
t:  61150
t:  61160
t:  61170
t:  61180
t:  61190
t:  61200
t:  61210
t:  61220
t:  61230
t:  61240
t:  61250
t:  61260
t:  61270
t:  61280
t:  61290
t:  61300
t:  61310
t:  61320
t:  61330
t:  61340
t:  61350
t:  61360
t:  61370
t:  61380
t:  61390
t:  61400
t:  61410
t:  61420
t:  61430
t:  61440
t:  61450
t:  61460
t:  61470
t:  61480
t:  61490
t:  61500
t:  61510
t:  61520
t:  61530
t:  61540
t:  61550
t:  61560
t:  61570
t:  61580
t:  61590
t:  61600
t:  61610
t:  61620
t:  61630
t:  61640
t:  61650
t:  61660
t:  61670
t:  61680
t:  61690
t:  61700
t:  61710
t:  61720
t:  61730
t:  61740
t:  61750
t:  61760
t:  61770
t:  61780
t:  61790
t:  61800
t:  61810
t:  61820
t:  61830
t:  61840
t:  61850
t:  61860
t:  61870
t:  61880
t:  61890
t:  61900
t:  61910
t:  61920
t:  61930
t:  61940
t:  61950
t:  61960
t:  61970
t:  61980
t:  61990
t:  62000
t:  62010
t:  62020
t:  62030
t:  62040
t:  62050
t:  62060
t:  62070
t:  62080
t:  62090
t:  62100
t:  62110
t:  62120
t:  62130
t:  62140
t:  62150
t:  62160
t:  62170
t:  62180
t:  62190
t:  62200
t:  62210
t:  62220
t:  62230
t:  62240
t:  62250
t:  62260
t:  62270
t:  62280
t:  62290
t:  62300
t:  62310
t:  62320
t:  62330
t:  62340
t:  62350
t:  62360
t:  62370
t:  62380
t:  62390
t:  62400
t:  62410
t:  62420
t:  62430
t:  62440
t:  62450
t:  62460
t:  62470
t:  62480
t:  62490
t:  62500
t:  62510
t:  62520
t:  62530
t:  62540
t:  62550
t:  62560
t:  62570
t:  62580
t:  62590
t:  62600
t:  62610
t:  62620
t:  62630
t:  62640
t:  62650
t:  62660
t:  62670
t:  62680
t:  62690
t:  62700
t:  62710
t:  62720
t:  62730
t:  62740
t:  62750
t:  62760
t:  62770
t:  62780
t:  62790
t:  62800
t:  62810
t:  62820
t:  62830
t:  62840
t:  62850
t:  62860
t:  62870
t:  62880
t:  62890
t:  62900
t:  62910
t:  62920
t:  62930
t:  62940
t:  62950
t:  62960
t:  62970
t:  62980
t:  62990
t:  63000
t:  63010
t:  63020
t:  63030
t:  63040
t:  63050
t:  63060
t:  63070
t:  63080
t:  63090
t:  63100
t:  63110
t:  63120
t:  63130
t:  63140
t:  63150
t:  63160
t:  63170
t:  63180
t:  63190
t:  63200
t:  63210
t:  63220
t:  63230
t:  63240
t:  63250
t:  63260
t:  63270
t:  63280
t:  63290
t:  63300
t:  63310
t:  63320
t:  63330
t:  63340
t:  63350
t:  63360
t:  63370
t:  63380
t:  63390
t:  63400
t:  63410
t:  63420
t:  63430
t:  63440
t:  63450
t:  63460
t:  63470
t:  63480
t:  63490
t:  63500
t:  63510
t:  63520
t:  63530
t:  63540
t:  63550
t:  63560
t:  63570
t:  63580
t:  63590
t:  63600
t:  63610
t:  63620
t:  63630
t:  63640
t:  63650
t:  63660
t:  63670
t:  63680
t:  63690
t:  63700
t:  63710
t:  63720
t:  63730
t:  63740
t:  63750
t:  63760
t:  63770
t:  63780
t:  63790
t:  63800
t:  63810
t:  63820
t:  63830
t:  63840
t:  63850
t:  63860
t:  63870
t:  63880
t:  63890
t:  63900
t:  63910
t:  63920
t:  63930
t:  63940
t:  63950
t:  63960
t:  63970
t:  63980
t:  63990
t:  64000
t:  64010
t:  64020
t:  64030
t:  64040
t:  64050
t:  64060
t:  64070
t:  64080
t:  64090
t:  64100
t:  64110
t:  64120
t:  64130
t:  64140
t:  64150
t:  64160
t:  64170
t:  64180
t:  64190
t:  64200
t:  64210
t:  64220
t:  64230
t:  64240
t:  64250
t:  64260
t:  64270
t:  64280
t:  64290
t:  64300
t:  64310
t:  64320
t:  64330
t:  64340
t:  64350
t:  64360
t:  64370
t:  64380
t:  64390
t:  64400
t:  64410
t:  64420
t:  64430
t:  64440
t:  64450
t:  64460
t:  64470
t:  64480
t:  64490
t:  64500
t:  64510
t:  64520
t:  64530
t:  64540
t:  64550
t:  64560
t:  64570
t:  64580
t:  64590
t:  64600
t:  64610
t:  64620
t:  64630
t:  64640
t:  64650
t:  64660
t:  64670
t:  64680
t:  64690
t:  64700
t:  64710
t:  64720
t:  64730
t:  64740
t:  64750
t:  64760
t:  64770
t:  64780
t:  64790
t:  64800
t:  64810
t:  64820
t:  64830
t:  64840
t:  64850
t:  64860
t:  64870
t:  64880
t:  64890
t:  64900
t:  64910
t:  64920
t:  64930
t:  64940
t:  64950
t:  64960
t:  64970
t:  64980
t:  64990
t:  65000
t:  65010
t:  65020
t:  65030
t:  65040
t:  65050
t:  65060
t:  65070
t:  65080
t:  65090
t:  65100
t:  65110
t:  65120
t:  65130
t:  65140
t:  65150
t:  65160
t:  65170
t:  65180
t:  65190
t:  65200
t:  65210
t:  65220
t:  65230
t:  65240
t:  65250
t:  65260
t:  65270
t:  65280
t:  65290
t:  65300
t:  65310
t:  65320
t:  65330
t:  65340
t:  65350
t:  65360
t:  65370
t:  65380
t:  65390
t:  65400
t:  65410
t:  65420
t:  65430
t:  65440
t:  65450
t:  65460
t:  65470
t:  65480
t:  65490
t:  65500
t:  65510
t:  65520
t:  65530
t:  65540
t:  65550
t:  65560
t:  65570
t:  65580
t:  65590
t:  65600
t:  65610
t:  65620
t:  65630
t:  65640
t:  65650
t:  65660
t:  65670
t:  65680
t:  65690
t:  65700
t:  65710
t:  65720
t:  65730
t:  65740
t:  65750
t:  65760
t:  65770
t:  65780
t:  65790
t:  65800
t:  65810
t:  65820
t:  65830
t:  65840
t:  65850
t:  65860
t:  65870
t:  65880
t:  65890
t:  65900
t:  65910
t:  65920
t:  65930
t:  65940
t:  65950
t:  65960
t:  65970
t:  65980
t:  65990
t:  66000
t:  66010
t:  66020
t:  66030
t:  66040
t:  66050
t:  66060
t:  66070
t:  66080
t:  66090
t:  66100
t:  66110
t:  66120
t:  66130
t:  66140
t:  66150
t:  66160
t:  66170
t:  66180
t:  66190
t:  66200
t:  66210
t:  66220
t:  66230
t:  66240
t:  66250
t:  66260
t:  66270
t:  66280
t:  66290
t:  66300
t:  66310
t:  66320
t:  66330
t:  66340
t:  66350
t:  66360
t:  66370
t:  66380
t:  66390
t:  66400
t:  66410
t:  66420
t:  66430
t:  66440
t:  66450
t:  66460
t:  66470
t:  66480
t:  66490
t:  66500
t:  66510
t:  66520
t:  66530
t:  66540
t:  66550
t:  66560
t:  66570
t:  66580
t:  66590
t:  66600
t:  66610
t:  66620
t:  66630
t:  66640
t:  66650
t:  66660
t:  66670
t:  66680
t:  66690
t:  66700
t:  66710
t:  66720
t:  66730
t:  66740
t:  66750
t:  66760
t:  66770
t:  66780
t:  66790
t:  66800
t:  66810
t:  66820
t:  66830
t:  66840
t:  66850
t:  66860
t:  66870
t:  66880
t:  66890
t:  66900
t:  66910
t:  66920
t:  66930
t:  66940
t:  66950
t:  66960
t:  66970
t:  66980
t:  66990
t:  67000
t:  67010
t:  67020
t:  67030
t:  67040
t:  67050
t:  67060
t:  67070
t:  67080
t:  67090
t:  67100
t:  67110
t:  67120
t:  67130
t:  67140
t:  67150
t:  67160
t:  67170
t:  67180
t:  67190
t:  67200
t:  67210
t:  67220
t:  67230
t:  67240
t:  67250
t:  67260
t:  67270
t:  67280
t:  67290
t:  67300
t:  67310
t:  67320
t:  67330
t:  67340
t:  67350
t:  67360
t:  67370
t:  67380
t:  67390
t:  67400
t:  67410
t:  67420
t:  67430
t:  67440
t:  67450
t:  67460
t:  67470
t:  67480
t:  67490
t:  67500
t:  67510
t:  67520
t:  67530
t:  67540
t:  67550
t:  67560
t:  67570
t:  67580
t:  67590
t:  67600
t:  67610
t:  67620
t:  67630
t:  67640
t:  67650
t:  67660
t:  67670
t:  67680
t:  67690
t:  67700
t:  67710
t:  67720
t:  67730
t:  67740
t:  67750
t:  67760
t:  67770
t:  67780
t:  67790
t:  67800
t:  67810
t:  67820
t:  67830
t:  67840
t:  67850
t:  67860
t:  67870
t:  67880
t:  67890
t:  67900
t:  67910
t:  67920
t:  67930
t:  67940
t:  67950
t:  67960
t:  67970
t:  67980
t:  67990
t:  68000
t:  68010
t:  68020
t:  68030
t:  68040
t:  68050
t:  68060
t:  68070
t:  68080
t:  68090
t:  68100
t:  68110
t:  68120
t:  68130
t:  68140
t:  68150
t:  68160
t:  68170
t:  68180
t:  68190
t:  68200
t:  68210
t:  68220
t:  68230
t:  68240
t:  68250
t:  68260
t:  68270
t:  68280
t:  68290
t:  68300
t:  68310
t:  68320
t:  68330
t:  68340
t:  68350
t:  68360
t:  68370
t:  68380
t:  68390
t:  68400
t:  68410
t:  68420
t:  68430
t:  68440
t:  68450
t:  68460
t:  68470
t:  68480
t:  68490
t:  68500
t:  68510
t:  68520
t:  68530
t:  68540
t:  68550
t:  68560
t:  68570
t:  68580
t:  68590
t:  68600
t:  68610
t:  68620
t:  68630
t:  68640
t:  68650
t:  68660
t:  68670
t:  68680
t:  68690
t:  68700
t:  68710
t:  68720
t:  68730
t:  68740
t:  68750
t:  68760
t:  68770
t:  68780
t:  68790
t:  68800
t:  68810
t:  68820
t:  68830
t:  68840
t:  68850
t:  68860
t:  68870
t:  68880
t:  68890
t:  68900
t:  68910
t:  68920
t:  68930
t:  68940
t:  68950
t:  68960
t:  68970
t:  68980
t:  68990
t:  69000
t:  69010
t:  69020
t:  69030
t:  69040
t:  69050
t:  69060
t:  69070
t:  69080
t:  69090
t:  69100
t:  69110
t:  69120
t:  69130
t:  69140
t:  69150
t:  69160
t:  69170
t:  69180
t:  69190
t:  69200
t:  69210
t:  69220
t:  69230
t:  69240
t:  69250
t:  69260
t:  69270
t:  69280
t:  69290
t:  69300
t:  69310
t:  69320
t:  69330
t:  69340
t:  69350
t:  69360
t:  69370
t:  69380
t:  69390
t:  69400
t:  69410
t:  69420
t:  69430
t:  69440
t:  69450
t:  69460
t:  69470
t:  69480
t:  69490
t:  69500
t:  69510
t:  69520
t:  69530
t:  69540
t:  69550
t:  69560
t:  69570
t:  69580
t:  69590
t:  69600
t:  69610
t:  69620
t:  69630
t:  69640
t:  69650
t:  69660
t:  69670
t:  69680
t:  69690
t:  69700
t:  69710
t:  69720
t:  69730
t:  69740
t:  69750
t:  69760
t:  69770
t:  69780
t:  69790
t:  69800
t:  69810
t:  69820
t:  69830
t:  69840
t:  69850
t:  69860
t:  69870
t:  69880
t:  69890
t:  69900
t:  69910
t:  69920
t:  69930
t:  69940
t:  69950
t:  69960
t:  69970
t:  69980
t:  69990
t:  70000
t:  70010
t:  70020
t:  70030
t:  70040
t:  70050
t:  70060
t:  70070
t:  70080
t:  70090
t:  70100
t:  70110
t:  70120
t:  70130
t:  70140
t:  70150
t:  70160
t:  70170
t:  70180
t:  70190
t:  70200
t:  70210
t:  70220
t:  70230
t:  70240
t:  70250
t:  70260
t:  70270
t:  70280
t:  70290
t:  70300
t:  70310
t:  70320
t:  70330
t:  70340
t:  70350
t:  70360
t:  70370
t:  70380
t:  70390
t:  70400
t:  70410
t:  70420
t:  70430
t:  70440
t:  70450
t:  70460
t:  70470
t:  70480
t:  70490
t:  70500
t:  70510
t:  70520
t:  70530
t:  70540
t:  70550
t:  70560
t:  70570
t:  70580
t:  70590
t:  70600
t:  70610
t:  70620
t:  70630
t:  70640
t:  70650
t:  70660
t:  70670
t:  70680
t:  70690
t:  70700
t:  70710
t:  70720
t:  70730
t:  70740
t:  70750
t:  70760
t:  70770
t:  70780
t:  70790
t:  70800
t:  70810
t:  70820
t:  70830
t:  70840
t:  70850
t:  70860
t:  70870
t:  70880
t:  70890
t:  70900
t:  70910
t:  70920
t:  70930
t:  70940
t:  70950
t:  70960
t:  70970
t:  70980
t:  70990
t:  71000
t:  71010
t:  71020
t:  71030
t:  71040
t:  71050
t:  71060
t:  71070
t:  71080
t:  71090
t:  71100
t:  71110
t:  71120
t:  71130
t:  71140
t:  71150
t:  71160
t:  71170
t:  71180
t:  71190
t:  71200
t:  71210
t:  71220
t:  71230
t:  71240
t:  71250
t:  71260
t:  71270
t:  71280
t:  71290
t:  71300
t:  71310
t:  71320
t:  71330
t:  71340
t:  71350
t:  71360
t:  71370
t:  71380
t:  71390
t:  71400
t:  71410
t:  71420
t:  71430
t:  71440
t:  71450
t:  71460
t:  71470
t:  71480
t:  71490
t:  71500
t:  71510
t:  71520
t:  71530
t:  71540
t:  71550
t:  71560
t:  71570
t:  71580
t:  71590
t:  71600
t:  71610
t:  71620
t:  71630
t:  71640
t:  71650
t:  71660
t:  71670
t:  71680
t:  71690
t:  71700
t:  71710
t:  71720
t:  71730
t:  71740
t:  71750
t:  71760
t:  71770
t:  71780
t:  71790
t:  71800
t:  71810
t:  71820
t:  71830
t:  71840
t:  71850
t:  71860
t:  71870
t:  71880
t:  71890
t:  71900
t:  71910
t:  71920
t:  71930
t:  71940
t:  71950
t:  71960
t:  71970
t:  71980
t:  71990
t:  72000
t:  72010
t:  72020
t:  72030
t:  72040
t:  72050
t:  72060
t:  72070
t:  72080
t:  72090
t:  72100
t:  72110
t:  72120
t:  72130
t:  72140
t:  72150
t:  72160
t:  72170
t:  72180
t:  72190
t:  72200
t:  72210
t:  72220
t:  72230
t:  72240
t:  72250
t:  72260
t:  72270
t:  72280
t:  72290
t:  72300
t:  72310
t:  72320
t:  72330
t:  72340
t:  72350
t:  72360
t:  72370
t:  72380
t:  72390
t:  72400
t:  72410
t:  72420
t:  72430
t:  72440
t:  72450
t:  72460
t:  72470
t:  72480
t:  72490
t:  72500
t:  72510
t:  72520
t:  72530
t:  72540
t:  72550
t:  72560
t:  72570
t:  72580
t:  72590
t:  72600
t:  72610
t:  72620
t:  72630
t:  72640
t:  72650
t:  72660
t:  72670
t:  72680
t:  72690
t:  72700
t:  72710
t:  72720
t:  72730
t:  72740
t:  72750
t:  72760
t:  72770
t:  72780
t:  72790
t:  72800
t:  72810
t:  72820
t:  72830
t:  72840
t:  72850
t:  72860
t:  72870
t:  72880
t:  72890
t:  72900
t:  72910
t:  72920
t:  72930
t:  72940
t:  72950
t:  72960
t:  72970
t:  72980
t:  72990
t:  73000
t:  73010
t:  73020
t:  73030
t:  73040
t:  73050
t:  73060
t:  73070
t:  73080
t:  73090
t:  73100
t:  73110
t:  73120
t:  73130
t:  73140
t:  73150
t:  73160
t:  73170
t:  73180
t:  73190
t:  73200
t:  73210
t:  73220
t:  73230
t:  73240
t:  73250
t:  73260
t:  73270
t:  73280
t:  73290
t:  73300
t:  73310
t:  73320
t:  73330
t:  73340
t:  73350
t:  73360
t:  73370
t:  73380
t:  73390
t:  73400
t:  73410
t:  73420
t:  73430
t:  73440
t:  73450
t:  73460
t:  73470
t:  73480
t:  73490
t:  73500
t:  73510
t:  73520
t:  73530
t:  73540
t:  73550
t:  73560
t:  73570
t:  73580
t:  73590
t:  73600
t:  73610
t:  73620
t:  73630
t:  73640
t:  73650
t:  73660
t:  73670
t:  73680
t:  73690
t:  73700
t:  73710
t:  73720
t:  73730
t:  73740
t:  73750
t:  73760
t:  73770
t:  73780
t:  73790
t:  73800
t:  73810
t:  73820
t:  73830
t:  73840
t:  73850
t:  73860
t:  73870
t:  73880
t:  73890
t:  73900
t:  73910
t:  73920
t:  73930
t:  73940
t:  73950
t:  73960
t:  73970
t:  73980
t:  73990
t:  74000
t:  74010
t:  74020
t:  74030
t:  74040
t:  74050
t:  74060
t:  74070
t:  74080
t:  74090
t:  74100
t:  74110
t:  74120
t:  74130
t:  74140
t:  74150
t:  74160
t:  74170
t:  74180
t:  74190
t:  74200
t:  74210
t:  74220
t:  74230
t:  74240
t:  74250
t:  74260
t:  74270
t:  74280
t:  74290
t:  74300
t:  74310
t:  74320
t:  74330
t:  74340
t:  74350
t:  74360
t:  74370
t:  74380
t:  74390
t:  74400
t:  74410
t:  74420
t:  74430
t:  74440
t:  74450
t:  74460
t:  74470
t:  74480
t:  74490
t:  74500
t:  74510
t:  74520
t:  74530
t:  74540
t:  74550
t:  74560
t:  74570
t:  74580
t:  74590
t:  74600
t:  74610
t:  74620
t:  74630
t:  74640
t:  74650
t:  74660
t:  74670
t:  74680
t:  74690
t:  74700
t:  74710
t:  74720
t:  74730
t:  74740
t:  74750
t:  74760
t:  74770
t:  74780
t:  74790
t:  74800
t:  74810
t:  74820
t:  74830
t:  74840
t:  74850
t:  74860
t:  74870
t:  74880
t:  74890
t:  74900
t:  74910
t:  74920
t:  74930
t:  74940
t:  74950
t:  74960
t:  74970
t:  74980
t:  74990
t:  75000
t:  75010
t:  75020
t:  75030
t:  75040
t:  75050
t:  75060
t:  75070
t:  75080
t:  75090
t:  75100
t:  75110
t:  75120
t:  75130
t:  75140
t:  75150
t:  75160
t:  75170
t:  75180
t:  75190
t:  75200
t:  75210
t:  75220
t:  75230
t:  75240
t:  75250
t:  75260
t:  75270
t:  75280
t:  75290
t:  75300
t:  75310
t:  75320
t:  75330
t:  75340
t:  75350
t:  75360
t:  75370
t:  75380
t:  75390
t:  75400
t:  75410
t:  75420
t:  75430
t:  75440
t:  75450
t:  75460
t:  75470
t:  75480
t:  75490
t:  75500
t:  75510
t:  75520
t:  75530
t:  75540
t:  75550
t:  75560
t:  75570
t:  75580
t:  75590
t:  75600
t:  75610
t:  75620
t:  75630
t:  75640
t:  75650
t:  75660
t:  75670
t:  75680
t:  75690
t:  75700
t:  75710
t:  75720
t:  75730
t:  75740
t:  75750
t:  75760
t:  75770
t:  75780
t:  75790
t:  75800
t:  75810
t:  75820
t:  75830
t:  75840
t:  75850
t:  75860
t:  75870
t:  75880
t:  75890
t:  75900
t:  75910
t:  75920
t:  75930
t:  75940
t:  75950
t:  75960
t:  75970
t:  75980
t:  75990
t:  76000
t:  76010
t:  76020
t:  76030
t:  76040
t:  76050
t:  76060
t:  76070
t:  76080
t:  76090
t:  76100
t:  76110
t:  76120
t:  76130
t:  76140
t:  76150
t:  76160
t:  76170
t:  76180
t:  76190
t:  76200
t:  76210
t:  76220
t:  76230
t:  76240
t:  76250
t:  76260
t:  76270
t:  76280
t:  76290
t:  76300
t:  76310
t:  76320
t:  76330
t:  76340
t:  76350
t:  76360
t:  76370
t:  76380
t:  76390
t:  76400
t:  76410
t:  76420
t:  76430
t:  76440
t:  76450
t:  76460
t:  76470
t:  76480
t:  76490
t:  76500
t:  76510
t:  76520
t:  76530
t:  76540
t:  76550
t:  76560
t:  76570
t:  76580
t:  76590
t:  76600
t:  76610
t:  76620
t:  76630
t:  76640
t:  76650
t:  76660
t:  76670
t:  76680
t:  76690
t:  76700
t:  76710
t:  76720
t:  76730
t:  76740
t:  76750
t:  76760
t:  76770
t:  76780
t:  76790
t:  76800
t:  76810
t:  76820
t:  76830
t:  76840
t:  76850
t:  76860
t:  76870
t:  76880
t:  76890
t:  76900
t:  76910
t:  76920
t:  76930
t:  76940
t:  76950
t:  76960
t:  76970
t:  76980
t:  76990
t:  77000
t:  77010
t:  77020
t:  77030
t:  77040
t:  77050
t:  77060
t:  77070
t:  77080
t:  77090
t:  77100
t:  77110
t:  77120
t:  77130
t:  77140
t:  77150
t:  77160
t:  77170
t:  77180
t:  77190
t:  77200
t:  77210
t:  77220
t:  77230
t:  77240
t:  77250
t:  77260
t:  77270
t:  77280
t:  77290
t:  77300
t:  77310
t:  77320
t:  77330
t:  77340
t:  77350
t:  77360
t:  77370
t:  77380
t:  77390
t:  77400
t:  77410
t:  77420
t:  77430
t:  77440
t:  77450
t:  77460
t:  77470
t:  77480
t:  77490
t:  77500
t:  77510
t:  77520
t:  77530
t:  77540
t:  77550
t:  77560
t:  77570
t:  77580
t:  77590
t:  77600
t:  77610
t:  77620
t:  77630
t:  77640
t:  77650
t:  77660
t:  77670
t:  77680
t:  77690
t:  77700
t:  77710
t:  77720
t:  77730
t:  77740
t:  77750
t:  77760
t:  77770
t:  77780
t:  77790
t:  77800
t:  77810
t:  77820
t:  77830
t:  77840
t:  77850
t:  77860
t:  77870
t:  77880
t:  77890
t:  77900
t:  77910
t:  77920
t:  77930
t:  77940
t:  77950
t:  77960
t:  77970
t:  77980
t:  77990
t:  78000
t:  78010
t:  78020
t:  78030
t:  78040
t:  78050
t:  78060
t:  78070
t:  78080
t:  78090
t:  78100
t:  78110
t:  78120
t:  78130
t:  78140
t:  78150
t:  78160
t:  78170
t:  78180
t:  78190
t:  78200
t:  78210
t:  78220
t:  78230
t:  78240
t:  78250
t:  78260
t:  78270
t:  78280
t:  78290
t:  78300
t:  78310
t:  78320
t:  78330
t:  78340
t:  78350
t:  78360
t:  78370
t:  78380
t:  78390
t:  78400
t:  78410
t:  78420
t:  78430
t:  78440
t:  78450
t:  78460
t:  78470
t:  78480
t:  78490
t:  78500
t:  78510
t:  78520
t:  78530
t:  78540
t:  78550
t:  78560
t:  78570
t:  78580
t:  78590
t:  78600
t:  78610
t:  78620
t:  78630
t:  78640
t:  78650
t:  78660
t:  78670
t:  78680
t:  78690
t:  78700
t:  78710
t:  78720
t:  78730
t:  78740
t:  78750
t:  78760
t:  78770
t:  78780
t:  78790
t:  78800
t:  78810
t:  78820
t:  78830
t:  78840
t:  78850
t:  78860
t:  78870
t:  78880
t:  78890
t:  78900
t:  78910
t:  78920
t:  78930
t:  78940
t:  78950
t:  78960
t:  78970
t:  78980
t:  78990
t:  79000
t:  79010
t:  79020
t:  79030
t:  79040
t:  79050
t:  79060
t:  79070
t:  79080
t:  79090
t:  79100
t:  79110
t:  79120
t:  79130
t:  79140
t:  79150
t:  79160
t:  79170
t:  79180
t:  79190
t:  79200
t:  79210
t:  79220
t:  79230
t:  79240
t:  79250
t:  79260
t:  79270
t:  79280
t:  79290
t:  79300
t:  79310
t:  79320
t:  79330
t:  79340
t:  79350
t:  79360
t:  79370
t:  79380
t:  79390
t:  79400
t:  79410
t:  79420
t:  79430
t:  79440
t:  79450
t:  79460
t:  79470
t:  79480
t:  79490
t:  79500
t:  79510
t:  79520
t:  79530
t:  79540
t:  79550
t:  79560
t:  79570
t:  79580
t:  79590
t:  79600
t:  79610
t:  79620
t:  79630
t:  79640
t:  79650
t:  79660
t:  79670
t:  79680
t:  79690
t:  79700
t:  79710
t:  79720
t:  79730
t:  79740
t:  79750
t:  79760
t:  79770
t:  79780
t:  79790
t:  79800
t:  79810
t:  79820
t:  79830
t:  79840
t:  79850
t:  79860
t:  79870
t:  79880
t:  79890
t:  79900
t:  79910
t:  79920
t:  79930
t:  79940
t:  79950
t:  79960
t:  79970
t:  79980
t:  79990
t:  80000
t:  80010
t:  80020
t:  80030
t:  80040
t:  80050
t:  80060
t:  80070
t:  80080
t:  80090
t:  80100
t:  80110
t:  80120
t:  80130
t:  80140
t:  80150
t:  80160
t:  80170
t:  80180
t:  80190
t:  80200
t:  80210
t:  80220
t:  80230
t:  80240
t:  80250
t:  80260
t:  80270
t:  80280
t:  80290
t:  80300
t:  80310
t:  80320
t:  80330
t:  80340
t:  80350
t:  80360
t:  80370
t:  80380
t:  80390
t:  80400
t:  80410
t:  80420
t:  80430
t:  80440
t:  80450
t:  80460
t:  80470
t:  80480
t:  80490
t:  80500
t:  80510
t:  80520
t:  80530
t:  80540
t:  80550
t:  80560
t:  80570
t:  80580
t:  80590
t:  80600
t:  80610
t:  80620
t:  80630
t:  80640
t:  80650
t:  80660
t:  80670
t:  80680
t:  80690
t:  80700
t:  80710
t:  80720
t:  80730
t:  80740
t:  80750
t:  80760
t:  80770
t:  80780
t:  80790
t:  80800
t:  80810
t:  80820
t:  80830
t:  80840
t:  80850
t:  80860
t:  80870
t:  80880
t:  80890
t:  80900
t:  80910
t:  80920
t:  80930
t:  80940
t:  80950
t:  80960
t:  80970
t:  80980
t:  80990
t:  81000
t:  81010
t:  81020
t:  81030
t:  81040
t:  81050
t:  81060
t:  81070
t:  81080
t:  81090
t:  81100
t:  81110
t:  81120
t:  81130
t:  81140
t:  81150
t:  81160
t:  81170
t:  81180
t:  81190
t:  81200
t:  81210
t:  81220
t:  81230
t:  81240
t:  81250
t:  81260
t:  81270
t:  81280
t:  81290
t:  81300
t:  81310
t:  81320
t:  81330
t:  81340
t:  81350
t:  81360
t:  81370
t:  81380
t:  81390
t:  81400
t:  81410
t:  81420
t:  81430
t:  81440
t:  81450
t:  81460
t:  81470
t:  81480
t:  81490
t:  81500
t:  81510
t:  81520
t:  81530
t:  81540
t:  81550
t:  81560
t:  81570
t:  81580
t:  81590
t:  81600
t:  81610
t:  81620
t:  81630
t:  81640
t:  81650
t:  81660
t:  81670
t:  81680
t:  81690
t:  81700
t:  81710
t:  81720
t:  81730
t:  81740
t:  81750
t:  81760
t:  81770
t:  81780
t:  81790
t:  81800
t:  81810
t:  81820
t:  81830
t:  81840
t:  81850
t:  81860
t:  81870
t:  81880
t:  81890
t:  81900
t:  81910
t:  81920
t:  81930
t:  81940
t:  81950
t:  81960
t:  81970
t:  81980
t:  81990
t:  82000
t:  82010
t:  82020
t:  82030
t:  82040
t:  82050
t:  82060
t:  82070
t:  82080
t:  82090
t:  82100
t:  82110
t:  82120
t:  82130
t:  82140
t:  82150
t:  82160
t:  82170
t:  82180
t:  82190
t:  82200
t:  82210
t:  82220
t:  82230
t:  82240
t:  82250
t:  82260
t:  82270
t:  82280
t:  82290
t:  82300
t:  82310
t:  82320
t:  82330
t:  82340
t:  82350
t:  82360
t:  82370
t:  82380
t:  82390
t:  82400
t:  82410
t:  82420
t:  82430
t:  82440
t:  82450
t:  82460
t:  82470
t:  82480
t:  82490
t:  82500
t:  82510
t:  82520
t:  82530
t:  82540
t:  82550
t:  82560
t:  82570
t:  82580
t:  82590
t:  82600
t:  82610
t:  82620
t:  82630
t:  82640
t:  82650
t:  82660
t:  82670
t:  82680
t:  82690
t:  82700
t:  82710
t:  82720
t:  82730
t:  82740
t:  82750
t:  82760
t:  82770
t:  82780
t:  82790
t:  82800
t:  82810
t:  82820
t:  82830
t:  82840
t:  82850
t:  82860
t:  82870
t:  82880
t:  82890
t:  82900
t:  82910
t:  82920
t:  82930
t:  82940
t:  82950
t:  82960
t:  82970
t:  82980
t:  82990
t:  83000
t:  83010
t:  83020
t:  83030
t:  83040
t:  83050
t:  83060
t:  83070
t:  83080
t:  83090
t:  83100
t:  83110
t:  83120
t:  83130
t:  83140
t:  83150
t:  83160
t:  83170
t:  83180
t:  83190
t:  83200
t:  83210
t:  83220
t:  83230
t:  83240
t:  83250
t:  83260
t:  83270
t:  83280
t:  83290
t:  83300
t:  83310
t:  83320
t:  83330
t:  83340
t:  83350
t:  83360
t:  83370
t:  83380
t:  83390
t:  83400
t:  83410
t:  83420
t:  83430
t:  83440
t:  83450
t:  83460
t:  83470
t:  83480
t:  83490
t:  83500
t:  83510
t:  83520
t:  83530
t:  83540
t:  83550
t:  83560
t:  83570
t:  83580
t:  83590
t:  83600
t:  83610
t:  83620
t:  83630
t:  83640
t:  83650
t:  83660
t:  83670
t:  83680
t:  83690
t:  83700
t:  83710
t:  83720
t:  83730
t:  83740
t:  83750
t:  83760
t:  83770
t:  83780
t:  83790
t:  83800
t:  83810
t:  83820
t:  83830
t:  83840
t:  83850
t:  83860
t:  83870
t:  83880
t:  83890
t:  83900
t:  83910
t:  83920
t:  83930
t:  83940
t:  83950
t:  83960
t:  83970
t:  83980
t:  83990
t:  84000
t:  84010
t:  84020
t:  84030
t:  84040
t:  84050
t:  84060
t:  84070
t:  84080
t:  84090
t:  84100
t:  84110
t:  84120
t:  84130
t:  84140
t:  84150
t:  84160
t:  84170
t:  84180
t:  84190
t:  84200
t:  84210
t:  84220
t:  84230
t:  84240
t:  84250
t:  84260
t:  84270
t:  84280
t:  84290
t:  84300
t:  84310
t:  84320
t:  84330
t:  84340
t:  84350
t:  84360
t:  84370
t:  84380
t:  84390
t:  84400
t:  84410
t:  84420
t:  84430
t:  84440
t:  84450
t:  84460
t:  84470
t:  84480
t:  84490
t:  84500
t:  84510
t:  84520
t:  84530
t:  84540
t:  84550
t:  84560
t:  84570
t:  84580
t:  84590
t:  84600
t:  84610
t:  84620
t:  84630
t:  84640
t:  84650
t:  84660
t:  84670
t:  84680
t:  84690
t:  84700
t:  84710
t:  84720
t:  84730
t:  84740
t:  84750
t:  84760
t:  84770
t:  84780
t:  84790
t:  84800
t:  84810
t:  84820
t:  84830
t:  84840
t:  84850
t:  84860
t:  84870
t:  84880
t:  84890
t:  84900
t:  84910
t:  84920
t:  84930
t:  84940
t:  84950
t:  84960
t:  84970
t:  84980
t:  84990
t:  85000
t:  85010
t:  85020
t:  85030
t:  85040
t:  85050
t:  85060
t:  85070
t:  85080
t:  85090
t:  85100
t:  85110
t:  85120
t:  85130
t:  85140
t:  85150
t:  85160
t:  85170
t:  85180
t:  85190
t:  85200
t:  85210
t:  85220
t:  85230
t:  85240
t:  85250
t:  85260
t:  85270
t:  85280
t:  85290
t:  85300
t:  85310
t:  85320
t:  85330
t:  85340
t:  85350
t:  85360
t:  85370
t:  85380
t:  85390
t:  85400
t:  85410
t:  85420
t:  85430
t:  85440
t:  85450
t:  85460
t:  85470
t:  85480
t:  85490
t:  85500
t:  85510
t:  85520
t:  85530
t:  85540
t:  85550
t:  85560
t:  85570
t:  85580
t:  85590
t:  85600
t:  85610
t:  85620
t:  85630
t:  85640
t:  85650
t:  85660
t:  85670
t:  85680
t:  85690
t:  85700
t:  85710
t:  85720
t:  85730
t:  85740
t:  85750
t:  85760
t:  85770
t:  85780
t:  85790
t:  85800
t:  85810
t:  85820
t:  85830
t:  85840
t:  85850
t:  85860
t:  85870
t:  85880
t:  85890
t:  85900
t:  85910
t:  85920
t:  85930
t:  85940
t:  85950
t:  85960
t:  85970
t:  85980
t:  85990
t:  86000
t:  86010
t:  86020
t:  86030
t:  86040
t:  86050
t:  86060
t:  86070
t:  86080
t:  86090
t:  86100
t:  86110
t:  86120
t:  86130
t:  86140
t:  86150
t:  86160
t:  86170
t:  86180
t:  86190
t:  86200
t:  86210
t:  86220
t:  86230
t:  86240
t:  86250
t:  86260
t:  86270
t:  86280
t:  86290
t:  86300
t:  86310
t:  86320
t:  86330
t:  86340
t:  86350
t:  86360
t:  86370
t:  86380
t:  86390
Process ForkPoolWorker-1 ended at 02:32:54. Duration: 8115.18 seconds
All processes completed in 8115.22 seconds
