3.9.21 (main, Dec  5 2024, 00:00:00) 
[GCC 11.5.0 20240719 (Red Hat 11.5.0-2)]
[('09/15/2022', 500000, 'primary-maxmin', 0, 100, 10, 10, 10), ('09/15/2022', 500000, 'primary-ratesum', 0, 100, 10, 10, 10)]
slurm cores:  8
num_workers:  2
Process ForkPoolWorker-1 started at 19:15:57 with params: ('09/15/2022', 500000, 'primary-maxmin', 0, 100, 10, 10, 10)
t:  0
Process ForkPoolWorker-2 started at 19:15:57 with params: ('09/15/2022', 500000, 'primary-ratesum', 0, 100, 10, 10, 10)
t:  0
t:  10
t:  10
t:  20
t:  20
t:  30
t:  40
t:  50
t:  30
t:  60
t:  70
t:  40
t:  80
t:  90
t:  100
t:  50
t:  60
t:  70
t:  80
t:  90
t:  100
Process ForkPoolWorker-2 ended at 19:16:54. Duration: 56.72 seconds
All processes completed in 106.16 seconds
