3.9.18 (main, Oct  4 2024, 00:00:00) 
[GCC 11.4.1 20231218 (Red Hat 11.4.1-3)]
[('09/15/2022', 500000, 'primary-maxmin', 0, 100, 10, 10, 10), ('09/15/2022', 500000, 'primary-ratesum', 0, 100, 10, 10, 10)]
slurm cores:  4
num_workers:  2
Process ForkPoolWorker-2 started at 14:49:28 with params: ('09/15/2022', 500000, 'primary-ratesum', 0, 100, 10, 10, 10)
t:  0
Process ForkPoolWorker-1 started at 14:49:28 with params: ('09/15/2022', 500000, 'primary-maxmin', 0, 100, 10, 10, 10)
t:  0
t:  10
t:  10
t:  20
t:  20
t:  30
t:  40
t:  30
t:  50
t:  60
t:  40
t:  70
t:  80
t:  50
t:  90
t:  60
t:  100
t:  70
t:  80
t:  90
t:  100
Process ForkPoolWorker-2 ended at 14:51:53. Duration: 145.39 seconds
All processes completed in 206.02 seconds
