3.9.21 (main, Dec  5 2024, 00:00:00) 
[GCC 11.5.0 20240719 (Red Hat 11.5.0-2)]
[('09/15/2022', 500000, 'primary-maxmin', 0, 86399, 10, 10, 10), ('09/15/2022', 1000000, 'primary-maxmin', 0, 86399, 10, 10, 10)]
slurm cores:  8
num_workers:  2
Process ForkPoolWorker-2 started at 18:51:47 with params: ('09/15/2022', 1000000, 'primary-maxmin', 0, 86399, 10, 10, 10)
t:  0
Process ForkPoolWorker-1 started at 18:51:47 with params: ('09/15/2022', 500000, 'primary-maxmin', 0, 86399, 10, 10, 10)
t:  0
t:  10
t:  20
t:  10
t:  30
t:  40
t:  50
t:  60
t:  20
t:  70
t:  30
t:  80
t:  40
t:  90
t:  100
t:  50
t:  110
t:  120
t:  60
t:  130
t:  140
t:  70
t:  150
t:  80
t:  160
t:  170
t:  90
t:  180
t:  190
t:  100
t:  200
t:  210
t:  110
t:  220
t:  120
t:  230
t:  240
t:  250
t:  130
t:  260
t:  140
t:  270
t:  280
t:  290
t:  300
t:  150
t:  310
t:  320
t:  160
t:  330
t:  170
t:  340
t:  180
t:  190
t:  350
t:  200
t:  360
t:  210
t:  370
t:  220
t:  230
t:  240
t:  250
t:  380
t:  260
t:  390
t:  270
t:  280
t:  400
t:  410
t:  290
t:  420
t:  300
t:  430
t:  310
t:  440
t:  320
t:  450
t:  460
t:  330
t:  470
t:  480
t:  490
t:  500
t:  340
t:  510
t:  350
t:  520
t:  530
t:  540
t:  360
t:  550
t:  560
t:  370
t:  570
t:  580
t:  380
t:  590
t:  600
t:  390
t:  610
t:  400
t:  620
t:  410
t:  630
t:  640
t:  650
t:  420
t:  660
t:  430
t:  670
t:  440
t:  680
t:  450
t:  690
t:  700
t:  710
t:  460
t:  720
t:  470
t:  730
t:  740
t:  480
t:  750
t:  760
t:  770
t:  780
t:  490
t:  790
t:  800
t:  810
t:  820
t:  500
t:  830
t:  840
t:  510
t:  850
t:  520
t:  860
t:  530
t:  870
t:  540
t:  880
t:  550
t:  890
t:  560
t:  570
t:  900
t:  910
t:  580
t:  590
t:  920
t:  600
t:  930
t:  610
t:  940
t:  950
t:  620
t:  960
t:  630
t:  970
t:  640
t:  980
t:  650
t:  990
t:  1000
t:  1010
t:  660
t:  1020
t:  1030
t:  670
t:  1040
t:  1050
t:  1060
t:  1070
t:  680
t:  690
t:  1080
t:  1090
t:  700
t:  1100
t:  710
t:  1110
t:  720
t:  730
t:  1120
t:  740
t:  1130
t:  750
t:  1140
t:  1150
t:  760
t:  1160
t:  1170
t:  770
t:  1180
t:  780
t:  1190
t:  790
t:  1200
t:  800
t:  1210
t:  810
t:  1220
t:  820
t:  1230
t:  830
t:  840
t:  1240
t:  850
t:  860
t:  1250
t:  870
t:  1260
t:  880
t:  890
t:  1270
t:  900
t:  1280
t:  1290
t:  910
t:  1300
t:  1310
t:  920
t:  1320
t:  1330
t:  930
t:  1340
t:  940
t:  950
t:  1350
t:  1360
t:  960
t:  1370
t:  970
t:  1380
t:  980
t:  1390
t:  990
t:  1400
t:  1000
t:  1410
t:  1010
t:  1420
t:  1430
t:  1020
t:  1440
t:  1450
t:  1030
t:  1460
t:  1040
t:  1050
t:  1470
t:  1060
t:  1480
t:  1070
t:  1490
t:  1080
t:  1500
t:  1090
t:  1510
t:  1520
t:  1100
t:  1530
t:  1110
t:  1540
t:  1120
t:  1550
t:  1130
t:  1560
t:  1140
t:  1150
t:  1570
t:  1160
t:  1580
t:  1170
t:  1590
t:  1600
t:  1610
t:  1180
t:  1620
t:  1630
t:  1640
t:  1190
t:  1650
t:  1200
t:  1660
t:  1210
t:  1670
t:  1680
t:  1690
t:  1220
t:  1700
t:  1230
t:  1710
t:  1720
t:  1240
t:  1730
t:  1250
t:  1740
t:  1260
t:  1750
t:  1760
t:  1270
t:  1770
t:  1280
t:  1780
t:  1290
t:  1300
t:  1310
t:  1790
t:  1320
t:  1800
t:  1810
t:  1330
t:  1820
t:  1340
t:  1830
t:  1350
t:  1840
t:  1360
t:  1850
t:  1370
t:  1860
t:  1870
t:  1380
t:  1880
t:  1390
t:  1890
t:  1400
t:  1900
t:  1910
t:  1920
t:  1410
t:  1930
t:  1940
t:  1420
t:  1950
t:  1430
t:  1960
t:  1970
t:  1440
t:  1980
t:  1450
t:  1990
t:  1460
t:  2000
t:  1470
t:  2010
t:  2020
t:  1480
t:  2030
t:  1490
t:  2040
t:  2050
t:  1500
t:  2060
t:  2070
t:  1510
t:  2080
t:  1520
t:  2090
t:  2100
t:  1530
t:  2110
t:  2120
t:  1540
t:  1550
t:  2130
t:  1560
t:  1570
t:  2140
t:  2150
t:  2160
t:  1580
t:  2170
t:  2180
t:  2190
t:  2200
t:  1590
t:  2210
t:  2220
t:  2230
t:  2240
t:  1600
t:  2250
t:  2260
t:  2270
t:  1610
t:  2280
t:  2290
t:  2300
t:  1620
t:  2310
t:  1630
t:  1640
t:  2320
t:  1650
t:  2330
t:  1660
t:  2340
t:  1670
t:  2350
t:  1680
t:  2360
t:  1690
t:  2370
t:  1700
t:  1710
t:  2380
t:  1720
t:  2390
t:  1730
t:  1740
t:  2400
t:  1750
t:  2410
t:  1760
t:  2420
t:  1770
t:  2430
t:  1780
t:  2440
t:  1790
t:  2450
t:  1800
t:  2460
t:  1810
t:  2470
t:  1820
t:  2480
t:  2490
t:  1830
t:  2500
t:  2510
t:  1840
t:  2520
t:  2530
t:  1850
t:  2540
t:  1860
t:  2550
t:  1870
t:  2560
t:  1880
t:  2570
t:  1890
t:  1900
t:  2580
t:  2590
t:  1910
t:  1920
t:  2600
t:  1930
t:  2610
t:  1940
t:  2620
t:  1950
t:  1960
t:  2630
t:  1970
t:  1980
t:  2640
t:  1990
t:  2650
t:  2660
t:  2670
t:  2000
t:  2010
t:  2680
t:  2020
t:  2690
t:  2700
t:  2030
t:  2710
t:  2040
t:  2050
t:  2720
t:  2730
t:  2060
t:  2740
t:  2070
t:  2750
t:  2760
t:  2770
t:  2780
t:  2080
t:  2790
t:  2800
t:  2810
t:  2090
t:  2820
t:  2830
t:  2100
t:  2840
t:  2110
t:  2850
t:  2860
t:  2120
t:  2870
t:  2880
t:  2890
t:  2130
t:  2900
t:  2140
t:  2910
t:  2150
t:  2920
t:  2160
t:  2930
t:  2170
t:  2940
t:  2180
t:  2950
t:  2190
t:  2960
t:  2970
t:  2200
t:  2980
t:  2990
t:  3000
t:  3010
t:  2210
t:  3020
t:  3030
t:  3040
t:  2220
t:  3050
t:  3060
t:  3070
t:  3080
t:  2230
t:  3090
t:  3100
t:  2240
t:  3110
t:  2250
t:  3120
t:  2260
t:  3130
t:  2270
t:  3140
t:  2280
t:  2290
t:  3150
t:  2300
t:  3160
t:  3170
t:  2310
t:  3180
t:  2320
t:  3190
t:  3200
t:  3210
t:  2330
t:  2340
t:  2350
t:  3220
t:  2360
t:  3230
t:  2370
t:  2380
t:  3240
t:  2390
t:  3250
t:  3260
t:  2400
t:  3270
t:  3280
t:  3290
t:  2410
t:  3300
t:  2420
t:  3310
t:  3320
t:  3330
t:  2430
t:  3340
t:  3350
t:  3360
t:  2440
t:  3370
t:  3380
t:  3390
t:  2450
t:  3400
t:  3410
t:  2460
t:  3420
t:  3430
t:  2470
t:  3440
t:  3450
t:  3460
t:  2480
t:  3470
t:  3480
t:  2490
t:  3490
t:  2500
t:  3500
t:  3510
t:  2510
t:  3520
t:  2520
t:  3530
t:  3540
t:  2530
t:  3550
t:  2540
t:  3560
t:  3570
t:  3580
t:  3590
t:  3600
t:  2550
t:  3610
t:  3620
t:  3630
t:  3640
t:  2560
t:  3650
t:  3660
t:  3670
t:  3680
t:  2570
t:  3690
t:  3700
t:  3710
t:  3720
t:  3730
t:  2580
t:  3740
t:  2590
t:  3750
t:  3760
t:  2600
t:  3770
t:  2610
t:  3780
t:  2620
t:  3790
t:  3800
t:  2630
t:  3810
t:  3820
t:  2640
t:  3830
t:  3840
t:  2650
t:  3850
t:  2660
t:  3860
t:  3870
t:  2670
t:  3880
t:  2680
t:  3890
t:  3900
t:  2690
t:  3910
t:  3920
t:  3930
t:  2700
t:  3940
t:  3950
t:  2710
t:  3960
t:  3970
t:  2720
t:  3980
t:  3990
t:  2730
t:  4000
t:  2740
t:  4010
t:  2750
t:  4020
t:  4030
t:  2760
t:  4040
t:  4050
t:  2770
t:  4060
t:  4070
t:  2780
t:  4080
t:  2790
t:  4090
t:  2800
t:  4100
t:  2810
t:  4110
t:  4120
t:  2820
t:  2830
t:  4130
t:  4140
t:  2840
t:  4150
t:  2850
t:  4160
t:  2860
t:  4170
t:  4180
t:  2870
t:  4190
t:  2880
t:  4200
t:  2890
t:  4210
t:  2900
t:  4220
t:  2910
t:  4230
t:  2920
t:  4240
t:  2930
t:  4250
t:  2940
t:  4260
t:  2950
t:  4270
t:  2960
t:  2970
t:  4280
t:  2980
t:  4290
t:  2990
t:  4300
t:  3000
t:  4310
t:  3010
t:  4320
t:  4330
t:  3020
t:  4340
t:  3030
t:  4350
t:  4360
t:  3040
t:  4370
t:  4380
t:  3050
t:  4390
t:  4400
t:  3060
t:  4410
t:  4420
t:  3070
t:  4430
t:  3080
t:  4440
t:  3090
t:  4450
t:  4460
t:  3100
t:  4470
t:  3110
t:  4480
t:  3120
t:  4490
t:  3130
t:  4500
t:  3140
t:  4510
t:  3150
t:  4520
t:  3160
t:  4530
t:  3170
t:  4540
t:  3180
t:  4550
t:  4560
t:  3190
t:  4570
t:  3200
t:  4580
t:  3210
t:  4590
t:  4600
t:  4610
t:  3220
t:  4620
t:  4630
t:  4640
t:  4650
t:  3230
t:  4660
t:  3240
t:  4670
t:  4680
t:  3250
t:  4690
t:  3260
t:  4700
t:  3270
t:  4710
t:  3280
t:  4720
t:  4730
t:  3290
t:  4740
t:  4750
t:  3300
t:  4760
t:  3310
t:  4770
t:  3320
t:  4780
t:  4790
t:  3330
t:  3340
t:  4800
t:  4810
t:  3350
t:  4820
t:  3360
t:  4830
t:  3370
t:  4840
t:  3380
t:  3390
t:  4850
t:  3400
t:  3410
t:  4860
t:  3420
t:  4870
t:  3430
t:  4880
t:  3440
t:  3450
t:  4890
t:  3460
t:  4900
t:  3470
t:  4910
t:  3480
t:  4920
t:  3490
t:  3500
t:  4930
t:  3510
t:  4940
t:  3520
t:  4950
t:  3530
t:  4960
t:  3540
t:  4970
t:  3550
t:  4980
t:  3560
t:  4990
t:  3570
t:  5000
t:  3580
t:  5010
t:  3590
t:  5020
t:  5030
t:  5040
t:  5050
t:  3600
t:  5060
t:  5070
t:  5080
t:  5090
t:  3610
t:  5100
t:  3620
t:  3630
t:  5110
t:  3640
t:  3650
t:  5120
t:  3660
t:  5130
t:  3670
t:  5140
t:  5150
t:  3680
t:  5160
t:  3690
t:  5170
t:  3700
t:  5180
t:  3710
t:  5190
t:  3720
t:  5200
t:  5210
t:  3730
t:  5220
t:  3740
t:  5230
t:  5240
t:  3750
t:  5250
t:  3760
t:  5260
t:  3770
t:  5270
t:  5280
t:  3780
t:  5290
t:  5300
t:  5310
t:  5320
t:  5330
t:  5340
t:  3790
t:  5350
t:  5360
t:  5370
t:  3800
t:  5380
t:  5390
t:  3810
t:  5400
t:  3820
t:  5410
t:  5420
t:  3830
t:  3840
t:  5430
t:  5440
t:  3850
t:  3860
t:  5450
t:  3870
t:  5460
t:  3880
t:  3890
t:  3900
t:  5470
t:  3910
t:  5480
t:  3920
t:  5490
t:  3930
t:  5500
t:  3940
t:  5510
t:  5520
t:  5530
t:  3950
t:  5540
t:  3960
t:  5550
t:  3970
t:  5560
t:  5570
t:  5580
t:  3980
t:  5590
t:  5600
t:  5610
t:  3990
t:  5620
t:  5630
t:  5640
t:  5650
t:  4000
t:  5660
t:  5670
t:  4010
t:  5680
t:  5690
t:  4020
t:  5700
t:  5710
t:  5720
t:  4030
t:  5730
t:  5740
t:  4040
t:  5750
t:  4050
t:  5760
t:  4060
t:  5770
t:  5780
t:  5790
t:  4070
t:  5800
t:  4080
t:  5810
t:  4090
t:  5820
t:  5830
t:  4100
t:  5840
t:  4110
t:  5850
t:  4120
t:  5860
t:  5870
t:  4130
t:  5880
t:  5890
t:  4140
t:  5900
t:  4150
t:  5910
t:  5920
t:  4160
t:  5930
t:  5940
t:  4170
t:  5950
t:  4180
t:  5960
t:  4190
t:  5970
t:  4200
t:  5980
t:  4210
t:  4220
t:  5990
t:  4230
t:  6000
t:  4240
t:  6010
t:  4250
t:  6020
t:  4260
t:  6030
t:  4270
t:  6040
t:  4280
t:  6050
t:  4290
t:  6060
t:  4300
t:  4310
t:  6070
t:  4320
t:  6080
t:  4330
t:  6090
t:  4340
t:  6100
t:  4350
t:  6110
t:  4360
t:  6120
t:  6130
t:  6140
t:  6150
t:  4370
t:  6160
t:  6170
t:  6180
t:  6190
t:  4380
t:  6200
t:  6210
t:  6220
t:  4390
t:  6230
t:  6240
t:  6250
t:  4400
t:  6260
t:  4410
t:  6270
t:  4420
t:  6280
t:  6290
t:  4430
t:  6300
t:  6310
t:  4440
t:  6320
t:  4450
t:  6330
t:  6340
t:  4460
t:  6350
t:  4470
t:  6360
t:  4480
t:  6370
t:  6380
t:  6390
t:  4490
t:  6400
t:  6410
t:  6420
t:  4500
t:  6430
t:  6440
t:  6450
t:  4510
t:  6460
t:  6470
t:  6480
t:  6490
t:  4520
t:  6500
t:  4530
t:  6510
t:  6520
t:  6530
t:  4540
t:  6540
t:  4550
t:  6550
t:  6560
t:  4560
t:  6570
t:  6580
t:  4570
t:  6590
t:  4580
t:  6600
t:  6610
t:  6620
t:  4590
t:  6630
t:  6640
t:  6650
t:  4600
t:  6660
t:  6670
t:  4610
t:  6680
t:  4620
t:  6690
t:  6700
t:  4630
t:  6710
t:  6720
t:  6730
t:  6740
t:  4640
t:  6750
t:  6760
t:  4650
t:  6770
t:  4660
t:  6780
t:  4670
t:  6790
t:  4680
t:  6800
t:  4690
t:  6810
t:  6820
t:  6830
t:  4700
t:  6840
t:  6850
t:  4710
t:  6860
t:  4720
t:  6870
t:  4730
t:  6880
t:  4740
t:  6890
t:  6900
t:  4750
t:  6910
t:  6920
t:  4760
t:  6930
t:  6940
t:  4770
t:  6950
t:  4780
t:  6960
t:  6970
t:  6980
t:  6990
t:  7000
t:  7010
t:  7020
t:  7030
t:  4790
t:  7040
t:  7050
t:  7060
t:  7070
t:  7080
t:  4800
t:  7090
t:  4810
t:  7100
t:  4820
t:  7110
t:  4830
t:  7120
t:  4840
t:  7130
t:  7140
t:  4850
t:  7150
t:  7160
t:  4860
t:  7170
t:  7180
t:  4870
t:  7190
t:  4880
t:  7200
t:  7210
t:  4890
t:  7220
t:  4900
t:  7230
t:  4910
t:  7240
t:  4920
t:  4930
t:  7250
t:  4940
t:  7260
t:  4950
t:  7270
t:  7280
t:  4960
t:  7290
t:  7300
t:  7310
t:  4970
t:  7320
t:  4980
t:  7330
t:  7340
t:  4990
t:  7350
t:  7360
t:  5000
t:  7370
t:  5010
t:  7380
t:  5020
t:  7390
t:  7400
t:  5030
t:  7410
t:  5040
t:  7420
t:  5050
t:  7430
t:  5060
t:  7440
t:  7450
t:  5070
t:  7460
t:  5080
t:  7470
t:  5090
t:  5100
t:  7480
t:  5110
t:  7490
t:  5120
t:  7500
t:  5130
t:  5140
t:  7510
t:  7520
t:  5150
t:  7530
t:  7540
t:  7550
t:  5160
t:  7560
t:  7570
t:  7580
t:  7590
t:  7600
t:  5170
t:  7610
t:  7620
t:  7630
t:  5180
t:  7640
t:  7650
t:  7660
t:  5190
t:  7670
t:  7680
t:  5200
t:  7690
t:  7700
t:  5210
t:  7710
t:  7720
t:  5220
t:  7730
t:  7740
t:  5230
t:  7750
t:  5240
t:  7760
t:  5250
t:  7770
t:  5260
t:  7780
t:  5270
t:  7790
t:  5280
t:  7800
t:  7810
t:  5290
t:  7820
t:  5300
t:  7830
t:  7840
t:  5310
t:  7850
t:  7860
t:  5320
t:  7870
t:  7880
t:  7890
t:  7900
t:  7910
t:  5330
t:  7920
t:  7930
t:  5340
t:  7940
t:  7950
t:  5350
t:  7960
t:  7970
t:  7980
t:  5360
t:  7990
t:  5370
t:  8000
t:  8010
t:  8020
t:  8030
t:  5380
t:  8040
t:  8050
t:  8060
t:  5390
t:  8070
t:  8080
t:  8090
t:  5400
t:  8100
t:  8110
t:  5410
t:  8120
t:  8130
t:  8140
t:  5420
t:  8150
t:  8160
t:  8170
t:  5430
t:  8180
t:  8190
t:  5440
t:  8200
t:  8210
t:  5450
t:  8220
t:  8230
t:  5460
t:  8240
t:  8250
t:  5470
t:  8260
t:  5480
t:  8270
t:  8280
t:  8290
t:  5490
t:  8300
t:  8310
t:  5500
t:  8320
t:  5510
t:  8330
t:  5520
t:  8340
t:  5530
t:  5540
t:  8350
t:  5550
t:  5560
t:  8360
t:  5570
t:  8370
t:  5580
t:  8380
t:  5590
t:  8390
t:  5600
t:  8400
t:  8410
t:  8420
t:  5610
t:  8430
t:  8440
t:  5620
t:  8450
t:  5630
t:  8460
t:  8470
t:  8480
t:  5640
t:  8490
t:  8500
t:  8510
t:  8520
t:  5650
t:  5660
t:  8530
t:  8540
t:  5670
t:  8550
t:  5680
t:  8560
t:  5690
t:  8570
t:  8580
t:  5700
t:  8590
t:  5710
t:  8600
t:  5720
t:  5730
t:  8610
t:  5740
t:  8620
t:  8630
t:  8640
t:  5750
t:  8650
t:  8660
t:  8670
t:  8680
t:  5760
t:  8690
t:  8700
t:  8710
t:  5770
t:  8720
t:  5780
t:  8730
t:  8740
t:  5790
t:  8750
t:  8760
t:  8770
t:  5800
t:  8780
t:  8790
t:  8800
t:  5810
t:  8810
t:  5820
t:  8820
t:  5830
t:  8830
t:  5840
t:  8840
t:  5850
t:  8850
t:  5860
t:  8860
t:  5870
t:  5880
t:  5890
t:  8870
t:  5900
t:  5910
t:  8880
t:  5920
t:  8890
t:  5930
t:  8900
t:  5940
t:  8910
t:  5950
t:  8920
t:  8930
t:  8940
t:  5960
t:  8950
t:  8960
t:  8970
t:  5970
t:  8980
t:  8990
t:  9000
t:  9010
t:  5980
t:  9020
t:  9030
t:  9040
t:  9050
t:  9060
t:  5990
t:  9070
t:  6000
t:  9080
t:  6010
t:  9090
t:  6020
t:  9100
t:  6030
t:  6040
t:  9110
t:  6050
t:  9120
t:  6060
t:  9130
t:  6070
t:  9140
t:  6080
t:  9150
t:  6090
t:  9160
t:  9170
t:  6100
t:  9180
t:  9190
t:  6110
t:  9200
t:  6120
t:  9210
t:  6130
t:  9220
t:  6140
t:  9230
t:  6150
t:  9240
t:  6160
t:  9250
t:  6170
t:  9260
t:  9270
t:  6180
t:  9280
t:  6190
t:  9290
t:  6200
t:  9300
t:  6210
t:  9310
t:  9320
t:  9330
t:  6220
t:  9340
t:  6230
t:  9350
t:  6240
t:  6250
t:  9360
t:  9370
t:  6260
t:  9380
t:  6270
t:  9390
t:  9400
t:  6280
t:  9410
t:  9420
t:  6290
t:  9430
t:  6300
t:  9440
t:  6310
t:  9450
t:  6320
t:  9460
t:  6330
t:  9470
t:  9480
t:  6340
t:  9490
t:  9500
t:  6350
t:  9510
t:  6360
t:  9520
t:  9530
t:  6370
t:  9540
t:  9550
t:  6380
t:  9560
t:  6390
t:  9570
t:  9580
t:  9590
t:  6400
t:  9600
t:  6410
t:  9610
t:  6420
t:  9620
t:  6430
t:  9630
t:  6440
t:  6450
t:  9640
t:  6460
t:  9650
t:  6470
t:  9660
t:  9670
t:  9680
t:  6480
t:  6490
t:  9690
t:  6500
t:  6510
t:  6520
t:  9700
t:  9710
t:  6530
t:  9720
t:  9730
t:  6540
t:  9740
t:  6550
t:  9750
t:  9760
t:  9770
t:  6560
t:  9780
t:  9790
t:  6570
t:  9800
t:  9810
t:  9820
t:  9830
t:  9840
t:  9850
t:  9860
t:  6580
t:  9870
t:  9880
t:  9890
t:  6590
t:  9900
t:  9910
t:  9920
t:  6600
t:  9930
t:  6610
t:  9940
t:  9950
t:  6620
t:  9960
t:  6630
t:  6640
t:  9970
t:  6650
t:  9980
t:  6660
t:  9990
t:  10000
t:  6670
t:  10010
t:  10020
t:  6680
t:  10030
t:  10040
t:  10050
t:  6690
t:  10060
t:  6700
t:  10070
t:  6710
t:  10080
t:  10090
t:  6720
t:  10100
t:  10110
t:  10120
t:  10130
t:  6730
t:  10140
t:  6740
t:  10150
t:  6750
t:  10160
t:  10170
t:  6760
t:  10180
t:  6770
t:  10190
t:  10200
t:  6780
t:  10210
t:  6790
t:  10220
t:  6800
t:  10230
t:  6810
t:  10240
t:  6820
t:  10250
t:  6830
t:  6840
t:  10260
t:  6850
t:  6860
t:  10270
t:  6870
t:  10280
t:  6880
t:  6890
t:  6900
t:  10290
t:  6910
t:  10300
t:  6920
t:  10310
t:  10320
t:  6930
t:  10330
t:  6940
t:  10340
t:  6950
t:  10350
t:  6960
t:  10360
t:  10370
t:  6970
t:  10380
t:  10390
t:  10400
t:  6980
t:  10410
t:  10420
t:  6990
t:  10430
t:  10440
t:  10450
t:  10460
t:  10470
t:  10480
t:  7000
t:  10490
t:  10500
t:  10510
t:  10520
t:  10530
t:  7010
t:  10540
t:  7020
t:  10550
t:  7030
t:  10560
t:  7040
t:  7050
t:  10570
t:  7060
t:  10580
t:  7070
t:  10590
t:  10600
t:  7080
t:  10610
t:  10620
t:  7090
t:  10630
t:  10640
t:  7100
t:  10650
t:  10660
t:  7110
t:  10670
t:  10680
t:  7120
t:  10690
t:  10700
t:  10710
t:  10720
t:  10730
t:  7130
t:  10740
t:  10750
t:  10760
t:  7140
t:  10770
t:  10780
t:  7150
t:  10790
t:  10800
t:  7160
t:  10810
t:  10820
t:  7170
t:  10830
t:  10840
t:  7180
t:  7190
t:  10850
t:  10860
t:  7200
t:  10870
t:  10880
t:  7210
t:  10890
t:  10900
t:  10910
t:  7220
t:  7230
t:  10920
t:  10930
t:  10940
t:  7240
t:  10950
t:  7250
t:  10960
t:  10970
t:  7260
t:  10980
t:  7270
t:  10990
t:  11000
t:  7280
t:  11010
t:  7290
t:  11020
t:  7300
t:  11030
t:  7310
t:  11040
t:  7320
t:  11050
t:  7330
t:  11060
t:  7340
t:  11070
t:  11080
t:  7350
t:  7360
t:  11090
t:  11100
t:  7370
t:  11110
t:  7380
t:  11120
t:  7390
t:  11130
t:  7400
t:  11140
t:  11150
t:  7410
t:  11160
t:  11170
t:  7420
t:  11180
t:  11190
t:  7430
t:  11200
t:  11210
t:  11220
t:  11230
t:  7440
t:  11240
t:  11250
t:  11260
t:  11270
t:  7450
t:  11280
t:  11290
t:  11300
t:  11310
t:  7460
t:  11320
t:  11330
t:  7470
t:  11340
t:  11350
t:  7480
t:  11360
t:  7490
t:  11370
t:  11380
t:  7500
t:  11390
t:  11400
t:  7510
t:  11410
t:  11420
t:  11430
t:  11440
t:  7520
t:  11450
t:  7530
t:  11460
t:  7540
t:  11470
t:  11480
t:  7550
t:  7560
t:  11490
t:  7570
t:  11500
t:  7580
t:  11510
t:  7590
t:  11520
t:  7600
t:  11530
t:  11540
t:  7610
t:  11550
t:  11560
t:  11570
t:  7620
t:  11580
t:  7630
t:  11590
t:  11600
t:  7640
t:  11610
t:  7650
t:  11620
t:  7660
t:  11630
t:  7670
t:  11640
t:  11650
t:  7680
t:  11660
t:  11670
t:  7690
t:  11680
t:  11690
t:  7700
t:  11700
t:  7710
t:  7720
t:  11710
t:  7730
t:  7740
t:  11720
t:  7750
t:  7760
t:  11730
t:  7770
t:  7780
t:  11740
t:  7790
t:  11750
t:  7800
t:  11760
t:  7810
t:  11770
t:  11780
t:  7820
t:  11790
t:  11800
t:  7830
t:  11810
t:  11820
t:  11830
t:  11840
t:  11850
t:  11860
t:  11870
t:  11880
t:  11890
t:  7840
t:  11900
t:  11910
t:  7850
t:  11920
t:  7860
t:  11930
t:  7870
t:  11940
t:  11950
t:  7880
t:  11960
t:  7890
t:  11970
t:  7900
t:  11980
t:  7910
t:  11990
t:  12000
t:  12010
t:  7920
t:  12020
t:  12030
t:  12040
t:  12050
t:  12060
t:  7930
t:  12070
t:  12080
t:  12090
t:  12100
t:  7940
t:  12110
t:  12120
t:  12130
t:  12140
t:  7950
t:  12150
t:  12160
t:  7960
t:  12170
t:  12180
t:  7970
t:  12190
t:  7980
t:  12200
t:  12210
t:  7990
t:  12220
t:  12230
t:  12240
t:  12250
t:  8000
t:  12260
t:  12270
t:  8010
t:  12280
t:  8020
t:  12290
t:  8030
t:  8040
t:  12300
t:  8050
t:  12310
t:  8060
t:  8070
t:  12320
t:  8080
t:  12330
t:  8090
t:  12340
t:  12350
t:  8100
t:  12360
t:  8110
t:  12370
t:  8120
t:  12380
t:  12390
t:  12400
t:  12410
t:  8130
t:  12420
t:  12430
t:  12440
t:  8140
t:  12450
t:  12460
t:  8150
t:  12470
t:  12480
t:  12490
t:  8160
t:  12500
t:  8170
t:  12510
t:  12520
t:  8180
t:  12530
t:  8190
t:  12540
t:  8200
t:  12550
t:  8210
t:  12560
t:  12570
t:  8220
t:  12580
t:  12590
t:  12600
t:  8230
t:  12610
t:  12620
t:  8240
t:  12630
t:  8250
t:  8260
t:  12640
t:  12650
t:  8270
t:  12660
t:  12670
t:  8280
t:  12680
t:  12690
t:  8290
t:  12700
t:  8300
t:  12710
t:  12720
t:  12730
t:  8310
t:  12740
t:  12750
t:  12760
t:  8320
t:  12770
t:  8330
t:  8340
t:  12780
t:  8350
t:  12790
t:  8360
t:  12800
t:  8370
t:  12810
t:  8380
t:  12820
t:  12830
t:  12840
t:  12850
t:  8390
t:  12860
t:  8400
t:  12870
t:  8410
t:  8420
t:  12880
t:  8430
t:  12890
t:  8440
t:  12900
t:  12910
t:  8450
t:  12920
t:  8460
t:  8470
t:  12930
t:  8480
t:  12940
t:  12950
t:  12960
t:  8490
t:  12970
t:  12980
t:  12990
t:  13000
t:  13010
t:  13020
t:  13030
t:  8500
t:  13040
t:  13050
t:  13060
t:  13070
t:  13080
t:  8510
t:  13090
t:  8520
t:  13100
t:  13110
t:  8530
t:  13120
t:  13130
t:  8540
t:  13140
t:  13150
t:  8550
t:  13160
t:  13170
t:  13180
t:  8560
t:  13190
t:  13200
t:  8570
t:  13210
t:  8580
t:  13220
t:  8590
t:  13230
t:  8600
t:  13240
t:  8610
t:  13250
t:  13260
t:  8620
t:  13270
t:  8630
t:  13280
t:  8640
t:  13290
t:  13300
t:  13310
t:  8650
t:  13320
t:  13330
t:  8660
t:  13340
t:  8670
t:  13350
t:  8680
t:  13360
t:  13370
t:  8690
t:  13380
t:  13390
t:  8700
t:  13400
t:  8710
t:  13410
t:  13420
t:  8720
t:  13430
t:  8730
t:  13440
t:  13450
t:  8740
t:  13460
t:  13470
t:  13480
t:  13490
t:  8750
t:  13500
t:  13510
t:  13520
t:  8760
t:  13530
t:  13540
t:  8770
t:  13550
t:  13560
t:  8780
t:  13570
t:  8790
t:  13580
t:  13590
t:  8800
t:  13600
t:  8810
t:  13610
t:  13620
t:  13630
t:  13640
t:  8820
t:  13650
t:  13660
t:  13670
t:  8830
t:  13680
t:  13690
t:  8840
t:  13700
t:  8850
t:  13710
t:  8860
t:  13720
t:  13730
t:  13740
t:  13750
t:  13760
t:  13770
t:  13780
t:  8870
t:  13790
t:  13800
t:  13810
t:  8880
t:  13820
t:  13830
t:  13840
t:  13850
t:  13860
t:  13870
t:  8890
t:  13880
t:  13890
t:  13900
t:  8900
t:  13910
t:  13920
t:  13930
t:  8910
t:  13940
t:  13950
t:  8920
t:  13960
t:  13970
t:  13980
t:  8930
t:  13990
t:  8940
t:  8950
t:  8960
t:  14000
t:  8970
t:  8980
t:  14010
t:  8990
t:  14020
t:  9000
t:  14030
t:  9010
t:  14040
t:  9020
t:  14050
t:  9030
t:  14060
t:  9040
t:  14070
t:  9050
t:  14080
t:  14090
t:  9060
t:  14100
t:  14110
t:  9070
t:  14120
t:  9080
t:  14130
t:  14140
t:  9090
t:  14150
t:  9100
t:  14160
t:  9110
t:  14170
t:  14180
t:  9120
t:  14190
t:  9130
t:  14200
t:  9140
t:  14210
t:  9150
t:  14220
t:  14230
t:  9160
t:  14240
t:  14250
t:  9170
t:  14260
t:  9180
t:  14270
t:  9190
t:  14280
t:  14290
t:  9200
t:  14300
t:  14310
t:  9210
t:  14320
t:  9220
t:  14330
t:  14340
t:  14350
t:  9230
t:  14360
t:  14370
t:  14380
t:  14390
t:  9240
t:  14400
t:  14410
t:  9250
t:  14420
t:  14430
t:  9260
t:  14440
t:  14450
t:  9270
t:  14460
t:  14470
t:  14480
t:  14490
t:  14500
t:  9280
t:  14510
t:  9290
t:  9300
t:  14520
t:  9310
t:  14530
t:  9320
t:  14540
t:  9330
t:  14550
t:  9340
t:  14560
t:  9350
t:  14570
t:  9360
t:  9370
t:  14580
t:  9380
t:  9390
t:  14590
t:  9400
t:  14600
t:  9410
t:  14610
t:  9420
t:  14620
t:  14630
t:  14640
t:  9430
t:  14650
t:  14660
t:  14670
t:  14680
t:  9440
t:  14690
t:  14700
t:  14710
t:  9450
t:  14720
t:  9460
t:  14730
t:  9470
t:  14740
t:  9480
t:  14750
t:  9490
t:  14760
t:  9500
t:  14770
t:  9510
t:  9520
t:  14780
t:  9530
t:  14790
t:  9540
t:  14800
t:  14810
t:  9550
t:  14820
t:  14830
t:  9560
t:  14840
t:  14850
t:  9570
t:  9580
t:  14860
t:  9590
t:  14870
t:  14880
t:  9600
t:  14890
t:  9610
t:  14900
t:  9620
t:  14910
t:  9630
t:  14920
t:  9640
t:  14930
t:  14940
t:  9650
t:  14950
t:  9660
t:  14960
t:  14970
t:  9670
t:  14980
t:  14990
t:  9680
t:  9690
t:  15000
t:  15010
t:  9700
t:  15020
t:  9710
t:  15030
t:  9720
t:  15040
t:  9730
t:  15050
t:  9740
t:  15060
t:  9750
t:  15070
t:  9760
t:  9770
t:  15080
t:  9780
t:  15090
t:  15100
t:  9790
t:  15110
t:  15120
t:  9800
t:  15130
t:  15140
t:  9810
t:  15150
t:  9820
t:  15160
t:  9830
t:  15170
t:  9840
t:  15180
t:  9850
t:  15190
t:  9860
t:  15200
t:  9870
t:  15210
t:  9880
t:  15220
t:  9890
t:  15230
t:  15240
t:  15250
t:  9900
t:  15260
t:  9910
t:  15270
t:  9920
t:  15280
t:  9930
t:  15290
t:  15300
t:  9940
t:  15310
t:  15320
t:  9950
t:  15330
t:  15340
t:  9960
t:  15350
t:  9970
t:  9980
t:  15360
t:  9990
t:  10000
t:  15370
t:  15380
t:  10010
t:  15390
t:  15400
t:  10020
t:  15410
t:  10030
t:  15420
t:  15430
t:  10040
t:  15440
t:  10050
t:  15450
t:  10060
t:  15460
t:  10070
t:  15470
t:  15480
t:  15490
t:  10080
t:  15500
t:  10090
t:  15510
t:  15520
t:  10100
t:  15530
t:  15540
t:  15550
t:  10110
t:  15560
t:  15570
t:  15580
t:  10120
t:  15590
t:  15600
t:  15610
t:  10130
t:  15620
t:  10140
t:  10150
t:  15630
t:  10160
t:  15640
t:  10170
t:  15650
t:  10180
t:  15660
t:  10190
t:  15670
t:  10200
t:  15680
t:  10210
t:  10220
t:  15690
t:  15700
t:  10230
t:  10240
t:  15710
t:  10250
t:  10260
t:  15720
t:  10270
t:  15730
t:  15740
t:  10280
t:  15750
t:  10290
t:  15760
t:  15770
t:  15780
t:  15790
t:  10300
t:  15800
t:  15810
t:  15820
t:  15830
t:  10310
t:  15840
t:  10320
t:  15850
t:  10330
t:  15860
t:  10340
t:  15870
t:  10350
t:  15880
t:  10360
t:  15890
t:  10370
t:  15900
t:  10380
t:  15910
t:  10390
t:  15920
t:  10400
t:  15930
t:  10410
t:  10420
t:  15940
t:  10430
t:  15950
t:  10440
t:  15960
t:  10450
t:  15970
t:  10460
t:  10470
t:  15980
t:  10480
t:  15990
t:  16000
t:  10490
t:  16010
t:  10500
t:  16020
t:  10510
t:  16030
t:  16040
t:  10520
t:  16050
t:  16060
t:  16070
t:  10530
t:  16080
t:  10540
t:  16090
t:  10550
t:  16100
t:  16110
t:  16120
t:  10560
t:  16130
t:  16140
t:  16150
t:  10570
t:  16160
t:  16170
t:  16180
t:  10580
t:  16190
t:  10590
t:  16200
t:  16210
t:  10600
t:  16220
t:  10610
t:  16230
t:  16240
t:  10620
t:  16250
t:  16260
t:  10630
t:  16270
t:  10640
t:  16280
t:  10650
t:  16290
t:  16300
t:  16310
t:  10660
t:  16320
t:  10670
t:  10680
t:  16330
t:  10690
t:  16340
t:  10700
t:  16350
t:  16360
t:  10710
t:  16370
t:  16380
t:  16390
t:  10720
t:  16400
t:  10730
t:  16410
t:  16420
t:  16430
t:  10740
t:  16440
t:  16450
t:  10750
t:  16460
t:  16470
t:  10760
t:  16480
t:  16490
t:  16500
t:  16510
t:  16520
t:  10770
t:  16530
t:  16540
t:  10780
t:  16550
t:  16560
t:  10790
t:  16570
t:  10800
t:  16580
t:  16590
t:  16600
t:  10810
t:  16610
t:  10820
t:  16620
t:  10830
t:  16630
t:  10840
t:  16640
t:  10850
t:  16650
t:  16660
t:  10860
t:  16670
t:  10870
t:  16680
t:  10880
t:  16690
t:  10890
t:  16700
t:  10900
t:  16710
t:  16720
t:  10910
t:  16730
t:  10920
t:  16740
t:  16750
t:  10930
t:  16760
t:  10940
t:  16770
t:  10950
t:  16780
t:  10960
t:  16790
t:  10970
t:  10980
t:  16800
t:  16810
t:  10990
t:  16820
t:  11000
t:  16830
t:  16840
t:  11010
t:  16850
t:  16860
t:  11020
t:  16870
t:  16880
t:  16890
t:  11030
t:  16900
t:  16910
t:  16920
t:  11040
t:  16930
t:  16940
t:  11050
t:  16950
t:  16960
t:  11060
t:  16970
t:  11070
t:  16980
t:  16990
t:  11080
t:  17000
t:  11090
t:  17010
t:  17020
t:  17030
t:  17040
t:  11100
t:  17050
t:  11110
t:  17060
t:  17070
t:  11120
t:  17080
t:  11130
t:  17090
t:  17100
t:  11140
t:  17110
t:  17120
t:  11150
t:  17130
t:  17140
t:  11160
t:  17150
t:  17160
t:  11170
t:  17170
t:  17180
t:  11180
t:  17190
t:  17200
t:  17210
t:  11190
t:  17220
t:  11200
t:  17230
t:  11210
t:  17240
t:  11220
t:  17250
t:  11230
t:  17260
t:  11240
t:  17270
t:  11250
t:  17280
t:  11260
t:  17290
t:  11270
t:  17300
t:  11280
t:  17310
t:  11290
t:  17320
t:  11300
t:  17330
t:  11310
t:  11320
t:  17340
t:  17350
t:  11330
t:  17360
t:  11340
t:  11350
t:  17370
t:  11360
t:  11370
t:  17380
t:  11380
t:  11390
t:  17390
t:  11400
t:  11410
t:  17400
t:  11420
t:  17410
t:  11430
t:  17420
t:  11440
t:  17430
t:  17440
t:  11450
t:  17450
t:  11460
t:  17460
t:  11470
t:  17470
t:  11480
t:  11490
t:  17480
t:  17490
t:  11500
t:  17500
t:  17510
t:  11510
t:  17520
t:  11520
t:  11530
t:  17530
t:  17540
t:  11540
t:  17550
t:  11550
t:  11560
t:  17560
t:  17570
t:  11570
t:  17580
t:  11580
t:  17590
t:  11590
t:  17600
t:  17610
t:  11600
t:  17620
t:  17630
t:  11610
t:  17640
t:  17650
t:  11620
t:  17660
t:  11630
t:  17670
t:  17680
t:  11640
t:  17690
t:  11650
t:  17700
t:  11660
t:  17710
t:  11670
t:  17720
t:  11680
t:  17730
t:  17740
t:  17750
t:  17760
t:  11690
t:  17770
t:  11700
t:  17780
t:  17790
t:  11710
t:  17800
t:  17810
t:  11720
t:  17820
t:  11730
t:  17830
t:  11740
t:  17840
t:  17850
t:  17860
t:  11750
t:  17870
t:  17880
t:  11760
t:  17890
t:  17900
t:  11770
t:  17910
t:  17920
t:  11780
t:  17930
t:  17940
t:  17950
t:  17960
t:  17970
t:  17980
t:  11790
t:  17990
t:  11800
t:  18000
t:  11810
t:  18010
t:  18020
t:  18030
t:  18040
t:  11820
t:  18050
t:  18060
t:  11830
t:  18070
t:  18080
t:  18090
t:  11840
t:  18100
t:  18110
t:  11850
t:  18120
t:  18130
t:  18140
t:  11860
t:  18150
t:  11870
t:  18160
t:  18170
t:  11880
t:  18180
t:  11890
t:  18190
t:  11900
t:  18200
t:  11910
t:  18210
t:  11920
t:  18220
t:  18230
t:  11930
t:  18240
t:  11940
t:  11950
t:  11960
t:  18250
t:  11970
t:  18260
t:  11980
t:  18270
t:  11990
t:  12000
t:  18280
t:  18290
t:  12010
t:  18300
t:  12020
t:  18310
t:  12030
t:  18320
t:  12040
t:  18330
t:  12050
t:  18340
t:  18350
t:  12060
t:  18360
t:  18370
t:  12070
t:  18380
t:  18390
t:  12080
t:  18400
t:  18410
t:  18420
t:  12090
t:  18430
t:  18440
t:  18450
t:  12100
t:  18460
t:  18470
t:  12110
t:  18480
t:  12120
t:  18490
t:  18500
t:  12130
t:  18510
t:  12140
t:  18520
t:  18530
t:  12150
t:  12160
t:  18540
t:  12170
t:  18550
t:  12180
t:  18560
t:  12190
t:  18570
t:  12200
t:  18580
t:  18590
t:  12210
t:  18600
t:  18610
t:  18620
t:  12220
t:  18630
t:  18640
t:  12230
t:  18650
t:  12240
t:  18660
t:  12250
t:  18670
t:  12260
t:  18680
t:  12270
t:  18690
t:  12280
t:  18700
t:  12290
t:  18710
t:  18720
t:  12300
t:  18730
t:  12310
t:  18740
t:  12320
t:  18750
t:  12330
t:  18760
t:  12340
t:  12350
t:  18770
t:  12360
t:  12370
t:  18780
t:  18790
t:  12380
t:  18800
t:  18810
t:  12390
t:  18820
t:  18830
t:  18840
t:  12400
t:  18850
t:  18860
t:  12410
t:  18870
t:  18880
t:  18890
t:  18900
t:  12420
t:  18910
t:  12430
t:  18920
t:  12440
t:  18930
t:  12450
t:  18940
t:  12460
t:  18950
t:  12470
t:  18960
t:  12480
t:  18970
t:  18980
t:  12490
t:  18990
t:  19000
t:  19010
t:  12500
t:  19020
t:  12510
t:  19030
t:  19040
t:  12520
t:  19050
t:  12530
t:  19060
t:  12540
t:  19070
t:  12550
t:  19080
t:  12560
t:  19090
t:  12570
t:  19100
t:  12580
t:  12590
t:  19110
t:  12600
t:  19120
t:  19130
t:  19140
t:  12610
t:  19150
t:  19160
t:  12620
t:  19170
t:  12630
t:  19180
t:  12640
t:  19190
t:  12650
t:  19200
t:  19210
t:  12660
t:  19220
t:  12670
t:  19230
t:  12680
t:  19240
t:  12690
t:  19250
t:  12700
t:  19260
t:  19270
t:  12710
t:  19280
t:  19290
t:  12720
t:  19300
t:  19310
t:  12730
t:  19320
t:  12740
t:  19330
t:  12750
t:  12760
t:  19340
t:  12770
t:  19350
t:  12780
t:  19360
t:  19370
t:  12790
t:  19380
t:  19390
t:  19400
t:  12800
t:  19410
t:  19420
t:  12810
t:  19430
t:  19440
t:  19450
t:  12820
t:  19460
t:  12830
t:  19470
t:  19480
t:  19490
t:  12840
t:  19500
t:  12850
t:  19510
t:  19520
t:  12860
t:  19530
t:  19540
t:  12870
t:  19550
t:  19560
t:  12880
t:  19570
t:  19580
t:  12890
t:  19590
t:  19600
t:  12900
t:  19610
t:  12910
t:  19620
t:  19630
t:  19640
t:  12920
t:  19650
t:  19660
t:  19670
t:  12930
t:  19680
t:  19690
t:  12940
t:  19700
t:  19710
t:  12950
t:  19720
t:  19730
t:  12960
t:  19740
t:  19750
t:  12970
t:  19760
t:  19770
t:  12980
t:  19780
t:  19790
t:  19800
t:  19810
t:  12990
t:  19820
t:  19830
t:  13000
t:  19840
t:  19850
t:  13010
t:  19860
t:  19870
t:  13020
t:  19880
t:  19890
t:  13030
t:  19900
t:  19910
t:  13040
t:  19920
t:  19930
t:  19940
t:  13050
t:  19950
t:  13060
t:  19960
t:  13070
t:  19970
t:  13080
t:  13090
t:  19980
t:  13100
t:  19990
t:  13110
t:  20000
t:  20010
t:  13120
t:  13130
t:  20020
t:  20030
t:  13140
t:  20040
t:  13150
t:  20050
t:  20060
t:  13160
t:  20070
t:  20080
t:  13170
t:  20090
t:  20100
t:  13180
t:  20110
t:  13190
t:  20120
t:  13200
t:  20130
t:  13210
t:  20140
t:  13220
t:  20150
t:  13230
t:  20160
t:  13240
t:  20170
t:  13250
t:  20180
t:  20190
t:  13260
t:  20200
t:  20210
t:  13270
t:  20220
t:  20230
t:  20240
t:  13280
t:  20250
t:  13290
t:  20260
t:  20270
t:  13300
t:  20280
t:  20290
t:  13310
t:  20300
t:  20310
t:  13320
t:  20320
t:  13330
t:  20330
t:  20340
t:  13340
t:  20350
t:  20360
t:  20370
t:  13350
t:  20380
t:  20390
t:  13360
t:  20400
t:  13370
t:  20410
t:  13380
t:  20420
t:  13390
t:  20430
t:  20440
t:  13400
t:  20450
t:  13410
t:  20460
t:  13420
t:  20470
t:  13430
t:  20480
t:  13440
t:  20490
t:  13450
t:  20500
t:  13460
t:  20510
t:  13470
t:  13480
t:  20520
t:  20530
t:  13490
t:  20540
t:  13500
t:  20550
t:  13510
t:  20560
t:  13520
t:  20570
t:  13530
t:  20580
t:  13540
t:  13550
t:  20590
t:  13560
t:  20600
t:  13570
t:  20610
t:  13580
t:  20620
t:  13590
t:  20630
t:  13600
t:  20640
t:  20650
t:  13610
t:  20660
t:  20670
t:  20680
t:  13620
t:  20690
t:  20700
t:  13630
t:  20710
t:  20720
t:  13640
t:  20730
t:  13650
t:  20740
t:  13660
t:  20750
t:  20760
t:  20770
t:  13670
t:  20780
t:  13680
t:  20790
t:  20800
t:  13690
t:  20810
t:  20820
t:  20830
t:  13700
t:  20840
t:  13710
t:  20850
t:  13720
t:  20860
t:  13730
t:  20870
t:  13740
t:  20880
t:  13750
t:  13760
t:  20890
t:  13770
t:  20900
t:  13780
t:  20910
t:  13790
t:  20920
t:  13800
t:  13810
t:  20930
t:  13820
t:  20940
t:  20950
t:  13830
t:  20960
t:  20970
t:  13840
t:  20980
t:  13850
t:  20990
t:  13860
t:  21000
t:  13870
t:  21010
t:  21020
t:  13880
t:  21030
t:  13890
t:  13900
t:  21040
t:  13910
t:  21050
t:  13920
t:  21060
t:  13930
t:  21070
t:  13940
t:  21080
t:  21090
t:  13950
t:  21100
t:  21110
t:  13960
t:  13970
t:  21120
t:  21130
t:  13980
t:  21140
t:  13990
t:  21150
t:  21160
t:  21170
t:  14000
t:  21180
t:  21190
t:  21200
t:  14010
t:  21210
t:  21220
t:  21230
t:  21240
t:  14020
t:  21250
t:  21260
t:  21270
t:  21280
t:  14030
t:  21290
t:  21300
t:  14040
t:  21310
t:  21320
t:  14050
t:  21330
t:  21340
t:  14060
t:  21350
t:  21360
t:  14070
t:  21370
t:  14080
t:  21380
t:  14090
t:  14100
t:  21390
t:  14110
t:  21400
t:  14120
t:  21410
t:  14130
t:  21420
t:  14140
t:  21430
t:  14150
t:  21440
t:  21450
t:  14160
t:  21460
t:  14170
t:  21470
t:  14180
t:  21480
t:  21490
t:  14190
t:  21500
t:  14200
t:  21510
t:  14210
t:  14220
t:  21520
t:  14230
t:  21530
t:  21540
t:  14240
t:  21550
t:  14250
t:  21560
t:  14260
t:  21570
t:  14270
t:  21580
t:  14280
t:  21590
t:  14290
t:  14300
t:  21600
t:  14310
t:  21610
t:  21620
t:  14320
t:  21630
t:  21640
t:  14330
t:  21650
t:  14340
t:  21660
t:  14350
t:  21670
t:  14360
t:  21680
t:  21690
t:  14370
t:  21700
t:  14380
t:  21710
t:  14390
t:  21720
t:  14400
t:  21730
t:  21740
t:  21750
t:  14410
t:  21760
t:  21770
t:  14420
t:  21780
t:  14430
t:  14440
t:  21790
t:  14450
t:  21800
t:  14460
t:  14470
t:  21810
t:  14480
t:  21820
t:  21830
t:  14490
t:  21840
t:  14500
t:  21850
t:  14510
t:  21860
t:  21870
t:  14520
t:  21880
t:  14530
t:  21890
t:  14540
t:  21900
t:  14550
t:  14560
t:  21910
t:  14570
t:  14580
t:  21920
t:  14590
t:  21930
t:  14600
t:  21940
t:  14610
t:  14620
t:  21950
t:  14630
t:  21960
t:  21970
t:  14640
t:  21980
t:  14650
t:  21990
t:  22000
t:  22010
t:  14660
t:  22020
t:  14670
t:  22030
t:  22040
t:  22050
t:  22060
t:  14680
t:  22070
t:  22080
t:  14690
t:  22090
t:  22100
t:  22110
t:  14700
t:  22120
t:  22130
t:  22140
t:  14710
t:  22150
t:  14720
t:  22160
t:  22170
t:  14730
t:  22180
t:  22190
t:  14740
t:  22200
t:  22210
t:  14750
t:  22220
t:  14760
t:  14770
t:  14780
t:  22230
t:  14790
t:  14800
t:  22240
t:  14810
t:  14820
t:  22250
t:  14830
t:  22260
t:  14840
t:  14850
t:  22270
t:  14860
t:  22280
t:  14870
t:  22290
t:  14880
t:  22300
t:  14890
t:  22310
t:  14900
t:  22320
t:  14910
t:  22330
t:  14920
t:  22340
t:  22350
t:  14930
t:  14940
t:  22360
t:  14950
t:  22370
t:  14960
t:  14970
t:  22380
t:  14980
t:  22390
t:  14990
t:  15000
t:  15010
t:  22400
t:  15020
t:  22410
t:  15030
t:  22420
t:  22430
t:  15040
t:  22440
t:  15050
t:  22450
t:  15060
t:  22460
t:  15070
t:  22470
t:  15080
t:  22480
t:  15090
t:  22490
t:  22500
t:  15100
t:  22510
t:  15110
t:  22520
t:  22530
t:  15120
t:  22540
t:  15130
t:  22550
t:  22560
t:  15140
t:  22570
t:  22580
t:  15150
t:  22590
t:  22600
t:  15160
t:  15170
t:  22610
t:  15180
t:  22620
t:  22630
t:  15190
t:  22640
t:  15200
t:  22650
t:  15210
t:  22660
t:  15220
t:  22670
t:  22680
t:  15230
t:  15240
t:  22690
t:  15250
t:  22700
t:  15260
t:  15270
t:  22710
t:  15280
t:  22720
t:  15290
t:  15300
t:  22730
t:  15310
t:  22740
t:  15320
t:  22750
t:  15330
t:  22760
t:  15340
t:  22770
t:  15350
t:  22780
t:  22790
t:  15360
t:  22800
t:  15370
t:  22810
t:  15380
t:  22820
t:  15390
t:  22830
t:  22840
t:  22850
t:  22860
t:  15400
t:  22870
t:  22880
t:  22890
t:  22900
t:  15410
t:  22910
t:  22920
t:  15420
t:  22930
t:  22940
t:  15430
t:  22950
t:  15440
t:  22960
t:  15450
t:  22970
t:  15460
t:  22980
t:  22990
t:  15470
t:  15480
t:  23000
t:  15490
t:  23010
t:  15500
t:  23020
t:  15510
t:  23030
t:  15520
t:  15530
t:  23040
t:  15540
t:  23050
t:  15550
t:  23060
t:  15560
t:  15570
t:  23070
t:  15580
t:  15590
t:  23080
t:  15600
t:  23090
t:  15610
t:  23100
t:  15620
t:  15630
t:  23110
t:  15640
t:  23120
t:  15650
t:  23130
t:  15660
t:  23140
t:  23150
t:  15670
t:  23160
t:  15680
t:  23170
t:  15690
t:  23180
t:  15700
t:  23190
t:  15710
t:  23200
t:  15720
t:  23210
t:  15730
t:  23220
t:  15740
t:  23230
t:  23240
t:  15750
t:  23250
t:  15760
t:  23260
t:  23270
t:  15770
t:  23280
t:  23290
t:  23300
t:  15780
t:  23310
t:  23320
t:  23330
t:  23340
t:  15790
t:  23350
t:  23360
t:  23370
t:  23380
t:  15800
t:  23390
t:  23400
t:  23410
t:  23420
t:  15810
t:  23430
t:  23440
t:  15820
t:  23450
t:  15830
t:  23460
t:  15840
t:  23470
t:  15850
t:  23480
t:  15860
t:  23490
t:  15870
t:  23500
t:  15880
t:  23510
t:  23520
t:  15890
t:  23530
t:  23540
t:  15900
t:  23550
t:  23560
t:  15910
t:  23570
t:  23580
t:  23590
t:  15920
t:  23600
t:  23610
t:  23620
t:  15930
t:  23630
t:  23640
t:  15940
t:  23650
t:  23660
t:  15950
t:  15960
t:  23670
t:  15970
t:  23680
t:  15980
t:  15990
t:  23690
t:  16000
t:  23700
t:  23710
t:  16010
t:  23720
t:  23730
t:  16020
t:  23740
t:  16030
t:  23750
t:  16040
t:  23760
t:  23770
t:  16050
t:  16060
t:  23780
t:  23790
t:  16070
t:  23800
t:  23810
t:  16080
t:  23820
t:  23830
t:  16090
t:  23840
t:  16100
t:  23850
t:  16110
t:  23860
t:  16120
t:  23870
t:  16130
t:  23880
t:  23890
t:  16140
t:  23900
t:  16150
t:  23910
t:  16160
t:  23920
t:  16170
t:  23930
t:  16180
t:  23940
t:  16190
t:  23950
t:  16200
t:  23960
t:  16210
t:  23970
t:  16220
t:  23980
t:  23990
t:  16230
t:  24000
t:  16240
t:  24010
t:  16250
t:  24020
t:  24030
t:  16260
t:  24040
t:  16270
t:  24050
t:  24060
t:  24070
t:  16280
t:  24080
t:  16290
t:  24090
t:  16300
t:  24100
t:  24110
t:  16310
t:  24120
t:  24130
t:  16320
t:  24140
t:  24150
t:  16330
t:  16340
t:  24160
t:  16350
t:  24170
t:  16360
t:  16370
t:  24180
t:  16380
t:  24190
t:  24200
t:  16390
t:  24210
t:  16400
t:  16410
t:  24220
t:  16420
t:  16430
t:  24230
t:  16440
t:  24240
t:  16450
t:  24250
t:  16460
t:  24260
t:  16470
t:  24270
t:  24280
t:  24290
t:  24300
t:  16480
t:  24310
t:  24320
t:  24330
t:  16490
t:  24340
t:  24350
t:  24360
t:  16500
t:  24370
t:  24380
t:  16510
t:  24390
t:  24400
t:  16520
t:  24410
t:  24420
t:  24430
t:  24440
t:  24450
t:  16530
t:  24460
t:  24470
t:  16540
t:  24480
t:  16550
t:  24490
t:  16560
t:  24500
t:  24510
t:  16570
t:  24520
t:  16580
t:  24530
t:  16590
t:  24540
t:  16600
t:  24550
t:  24560
t:  16610
t:  24570
t:  24580
t:  16620
t:  24590
t:  24600
t:  16630
t:  24610
t:  24620
t:  24630
t:  16640
t:  24640
t:  16650
t:  24650
t:  16660
t:  16670
t:  24660
t:  16680
t:  24670
t:  16690
t:  24680
t:  16700
t:  24690
t:  24700
t:  16710
t:  24710
t:  16720
t:  24720
t:  24730
t:  16730
t:  24740
t:  16740
t:  24750
t:  24760
t:  16750
t:  24770
t:  24780
t:  16760
t:  16770
t:  24790
t:  24800
t:  24810
t:  24820
t:  24830
t:  16780
t:  24840
t:  16790
t:  24850
t:  16800
t:  24860
t:  24870
t:  16810
t:  24880
t:  24890
t:  24900
t:  16820
t:  24910
t:  24920
t:  16830
t:  24930
t:  24940
t:  16840
t:  24950
t:  24960
t:  16850
t:  24970
t:  24980
t:  16860
t:  24990
t:  25000
t:  16870
t:  25010
t:  25020
t:  16880
t:  25030
t:  25040
t:  16890
t:  25050
t:  16900
t:  16910
t:  25060
t:  16920
t:  16930
t:  25070
t:  25080
t:  16940
t:  25090
t:  16950
t:  25100
t:  16960
t:  25110
t:  25120
t:  16970
t:  25130
t:  16980
t:  25140
t:  16990
t:  25150
t:  17000
t:  25160
t:  17010
t:  25170
t:  17020
t:  25180
t:  17030
t:  25190
t:  25200
t:  25210
t:  17040
t:  25220
t:  17050
t:  25230
t:  25240
t:  25250
t:  17060
t:  25260
t:  25270
t:  17070
t:  25280
t:  17080
t:  25290
t:  17090
t:  25300
t:  17100
t:  25310
t:  17110
t:  25320
t:  17120
t:  25330
t:  17130
t:  25340
t:  17140
t:  17150
t:  25350
t:  17160
t:  25360
t:  17170
t:  25370
t:  17180
t:  17190
t:  25380
t:  17200
t:  25390
t:  17210
t:  25400
t:  25410
t:  17220
t:  25420
t:  17230
t:  25430
t:  17240
t:  25440
t:  17250
t:  17260
t:  25450
t:  17270
t:  17280
t:  25460
t:  17290
t:  25470
t:  17300
t:  25480
t:  17310
t:  25490
t:  17320
t:  25500
t:  17330
t:  25510
t:  25520
t:  25530
t:  17340
t:  25540
t:  25550
t:  17350
t:  25560
t:  25570
t:  17360
t:  25580
t:  25590
t:  25600
t:  17370
t:  25610
t:  17380
t:  25620
t:  25630
t:  25640
t:  17390
t:  25650
t:  25660
t:  17400
t:  25670
t:  17410
t:  25680
t:  17420
t:  25690
t:  17430
t:  25700
t:  17440
t:  17450
t:  25710
t:  17460
t:  25720
t:  17470
t:  25730
t:  17480
t:  25740
t:  25750
t:  17490
t:  25760
t:  25770
t:  17500
t:  25780
t:  17510
t:  25790
t:  25800
t:  25810
t:  17520
t:  25820
t:  17530
t:  25830
t:  17540
t:  25840
t:  17550
t:  25850
t:  17560
t:  25860
t:  25870
t:  17570
t:  25880
t:  17580
t:  25890
t:  17590
t:  25900
t:  17600
t:  25910
t:  17610
t:  25920
t:  17620
t:  25930
t:  25940
t:  17630
t:  25950
t:  25960
t:  17640
t:  25970
t:  17650
t:  25980
t:  17660
t:  25990
t:  17670
t:  26000
t:  17680
t:  26010
t:  17690
t:  26020
t:  26030
t:  17700
t:  26040
t:  26050
t:  17710
t:  26060
t:  17720
t:  26070
t:  17730
t:  26080
t:  17740
t:  26090
t:  26100
t:  26110
t:  26120
t:  17750
t:  26130
t:  17760
t:  26140
t:  17770
t:  17780
t:  26150
t:  26160
t:  26170
t:  17790
t:  26180
t:  26190
t:  17800
t:  26200
t:  17810
t:  26210
t:  26220
t:  17820
t:  26230
t:  17830
t:  26240
t:  17840
t:  26250
t:  17850
t:  26260
t:  17860
t:  26270
t:  17870
t:  26280
t:  26290
t:  26300
t:  17880
t:  26310
t:  17890
t:  26320
t:  26330
t:  17900
t:  17910
t:  26340
t:  26350
t:  17920
t:  26360
t:  17930
t:  26370
t:  17940
t:  17950
t:  26380
t:  17960
t:  26390
t:  17970
t:  26400
t:  17980
t:  26410
t:  17990
t:  26420
t:  18000
t:  26430
t:  18010
t:  18020
t:  18030
t:  26440
t:  18040
t:  26450
t:  18050
t:  26460
t:  26470
t:  18060
t:  26480
t:  26490
t:  18070
t:  26500
t:  18080
t:  26510
t:  18090
t:  26520
t:  26530
t:  26540
t:  26550
t:  26560
t:  18100
t:  26570
t:  18110
t:  26580
t:  18120
t:  26590
t:  18130
t:  18140
t:  26600
t:  18150
t:  26610
t:  18160
t:  18170
t:  26620
t:  18180
t:  26630
t:  18190
t:  26640
t:  18200
t:  26650
t:  18210
t:  26660
t:  18220
t:  26670
t:  18230
t:  26680
t:  18240
t:  26690
t:  18250
t:  26700
t:  18260
t:  26710
t:  26720
t:  18270
t:  26730
t:  18280
t:  26740
t:  26750
t:  18290
t:  26760
t:  18300
t:  26770
t:  18310
t:  26780
t:  18320
t:  26790
t:  18330
t:  26800
t:  18340
t:  26810
t:  26820
t:  18350
t:  26830
t:  26840
t:  26850
t:  26860
t:  18360
t:  26870
t:  26880
t:  26890
t:  18370
t:  26900
t:  26910
t:  18380
t:  26920
t:  26930
t:  18390
t:  26940
t:  18400
t:  26950
t:  18410
t:  26960
t:  26970
t:  18420
t:  26980
t:  18430
t:  26990
t:  18440
t:  27000
t:  27010
t:  18450
t:  18460
t:  27020
t:  18470
t:  27030
t:  18480
t:  18490
t:  27040
t:  18500
t:  27050
t:  18510
t:  27060
t:  18520
t:  27070
t:  27080
t:  18530
t:  27090
t:  27100
t:  27110
t:  18540
t:  27120
t:  27130
t:  18550
t:  27140
t:  18560
t:  27150
t:  18570
t:  27160
t:  27170
t:  27180
t:  18580
t:  27190
t:  27200
t:  27210
t:  18590
t:  27220
t:  27230
t:  27240
t:  18600
t:  27250
t:  18610
t:  27260
t:  18620
t:  18630
t:  27270
t:  18640
t:  27280
t:  18650
t:  27290
t:  18660
t:  27300
t:  18670
t:  18680
t:  27310
t:  27320
t:  18690
t:  27330
t:  18700
t:  18710
t:  27340
t:  18720
t:  27350
t:  18730
t:  27360
t:  18740
t:  27370
t:  18750
t:  27380
t:  18760
t:  27390
t:  18770
t:  27400
t:  27410
t:  18780
t:  27420
t:  18790
t:  27430
t:  18800
t:  27440
t:  18810
t:  27450
t:  18820
t:  27460
t:  18830
t:  27470
t:  18840
t:  18850
t:  27480
t:  18860
t:  27490
t:  18870
t:  27500
t:  18880
t:  27510
t:  18890
t:  27520
t:  18900
t:  27530
t:  18910
t:  18920
t:  27540
t:  18930
t:  27550
t:  18940
t:  27560
t:  18950
t:  27570
t:  18960
t:  27580
t:  18970
t:  27590
t:  18980
t:  27600
t:  18990
t:  27610
t:  19000
t:  27620
t:  19010
t:  27630
t:  27640
t:  19020
t:  27650
t:  19030
t:  27660
t:  19040
t:  27670
t:  19050
t:  27680
t:  27690
t:  19060
t:  27700
t:  19070
t:  27710
t:  19080
t:  27720
t:  19090
t:  27730
t:  19100
t:  27740
t:  27750
t:  19110
t:  19120
t:  27760
t:  19130
t:  27770
t:  19140
t:  27780
t:  19150
t:  27790
t:  27800
t:  27810
t:  27820
t:  27830
t:  27840
t:  19160
t:  27850
t:  19170
t:  27860
t:  27870
t:  27880
t:  19180
t:  27890
t:  27900
t:  27910
t:  19190
t:  27920
t:  19200
t:  27930
t:  19210
t:  27940
t:  19220
t:  27950
t:  19230
t:  27960
t:  27970
t:  19240
t:  27980
t:  19250
t:  27990
t:  28000
t:  28010
t:  19260
t:  28020
t:  28030
t:  28040
t:  19270
t:  28050
t:  28060
t:  28070
t:  19280
t:  28080
t:  28090
t:  19290
t:  28100
t:  19300
t:  28110
t:  19310
t:  28120
t:  19320
t:  28130
t:  19330
t:  19340
t:  28140
t:  19350
t:  28150
t:  19360
t:  28160
t:  19370
t:  28170
t:  19380
t:  28180
t:  19390
t:  28190
t:  19400
t:  19410
t:  28200
t:  19420
t:  28210
t:  19430
t:  28220
t:  19440
t:  28230
t:  19450
t:  28240
t:  28250
t:  19460
t:  28260
t:  28270
t:  19470
t:  28280
t:  28290
t:  28300
t:  19480
t:  28310
t:  28320
t:  19490
t:  28330
t:  19500
t:  28340
t:  28350
t:  19510
t:  28360
t:  19520
t:  19530
t:  28370
t:  19540
t:  28380
t:  19550
t:  28390
t:  19560
t:  28400
t:  19570
t:  28410
t:  19580
t:  28420
t:  28430
t:  19590
t:  28440
t:  28450
t:  28460
t:  19600
t:  28470
t:  28480
t:  28490
t:  19610
t:  28500
t:  28510
t:  28520
t:  19620
t:  28530
t:  28540
t:  28550
t:  28560
t:  19630
t:  28570
t:  19640
t:  28580
t:  19650
t:  28590
t:  19660
t:  28600
t:  19670
t:  19680
t:  28610
t:  19690
t:  19700
t:  28620
t:  19710
t:  28630
t:  19720
t:  28640
t:  19730
t:  19740
t:  28650
t:  19750
t:  28660
t:  28670
t:  19760
t:  28680
t:  19770
t:  28690
t:  28700
t:  19780
t:  28710
t:  28720
t:  28730
t:  28740
t:  19790
t:  28750
t:  28760
t:  19800
t:  28770
t:  28780
t:  19810
t:  28790
t:  28800
t:  19820
t:  28810
t:  28820
t:  28830
t:  19830
t:  28840
t:  19840
t:  28850
t:  28860
t:  28870
t:  19850
t:  28880
t:  28890
t:  19860
t:  28900
t:  19870
t:  28910
t:  28920
t:  28930
t:  28940
t:  19880
t:  28950
t:  19890
t:  28960
t:  28970
t:  28980
t:  19900
t:  28990
t:  29000
t:  29010
t:  19910
t:  29020
t:  29030
t:  29040
t:  29050
t:  19920
t:  29060
t:  19930
t:  29070
t:  29080
t:  19940
t:  29090
t:  29100
t:  19950
t:  29110
t:  29120
t:  29130
t:  29140
t:  29150
t:  19960
t:  29160
t:  29170
t:  29180
t:  19970
t:  29190
t:  29200
t:  29210
t:  19980
t:  29220
t:  19990
t:  29230
t:  20000
t:  29240
t:  20010
t:  29250
t:  20020
t:  20030
t:  29260
t:  20040
t:  20050
t:  20060
t:  29270
t:  20070
t:  29280
t:  20080
t:  29290
t:  20090
t:  29300
t:  20100
t:  20110
t:  29310
t:  20120
t:  29320
t:  20130
t:  29330
t:  29340
t:  20140
t:  29350
t:  29360
t:  20150
t:  29370
t:  20160
t:  29380
t:  20170
t:  29390
t:  20180
t:  29400
t:  20190
t:  29410
t:  20200
t:  29420
t:  20210
t:  20220
t:  29430
t:  29440
t:  20230
t:  29450
t:  20240
t:  29460
t:  20250
t:  29470
t:  20260
t:  29480
t:  20270
t:  20280
t:  29490
t:  20290
t:  29500
t:  20300
t:  29510
t:  20310
t:  29520
t:  20320
t:  29530
t:  20330
t:  29540
t:  20340
t:  29550
t:  20350
t:  29560
t:  29570
t:  20360
t:  29580
t:  20370
t:  29590
t:  20380
t:  29600
t:  20390
t:  29610
t:  20400
t:  29620
t:  20410
t:  29630
t:  20420
t:  20430
t:  29640
t:  29650
t:  20440
t:  29660
t:  20450
t:  29670
t:  20460
t:  29680
t:  29690
t:  29700
t:  20470
t:  29710
t:  20480
t:  29720
t:  29730
t:  20490
t:  29740
t:  29750
t:  20500
t:  29760
t:  20510
t:  29770
t:  29780
t:  29790
t:  20520
t:  29800
t:  20530
t:  20540
t:  29810
t:  29820
t:  20550
t:  29830
t:  29840
t:  20560
t:  29850
t:  20570
t:  29860
t:  20580
t:  29870
t:  20590
t:  29880
t:  20600
t:  29890
t:  20610
t:  29900
t:  29910
t:  29920
t:  20620
t:  29930
t:  29940
t:  20630
t:  29950
t:  20640
t:  29960
t:  20650
t:  29970
t:  20660
t:  29980
t:  29990
t:  20670
t:  30000
t:  20680
t:  30010
t:  20690
t:  30020
t:  30030
t:  20700
t:  30040
t:  30050
t:  30060
t:  20710
t:  30070
t:  30080
t:  20720
t:  30090
t:  20730
t:  30100
t:  20740
t:  20750
t:  30110
t:  20760
t:  30120
t:  20770
t:  30130
t:  30140
t:  20780
t:  30150
t:  30160
t:  30170
t:  20790
t:  20800
t:  30180
t:  30190
t:  20810
t:  30200
t:  30210
t:  20820
t:  30220
t:  20830
t:  30230
t:  20840
t:  30240
t:  20850
t:  30250
t:  30260
t:  30270
t:  20860
t:  30280
t:  20870
t:  30290
t:  20880
t:  30300
t:  20890
t:  30310
t:  20900
t:  30320
t:  30330
t:  30340
t:  20910
t:  30350
t:  20920
t:  30360
t:  30370
t:  20930
t:  30380
t:  30390
t:  20940
t:  30400
t:  20950
t:  30410
t:  20960
t:  30420
t:  20970
t:  30430
t:  30440
t:  20980
t:  30450
t:  20990
t:  30460
t:  21000
t:  30470
t:  21010
t:  30480
t:  21020
t:  21030
t:  30490
t:  21040
t:  30500
t:  21050
t:  30510
t:  21060
t:  30520
t:  21070
t:  30530
t:  21080
t:  30540
t:  30550
t:  21090
t:  30560
t:  21100
t:  30570
t:  30580
t:  30590
t:  30600
t:  21110
t:  30610
t:  21120
t:  30620
t:  30630
t:  30640
t:  21130
t:  30650
t:  30660
t:  21140
t:  30670
t:  30680
t:  30690
t:  21150
t:  30700
t:  30710
t:  30720
t:  30730
t:  30740
t:  21160
t:  30750
t:  21170
t:  30760
t:  30770
t:  21180
t:  30780
t:  21190
t:  30790
t:  21200
t:  30800
t:  21210
t:  30810
t:  21220
t:  30820
t:  21230
t:  30830
t:  21240
t:  30840
t:  21250
t:  21260
t:  30850
t:  21270
t:  21280
t:  30860
t:  21290
t:  30870
t:  21300
t:  30880
t:  21310
t:  30890
t:  21320
t:  30900
t:  21330
t:  30910
t:  21340
t:  30920
t:  21350
t:  30930
t:  21360
t:  30940
t:  30950
t:  30960
t:  21370
t:  30970
t:  30980
t:  30990
t:  21380
t:  21390
t:  31000
t:  21400
t:  21410
t:  31010
t:  21420
t:  31020
t:  21430
t:  31030
t:  31040
t:  31050
t:  21440
t:  31060
t:  31070
t:  31080
t:  21450
t:  31090
t:  21460
t:  31100
t:  31110
t:  21470
t:  31120
t:  31130
t:  21480
t:  21490
t:  31140
t:  31150
t:  21500
t:  31160
t:  31170
t:  31180
t:  31190
t:  21510
t:  31200
t:  31210
t:  21520
t:  31220
t:  21530
t:  31230
t:  31240
t:  21540
t:  31250
t:  21550
t:  31260
t:  21560
t:  31270
t:  21570
t:  21580
t:  31280
t:  21590
t:  21600
t:  31290
t:  21610
t:  31300
t:  21620
t:  31310
t:  21630
t:  31320
t:  21640
t:  31330
t:  21650
t:  31340
t:  21660
t:  31350
t:  21670
t:  21680
t:  31360
t:  21690
t:  31370
t:  21700
t:  31380
t:  21710
t:  31390
t:  21720
t:  31400
t:  21730
t:  31410
t:  21740
t:  31420
t:  21750
t:  31430
t:  31440
t:  21760
t:  31450
t:  31460
t:  21770
t:  31470
t:  31480
t:  31490
t:  21780
t:  31500
t:  31510
t:  21790
t:  31520
t:  21800
t:  31530
t:  31540
t:  21810
t:  31550
t:  21820
t:  31560
t:  21830
t:  31570
t:  21840
t:  31580
t:  21850
t:  31590
t:  21860
t:  31600
t:  21870
t:  31610
t:  21880
t:  31620
t:  21890
t:  31630
t:  21900
t:  31640
t:  31650
t:  21910
t:  21920
t:  31660
t:  31670
t:  21930
t:  31680
t:  21940
t:  31690
t:  21950
t:  31700
t:  31710
t:  21960
t:  31720
t:  31730
t:  21970
t:  31740
t:  21980
t:  31750
t:  21990
t:  31760
t:  22000
t:  31770
t:  22010
t:  31780
t:  22020
t:  31790
t:  31800
t:  22030
t:  31810
t:  22040
t:  31820
t:  22050
t:  22060
t:  31830
t:  22070
t:  31840
t:  31850
t:  31860
t:  22080
t:  31870
t:  31880
t:  22090
t:  31890
t:  31900
t:  22100
t:  31910
t:  31920
t:  22110
t:  31930
t:  31940
t:  22120
t:  31950
t:  22130
t:  31960
t:  22140
t:  31970
t:  22150
t:  31980
t:  22160
t:  31990
t:  22170
t:  32000
t:  22180
t:  32010
t:  22190
t:  32020
t:  22200
t:  22210
t:  22220
t:  32030
t:  22230
t:  32040
t:  32050
t:  32060
t:  22240
t:  32070
t:  22250
t:  32080
t:  22260
t:  22270
t:  32090
t:  22280
t:  32100
t:  22290
t:  32110
t:  22300
t:  32120
t:  22310
t:  32130
t:  22320
t:  32140
t:  22330
t:  32150
t:  22340
t:  32160
t:  22350
t:  32170
t:  32180
t:  22360
t:  32190
t:  32200
t:  22370
t:  32210
t:  22380
t:  32220
t:  22390
t:  32230
t:  22400
t:  32240
t:  22410
t:  32250
t:  22420
t:  32260
t:  32270
t:  32280
t:  32290
t:  22430
t:  32300
t:  22440
t:  32310
t:  22450
t:  32320
t:  32330
t:  32340
t:  22460
t:  32350
t:  22470
t:  32360
t:  22480
t:  32370
t:  22490
t:  32380
t:  22500
t:  32390
t:  22510
t:  32400
t:  22520
t:  32410
t:  22530
t:  32420
t:  32430
t:  32440
t:  22540
t:  32450
t:  32460
t:  32470
t:  22550
t:  32480
t:  32490
t:  32500
t:  22560
t:  32510
t:  32520
t:  22570
t:  32530
t:  32540
t:  22580
t:  32550
t:  22590
t:  32560
t:  22600
t:  22610
t:  32570
t:  22620
t:  22630
t:  32580
t:  22640
t:  32590
t:  32600
t:  32610
t:  22650
t:  32620
t:  22660
t:  32630
t:  22670
t:  32640
t:  22680
t:  32650
t:  22690
t:  32660
t:  32670
t:  32680
t:  32690
t:  32700
t:  22700
t:  32710
t:  32720
t:  22710
t:  32730
t:  32740
t:  22720
t:  32750
t:  32760
t:  22730
t:  32770
t:  32780
t:  22740
t:  32790
t:  22750
t:  32800
t:  32810
t:  22760
t:  32820
t:  32830
t:  22770
t:  32840
t:  32850
t:  32860
t:  22780
t:  32870
t:  32880
t:  22790
t:  22800
t:  32890
t:  32900
t:  22810
t:  32910
t:  22820
t:  32920
t:  32930
t:  22830
t:  32940
t:  32950
t:  32960
t:  32970
t:  22840
t:  32980
t:  32990
t:  22850
t:  33000
t:  33010
t:  22860
t:  33020
t:  33030
t:  22870
t:  33040
t:  22880
t:  33050
t:  22890
t:  33060
t:  22900
t:  33070
t:  33080
t:  22910
t:  33090
t:  33100
t:  22920
t:  33110
t:  22930
t:  33120
t:  22940
t:  22950
t:  33130
t:  22960
t:  33140
t:  22970
t:  33150
t:  22980
t:  33160
t:  22990
t:  33170
t:  23000
t:  33180
t:  33190
t:  23010
t:  33200
t:  33210
t:  23020
t:  33220
t:  33230
t:  23030
t:  33240
t:  23040
t:  33250
t:  33260
t:  23050
t:  33270
t:  33280
t:  33290
t:  23060
t:  33300
t:  33310
t:  23070
t:  33320
t:  23080
t:  33330
t:  33340
t:  23090
t:  33350
t:  33360
t:  23100
t:  33370
t:  33380
t:  23110
t:  33390
t:  23120
t:  33400
t:  33410
t:  33420
t:  33430
t:  23130
t:  33440
t:  33450
t:  23140
t:  33460
t:  23150
t:  33470
t:  23160
t:  33480
t:  23170
t:  33490
t:  33500
t:  23180
t:  23190
t:  33510
t:  23200
t:  33520
t:  23210
t:  33530
t:  23220
t:  33540
t:  23230
t:  33550
t:  23240
t:  33560
t:  23250
t:  33570
t:  23260
t:  33580
t:  23270
t:  33590
t:  33600
t:  23280
t:  33610
t:  23290
t:  33620
t:  33630
t:  23300
t:  33640
t:  23310
t:  33650
t:  33660
t:  23320
t:  33670
t:  23330
t:  33680
t:  33690
t:  23340
t:  33700
t:  23350
t:  33710
t:  23360
t:  33720
t:  33730
t:  23370
t:  33740
t:  23380
t:  33750
t:  33760
t:  33770
t:  23390
t:  33780
t:  33790
t:  23400
t:  33800
t:  33810
t:  23410
t:  33820
t:  23420
t:  33830
t:  23430
t:  33840
t:  33850
t:  23440
t:  33860
t:  33870
t:  23450
t:  33880
t:  23460
t:  33890
t:  23470
t:  23480
t:  33900
t:  23490
t:  23500
t:  33910
t:  23510
t:  33920
t:  23520
t:  33930
t:  23530
t:  33940
t:  23540
t:  33950
t:  23550
t:  33960
t:  33970
t:  23560
t:  33980
t:  23570
t:  33990
t:  23580
t:  34000
t:  23590
t:  34010
t:  34020
t:  23600
t:  34030
t:  34040
t:  23610
t:  34050
t:  34060
t:  23620
t:  34070
t:  34080
t:  34090
t:  23630
t:  34100
t:  34110
t:  34120
t:  34130
t:  23640
t:  34140
t:  34150
t:  34160
t:  23650
t:  34170
t:  34180
t:  23660
t:  34190
t:  34200
t:  34210
t:  23670
t:  34220
t:  34230
t:  34240
slurmstepd-chpc038: error: *** JOB 4643440 ON chpc038 CANCELLED AT 2025-03-03T18:51:44 DUE TO TIME LIMIT ***
